15:51:40 `Sheep`19999045 missed {
 is already Found: false).
 Position: LorenzVec(x=-40.5, y=98.0, z=53.5)
 DistanceC: 15.568713441895177
Relative Position: LorenzVec(x=-12.176446055933528, y=0.0, z=15.568713441895177)
 }
15:51:40 `Sheep`19995119 missed {
 is already Found: false).
 Position: LorenzVec(x=-43.5, y=98.0, z=43.5)
 DistanceC: 15.176446055933528
Relative Position: LorenzVec(x=-15.176446055933528, y=0.0, z=5.568713441895177)
 }
15:51:40 `Sheep`19995120 missed {
 is already Found: false).
 Position: LorenzVec(x=-43.5, y=98.0, z=43.5)
 DistanceC: 15.176446055933528
Relative Position: LorenzVec(x=-15.176446055933528, y=0.0, z=5.568713441895177)
 }
15:51:40 `Sheep`20006660 missed {
 is already Found: false).
 Position: LorenzVec(x=-43.5, y=98.0, z=36.5)
 DistanceC: 15.176446055933528
Relative Position: LorenzVec(x=-15.176446055933528, y=0.0, z=-1.4312865581048229)
 }
15:51:40 `Sheep`19995106 missed {
 is already Found: false).
 Position: LorenzVec(x=-41.5, y=98.0, z=55.5)
 DistanceC: 17.568713441895177
Relative Position: LorenzVec(x=-13.176446055933528, y=0.0, z=17.568713441895177)
 }
15:51:40 `Sheep`19995107 missed {
 is already Found: false).
 Position: LorenzVec(x=-41.5, y=98.0, z=55.5)
 DistanceC: 17.568713441895177
Relative Position: LorenzVec(x=-13.176446055933528, y=0.0, z=17.568713441895177)
 }
15:51:40 `Sheep`19995096 missed {
 is already Found: false).
 Position: LorenzVec(x=-45.5, y=98.0, z=50.5)
 DistanceC: 17.17644605593353
Relative Position: LorenzVec(x=-17.17644605593353, y=0.0, z=12.568713441895177)
 }
15:51:40 `Sheep`19995097 missed {
 is already Found: false).
 Position: LorenzVec(x=-45.5, y=98.0, z=47.21875)
 DistanceC: 17.17644605593353
Relative Position: LorenzVec(x=-17.17644605593353, y=0.0, z=9.287463441895177)
 }
15:51:40 `Sheep`19995098 missed {
 is already Found: false).
 Position: LorenzVec(x=-45.5, y=98.0, z=50.5)
 DistanceC: 17.17644605593353
Relative Position: LorenzVec(x=-17.17644605593353, y=0.0, z=12.568713441895177)
 }
15:51:40 `Sheep`19995115 missed {
 is already Found: false).
 Position: LorenzVec(x=-45.5, y=98.0, z=34.5)
 DistanceC: 17.17644605593353
Relative Position: LorenzVec(x=-17.17644605593353, y=0.0, z=-3.431286558104823)
 }
15:51:40 `Sheep`19995116 missed {
 is already Found: false).
 Position: LorenzVec(x=-45.5, y=98.0, z=34.5)
 DistanceC: 17.17644605593353
Relative Position: LorenzVec(x=-17.17644605593353, y=0.0, z=-3.431286558104823)
 }
15:51:40 `Sheep`20005275 missed {
 is already Found: false).
 Position: LorenzVec(x=-45.5, y=98.0, z=38.5)
 DistanceC: 17.17644605593353
Relative Position: LorenzVec(x=-17.17644605593353, y=0.0, z=0.5687134418951771)
 }
15:51:40 `Sheep`20006301 missed {
 is already Found: false).
 Position: LorenzVec(x=-46.5, y=98.0, z=55.5)
 DistanceC: 18.17644605593353
Relative Position: LorenzVec(x=-18.17644605593353, y=0.0, z=17.568713441895177)
 }
15:51:40 `Sheep`19995101 missed {
 is already Found: false).
 Position: LorenzVec(x=-47.5, y=98.0, z=42.5)
 DistanceC: 19.17644605593353
Relative Position: LorenzVec(x=-19.17644605593353, y=0.0, z=4.568713441895177)
 }
15:51:40 `Sheep`19995102 missed {
 is already Found: false).
 Position: LorenzVec(x=-47.5, y=98.0, z=42.5)
 DistanceC: 19.17644605593353
Relative Position: LorenzVec(x=-19.17644605593353, y=0.0, z=4.568713441895177)
 }
15:51:40 `Sheep`19995103 missed {
 is already Found: false).
 Position: LorenzVec(x=-47.5, y=98.0, z=42.5)
 DistanceC: 19.17644605593353
Relative Position: LorenzVec(x=-19.17644605593353, y=0.0, z=4.568713441895177)
 }
15:51:40 `Sheep`19995091 missed {
 is already Found: false).
 Position: LorenzVec(x=-48.5, y=98.0, z=52.5)
 DistanceC: 20.17644605593353
Relative Position: LorenzVec(x=-20.17644605593353, y=0.0, z=14.568713441895177)
 }
15:51:40 `Sheep`19995092 missed {
 is already Found: false).
 Position: LorenzVec(x=-46.25, y=98.0, z=52.5625)
 DistanceC: 17.92644605593353
Relative Position: LorenzVec(x=-17.92644605593353, y=0.0, z=14.631213441895177)
 }
15:51:40 `Sheep`19995093 missed {
 is already Found: false).
 Position: LorenzVec(x=-48.5, y=98.0, z=52.5)
 DistanceC: 20.17644605593353
Relative Position: LorenzVec(x=-20.17644605593353, y=0.0, z=14.568713441895177)
 }
15:51:40 `Sheep`19998719 missed {
 is already Found: false).
 Position: LorenzVec(x=-48.5, y=98.0, z=35.5)
 DistanceC: 20.17644605593353
Relative Position: LorenzVec(x=-20.17644605593353, y=0.0, z=-2.431286558104823)
 }
15:51:40 `Sheep`20006008 missed {
 is already Found: false).
 Position: LorenzVec(x=-46.125, y=98.0, z=44.1875)
 DistanceC: 17.80144605593353
Relative Position: LorenzVec(x=-17.80144605593353, y=0.0, z=6.256213441895177)
 }
15:51:40 `Sheep`20006323 missed {
 is already Found: false).
 Position: LorenzVec(x=-48.5, y=98.0, z=47.5)
 DistanceC: 20.17644605593353
Relative Position: LorenzVec(x=-20.17644605593353, y=0.0, z=9.568713441895177)
 }
15:51:40 `Sheep`19999289 missed {
 is already Found: false).
 Position: LorenzVec(x=-49.5, y=98.0, z=43.5)
 DistanceC: 21.17644605593353
Relative Position: LorenzVec(x=-21.17644605593353, y=0.0, z=5.568713441895177)
 }
15:51:40 `Sheep`19999581 missed {
 is already Found: false).
 Position: LorenzVec(x=-49.5, y=98.0, z=54.5)
 DistanceC: 21.17644605593353
Relative Position: LorenzVec(x=-21.17644605593353, y=0.0, z=16.568713441895177)
 }
15:51:40 `Sheep`19999590 missed {
 is already Found: false).
 Position: LorenzVec(x=-49.5, y=98.0, z=46.5)
 DistanceC: 21.17644605593353
Relative Position: LorenzVec(x=-21.17644605593353, y=0.0, z=8.568713441895177)
 }
15:54:23 `Sheep`20055518 missed {
 is already Found: false).
 Position: LorenzVec(x=-39.5, y=98.0, z=50.5)
 DistanceC: 16.107228069395276
Relative Position: LorenzVec(x=4.846800875959559, y=-2.0, z=16.107228069395276)
 }
15:54:24 `Sheep`20048070 missed {
 is already Found: false).
 Position: LorenzVec(x=-49.5, y=98.0, z=52.5)
 DistanceC: 18.107228069395276
Relative Position: LorenzVec(x=-5.153199124040441, y=-2.0, z=18.107228069395276)
 }
15:54:24 `Sheep`20054815 missed {
 is already Found: false).
 Position: LorenzVec(x=-40.5, y=98.0, z=52.5)
 DistanceC: 18.107228069395276
Relative Position: LorenzVec(x=3.846800875959559, y=-2.0, z=18.107228069395276)
 }
15:54:24 `Sheep`20061629 missed {
 is already Found: false).
 Position: LorenzVec(x=-41.5, y=98.0, z=52.5)
 DistanceC: 18.107228069395276
Relative Position: LorenzVec(x=2.846800875959559, y=-2.0, z=18.107228069395276)
 }
15:54:24 `Sheep`20062228 missed {
 is already Found: false).
 Position: LorenzVec(x=-49.5, y=98.0, z=52.5)
 DistanceC: 18.107228069395276
Relative Position: LorenzVec(x=-5.153199124040441, y=-2.0, z=18.107228069395276)
 }
15:54:24 `Sheep`20068720 missed {
 is already Found: false).
 Position: LorenzVec(x=-43.5, y=98.0, z=52.5)
 DistanceC: 18.107228069395276
Relative Position: LorenzVec(x=0.8468008759595591, y=-2.0, z=18.107228069395276)
 }
15:54:25 `Sheep`20075455 missed {
 is already Found: false).
 Position: LorenzVec(x=-43.5, y=98.0, z=54.5)
 DistanceC: 18.219967936860172
Relative Position: LorenzVec(x=0.6107495572299158, y=-2.0, z=18.219967936860172)
 }
15:55:19 `127z0gb29k`168812 missed {
 is already Found: false).
 Position: LorenzVec(x=-9.5, y=70.0, z=-90.5)
 DistanceC: 11.08832700125879
Relative Position: LorenzVec(x=-7.800000011920929, y=-2.0, z=11.08832700125879)
 }
15:55:23 `Villager`359 missed {
 is already Found: false).
 Position: LorenzVec(x=-21.5, y=68.0, z=-124.5)
 DistanceC: 22.91167299874121
Relative Position: LorenzVec(x=-19.80000001192093, y=-4.0, z=-22.91167299874121)
 }
15:56:03 `Villager`359 missed {
 is already Found: false).
 Position: LorenzVec(x=-21.5, y=68.0, z=-124.5)
 DistanceC: 23.756017823729948
Relative Position: LorenzVec(x=-19.80000001192093, y=-4.0625, z=-23.756017823729948)
 }
15:56:20 `127z0gb29k`168812 missed {
 is already Found: false).
 Position: LorenzVec(x=-9.5, y=70.0, z=-90.5)
 DistanceC: 9.644463440043655
Relative Position: LorenzVec(x=-9.644463440043655, y=0.0, z=0.19282927113253834)
 }
15:56:22 `42tsc2q910`496 missed {
 is already Found: false).
 Position: LorenzVec(x=23.0, y=71.0, z=-69.0)
 DistanceC: 22.855536559956345
Relative Position: LorenzVec(x=22.855536559956345, y=1.0, z=21.69282927113254)
 }
15:56:22 `7u5g690zqi`497 missed {
 is already Found: false).
 Position: LorenzVec(x=23.0, y=77.0, z=-69.5)
 DistanceC: 22.855536559956345
Relative Position: LorenzVec(x=22.855536559956345, y=7.0, z=21.19282927113254)
 }
15:56:50 `Sheep`10969325 missed {
 is already Found: false).
 Position: LorenzVec(x=-42.5, y=98.0, z=49.5)
 DistanceC: 15.251782594256149
Relative Position: LorenzVec(x=-1.6050837588576101, y=-2.0, z=15.251782594256149)
 }
15:56:51 `Sheep`10967991 missed {
 is already Found: false).
 Position: LorenzVec(x=-49.09375, y=98.0, z=52.8125)
 DistanceC: 18.56428259425615
Relative Position: LorenzVec(x=-8.19883375885761, y=-2.0, z=18.56428259425615)
 }
15:56:51 `Sheep`10968818 missed {
 is already Found: false).
 Position: LorenzVec(x=-40.5, y=98.0, z=53.5)
 DistanceC: 19.25178259425615
Relative Position: LorenzVec(x=0.3949162411423899, y=-2.0, z=19.25178259425615)
 }
15:56:51 `Sheep`10969249 missed {
 is already Found: false).
 Position: LorenzVec(x=-47.5, y=98.0, z=53.5)
 DistanceC: 19.25178259425615
Relative Position: LorenzVec(x=-6.60508375885761, y=-2.0, z=19.25178259425615)
 }
15:56:51 `Sheep`10967990 missed {
 is already Found: false).
 Position: LorenzVec(x=-49.5, y=98.0, z=54.5)
 DistanceC: 20.25178259425615
Relative Position: LorenzVec(x=-8.60508375885761, y=-2.0, z=20.25178259425615)
 }
15:56:51 `Sheep`10967992 missed {
 is already Found: false).
 Position: LorenzVec(x=-46.65972222222222, y=98.0, z=53.65972222222222)
 DistanceC: 19.41150481647837
Relative Position: LorenzVec(x=-5.7648059810798316, y=-2.0, z=19.41150481647837)
 }
15:56:51 `Sheep`10968002 missed {
 is already Found: false).
 Position: LorenzVec(x=-39.5, y=98.0, z=54.5)
 DistanceC: 20.25178259425615
Relative Position: LorenzVec(x=1.3949162411423899, y=-2.0, z=20.25178259425615)
 }
15:56:51 `Sheep`10968004 missed {
 is already Found: false).
 Position: LorenzVec(x=-39.5, y=98.0, z=54.5)
 DistanceC: 20.25178259425615
Relative Position: LorenzVec(x=1.3949162411423899, y=-2.0, z=20.25178259425615)
 }
15:56:51 `Sheep`10968003 missed {
 is already Found: false).
 Position: LorenzVec(x=-39.5, y=98.0, z=54.71875)
 DistanceC: 20.47053259425615
Relative Position: LorenzVec(x=1.3949162411423899, y=-2.0, z=20.47053259425615)
 }
15:57:33 `Sheep`10982060 missed {
 is already Found: false).
 Position: LorenzVec(x=-48.5, y=98.0, z=38.5)
 DistanceC: 18.19999998807907
Relative Position: LorenzVec(x=-2.377836463646773, y=0.0, z=-18.19999998807907)
 }
15:57:36 `Sheep`10982980 missed {
 is already Found: false).
 Position: LorenzVec(x=-40.5, y=98.0, z=36.5)
 DistanceC: 18.8288005789175
Relative Position: LorenzVec(x=6.514421699930658, y=0.0, z=-18.8288005789175)
 }
15:58:10 `Sheep`10991435 missed {
 is already Found: false).
 Position: LorenzVec(x=-48.5, y=98.0, z=56.5)
 DistanceC: 16.183791302853365
Relative Position: LorenzVec(x=5.344132671828781, y=-1.0, z=16.183791302853365)
 }
15:59:16 `Sheep`11008790 missed {
 is already Found: false).
 Position: LorenzVec(x=-45.5, y=98.0, z=38.5)
 DistanceC: 18.34010443013733
Relative Position: LorenzVec(x=18.34010443013733, y=-1.0, z=-13.301290956534793)
 }
15:59:17 `Sheep`11008988 missed {
 is already Found: false).
 Position: LorenzVec(x=-42.5, y=98.0, z=52.5)
 DistanceC: 21.34010443013733
Relative Position: LorenzVec(x=21.34010443013733, y=-1.0, z=0.6987090434652075)
 }
15:59:18 `Sheep`11009236 missed {
 is already Found: false).
 Position: LorenzVec(x=-45.5, y=98.0, z=41.5)
 DistanceC: 18.34010443013733
Relative Position: LorenzVec(x=18.34010443013733, y=-1.0, z=-10.301290956534793)
 }
15:59:18 `Sheep`11009459 missed {
 is already Found: false).
 Position: LorenzVec(x=-47.5, y=98.0, z=55.5)
 DistanceC: 16.34010443013733
Relative Position: LorenzVec(x=16.34010443013733, y=-1.0, z=3.6987090434652075)
 }
15:59:18 `Sheep`11009477 missed {
 is already Found: false).
 Position: LorenzVec(x=-47.5, y=98.0, z=48.5)
 DistanceC: 16.34010443013733
Relative Position: LorenzVec(x=16.34010443013733, y=-1.0, z=-3.3012909565347925)
 }
15:59:18 `Sheep`11009489 missed {
 is already Found: false).
 Position: LorenzVec(x=-42.5, y=98.0, z=50.5)
 DistanceC: 21.34010443013733
Relative Position: LorenzVec(x=21.34010443013733, y=-1.0, z=-1.3012909565347925)
 }
15:59:19 `Sheep`11009722 missed {
 is already Found: false).
 Position: LorenzVec(x=-43.5, y=98.0, z=44.5)
 DistanceC: 20.34010443013733
Relative Position: LorenzVec(x=20.34010443013733, y=-1.0, z=-7.3012909565347925)
 }
15:59:50 `Sheep`11018204 missed {
 is already Found: false).
 Position: LorenzVec(x=-48.5, y=98.0, z=36.5)
 DistanceC: 16.740043553383245
Relative Position: LorenzVec(x=7.381465931532787, y=-2.875, z=16.740043553383245)
 }
15:59:54 `Sheep`11019218 missed {
 is already Found: false).
 Position: LorenzVec(x=-40.5, y=98.0, z=34.5)
 DistanceC: 17.01234616816391
Relative Position: LorenzVec(x=17.01234616816391, y=-1.0, z=15.290849634039745)
 }
16:00:00 `Sheep`11019190 missed {
 is already Found: false).
 Position: LorenzVec(x=-40.15625, y=98.0, z=40.71875)
 DistanceC: 19.95625001192093
Relative Position: LorenzVec(x=18.12445355495781, y=-1.0, z=19.95625001192093)
 }
16:00:02 `Sheep`11018700 missed {
 is already Found: false).
 Position: LorenzVec(x=-48.1875, y=98.0, z=42.1875)
 DistanceC: 21.42500001192093
Relative Position: LorenzVec(x=10.09320355495781, y=-1.0, z=21.42500001192093)
 }
16:00:09 `Sheep`11023045 missed {
 is already Found: false).
 Position: LorenzVec(x=-46.5, y=98.0, z=41.5)
 DistanceC: 19.840753381627845
Relative Position: LorenzVec(x=9.755794796326377, y=-1.0, z=19.840753381627845)
 }
16:00:11 `Sheep`11023455 missed {
 is already Found: false).
 Position: LorenzVec(x=-42.5, y=98.0, z=41.5)
 DistanceC: 19.840753381627845
Relative Position: LorenzVec(x=13.755794796326377, y=-1.0, z=19.840753381627845)
 }
16:00:11 `Sheep`11023489 missed {
 is already Found: false).
 Position: LorenzVec(x=-40.5, y=98.0, z=34.5)
 DistanceC: 15.755794796326377
Relative Position: LorenzVec(x=15.755794796326377, y=-1.0, z=12.840753381627845)
 }
16:00:26 `77f012q6my`146326 missed {
 is already Found: false).
 Position: LorenzVec(x=-9.5, y=70.0, z=-90.5)
 DistanceC: 21.0
Relative Position: LorenzVec(x=-7.0, y=0.0, z=-21.0)
 }
16:00:33 `61ecc82421`423 missed {
 is already Found: false).
 Position: LorenzVec(x=-36.0, y=73.0, z=-85.5)
 DistanceC: 23.723181247222172
Relative Position: LorenzVec(x=-8.77681406085404, y=1.9375, z=-23.723181247222172)
 }
16:01:48 `78gbs5342y`228 missed {
 is already Found: false).
 Position: LorenzVec(x=22.0, y=71.0, z=-45.5)
 DistanceC: 18.093073543902026
Relative Position: LorenzVec(x=18.093073543902026, y=1.0, z=11.800000011920929)
 }
16:01:48 `2eofq1o1yx`229 missed {
 is already Found: false).
 Position: LorenzVec(x=25.0, y=65.0, z=-41.0)
 DistanceC: 21.093073543902026
Relative Position: LorenzVec(x=21.093073543902026, y=-5.0, z=16.30000001192093)
 }
16:02:04 `77f012q6my`146326 missed {
 is already Found: false).
 Position: LorenzVec(x=-9.5, y=70.0, z=-90.5)
 DistanceC: 14.630997890133614
Relative Position: LorenzVec(x=-0.8370419616298932, y=-3.7008323692605813, z=-14.630997890133614)
 }
16:02:48 `77f012q6my`146326 missed {
 is already Found: false).
 Position: LorenzVec(x=-9.5, y=70.0, z=-90.5)
 DistanceC: 23.19999998807907
Relative Position: LorenzVec(x=9.186356369755224, y=-3.7358406727282727, z=-23.19999998807907)
 }
16:03:10 `78gbs5342y`228 missed {
 is already Found: false).
 Position: LorenzVec(x=22.0, y=71.0, z=-45.5)
 DistanceC: 21.175984346664823
Relative Position: LorenzVec(x=21.175984346664823, y=-8.741574587805147, z=-2.357941772805134)
 }
16:03:18 `77f012q6my`146326 missed {
 is already Found: false).
 Position: LorenzVec(x=-9.5, y=70.0, z=-90.5)
 DistanceC: 10.91172940727509
Relative Position: LorenzVec(x=-4.2611756606202515, y=0.0, z=-10.91172940727509)
 }
16:03:19 `Villager`365 missed {
 is already Found: false).
 Position: LorenzVec(x=17.5, y=70.0, z=-99.0)
 DistanceC: 22.738824339379747
Relative Position: LorenzVec(x=22.738824339379747, y=0.0, z=-19.41172940727509)
 }
16:03:20 `Villager`357 missed {
 is already Found: false).
 Position: LorenzVec(x=-25.6875, y=68.0, z=-103.09375)
 DistanceC: 23.50547940727509
Relative Position: LorenzVec(x=-20.448675660620253, y=-2.0, z=-23.50547940727509)
 }
16:03:53 `Villager`255 missed {
 is already Found: false).
 Position: LorenzVec(x=-35.5, y=69.0, z=-112.5)
 DistanceC: 20.466823403206448
Relative Position: LorenzVec(x=-2.027903709090239, y=-20.0, z=-20.466823403206448)
 }
16:03:53 `Villager`361 missed {
 is already Found: false).
 Position: LorenzVec(x=-16.5, y=70.0, z=-81.5)
 DistanceC: 16.97209629090976
Relative Position: LorenzVec(x=16.97209629090976, y=-19.0, z=10.533176596793552)
 }
16:03:53 `Villager`371 missed {
 is already Found: false).
 Position: LorenzVec(x=-11.3125, y=70.0, z=-95.6875)
 DistanceC: 22.15959629090976
Relative Position: LorenzVec(x=22.15959629090976, y=-19.0, z=-3.6543234032064476)
 }
16:03:53 `77f012q6my`146326 missed {
 is already Found: false).
 Position: LorenzVec(x=-9.5, y=70.0, z=-90.5)
 DistanceC: 23.97209629090976
Relative Position: LorenzVec(x=23.97209629090976, y=-19.0, z=1.5331765967935524)
 }
16:04:13 `Villager`255 missed {
 is already Found: false).
 Position: LorenzVec(x=-35.5, y=69.0, z=-112.5)
 DistanceC: 22.820018984766364
Relative Position: LorenzVec(x=8.31743572087791, y=-19.535840625044557, z=-22.820018984766364)
 }
16:04:14 `ufkbisyx19`340 missed {
 is already Found: false).
 Position: LorenzVec(x=-49.5, y=70.0, z=-67.5)
 DistanceC: 22.01220747053405
Relative Position: LorenzVec(x=-7.627008930041825, y=-18.0, z=22.01220747053405)
 }
16:04:14 `9jbk263739`530 missed {
 is already Found: false).
 Position: LorenzVec(x=-32.5, y=71.0, z=-76.5)
 DistanceC: 13.012207470534051
Relative Position: LorenzVec(x=9.372991069958175, y=-17.0, z=13.012207470534051)
 }
16:04:28 `Villager`255 missed {
 is already Found: false).
 Position: LorenzVec(x=-35.5, y=69.0, z=-112.5)
 DistanceC: 23.058916172508205
Relative Position: LorenzVec(x=-8.68486959706459, y=-19.0, z=-23.058916172508205)
 }
16:04:28 `Villager`353 missed {
 is already Found: false).
 Position: LorenzVec(x=-7.5, y=70.0, z=-75.5)
 DistanceC: 19.31513040293541
Relative Position: LorenzVec(x=19.31513040293541, y=-18.0, z=13.941083827491795)
 }
16:04:28 `w17j1s6dqy`18 missed {
 is already Found: false).
 Position: LorenzVec(x=-3.5, y=72.0, z=-101.5)
 DistanceC: 23.31513040293541
Relative Position: LorenzVec(x=23.31513040293541, y=-16.0, z=-12.058916172508205)
 }
16:04:28 `ufkbisyx19`340 missed {
 is already Found: false).
 Position: LorenzVec(x=-49.5, y=70.0, z=-67.5)
 DistanceC: 22.68486959706459
Relative Position: LorenzVec(x=-22.68486959706459, y=-18.0, z=21.941083827491795)
 }
16:04:28 `ogv9866ypr`350 missed {
 is already Found: false).
 Position: LorenzVec(x=-10.0, y=70.0, z=-67.0)
 DistanceC: 22.441083827491795
Relative Position: LorenzVec(x=16.81513040293541, y=-18.0, z=22.441083827491795)
 }
16:04:28 `v37o54njde`553 missed {
 is already Found: false).
 Position: LorenzVec(x=-17.5, y=68.0, z=-106.5)
 DistanceC: 17.058916172508205
Relative Position: LorenzVec(x=9.31513040293541, y=-20.0, z=-17.058916172508205)
 }
16:04:28 `77f012q6my`146326 missed {
 is already Found: false).
 Position: LorenzVec(x=-9.5, y=70.0, z=-90.5)
 DistanceC: 17.31513040293541
Relative Position: LorenzVec(x=17.31513040293541, y=-18.0, z=-1.058916172508205)
 }
16:05:15 `9jw0gix5iv`522 missed {
 is already Found: false).
 Position: LorenzVec(x=-29.5, y=57.0, z=-90.5)
 DistanceC: 18.199446846490826
Relative Position: LorenzVec(x=-18.199446846490826, y=-13.0, z=-13.70577718025234)
 }
16:05:16 `77f012q6my`146326 missed {
 is already Found: false).
 Position: LorenzVec(x=-9.5, y=70.0, z=-90.5)
 DistanceC: 13.70577718025234
Relative Position: LorenzVec(x=1.800553153509174, y=0.0, z=-13.70577718025234)
 }
16:05:46 `gtk819x87u`496 missed {
 is already Found: false).
 Position: LorenzVec(x=23.0, y=71.0, z=-69.0)
 DistanceC: 18.499547327398385
Relative Position: LorenzVec(x=18.499547327398385, y=1.0, z=17.49258710482934)
 }
16:05:46 `28935jz689`497 missed {
 is already Found: false).
 Position: LorenzVec(x=23.0, y=77.0, z=-69.5)
 DistanceC: 18.499547327398385
Relative Position: LorenzVec(x=18.499547327398385, y=7.0, z=16.99258710482934)
 }
16:06:17 `Sheep`17618017 missed {
 is already Found: false).
 Position: LorenzVec(x=23.5, y=99.875, z=38.5)
 DistanceC: 16.578472237759257
Relative Position: LorenzVec(x=16.578472237759257, y=-0.125, z=-1.2770482380185868)
 }
16:06:29 `Sheep`17621337 missed {
 is already Found: false).
 Position: LorenzVec(x=22.5, y=100.0, z=39.65625)
 DistanceC: 18.29925392323025
Relative Position: LorenzVec(x=18.29925392323025, y=0.0, z=4.696039110840964)
 }
16:06:29 `Sheep`17621339 missed {
 is already Found: false).
 Position: LorenzVec(x=22.5, y=100.0, z=38.5)
 DistanceC: 18.29925392323025
Relative Position: LorenzVec(x=18.29925392323025, y=0.0, z=3.539789110840964)
 }
16:06:29 `Sheep`17621385 missed {
 is already Found: false).
 Position: LorenzVec(x=22.5, y=100.0, z=38.5)
 DistanceC: 18.052428186489244
Relative Position: LorenzVec(x=18.052428186489244, y=0.0, z=3.66647991195817)
 }
16:06:29 `Sheep`17621399 missed {
 is already Found: false).
 Position: LorenzVec(x=22.5, y=99.875, z=39.5)
 DistanceC: 17.805541509782067
Relative Position: LorenzVec(x=17.805541509782067, y=-0.125, z=4.796150224876165)
 }
16:06:29 `Sheep`17621338 missed {
 is already Found: false).
 Position: LorenzVec(x=23.9375, y=100.0, z=40.03125)
 DistanceC: 18.022484323146816
Relative Position: LorenzVec(x=18.022484323146816, y=0.0, z=6.0147346619692215)
 }
16:06:29 `Sheep`17621340 missed {
 is already Found: false).
 Position: LorenzVec(x=23.5, y=99.875, z=38.5)
 DistanceC: 16.97757409446293
Relative Position: LorenzVec(x=16.97757409446293, y=-0.125, z=4.85921441017102)
 }
16:06:30 `Sheep`17621382 missed {
 is already Found: false).
 Position: LorenzVec(x=23.3125, y=100.0, z=38.625)
 DistanceC: 16.719159858005735
Relative Position: LorenzVec(x=16.719159858005735, y=0.0, z=5.028551392077183)
 }
16:06:30 `Sheep`17621317 missed {
 is already Found: false).
 Position: LorenzVec(x=24.5, y=100.0, z=40.5)
 DistanceC: 17.828954823480903
Relative Position: LorenzVec(x=17.828954823480903, y=0.0, z=6.948193746072043)
 }
16:06:30 `Sheep`17621381 missed {
 is already Found: false).
 Position: LorenzVec(x=24.5, y=100.0, z=38.5)
 DistanceC: 17.828193784973568
Relative Position: LorenzVec(x=17.828193784973568, y=0.0, z=5.046190778177966)
 }
16:06:30 `Sheep`17621383 missed {
 is already Found: false).
 Position: LorenzVec(x=24.5, y=100.0, z=40.5)
 DistanceC: 17.828193784973568
Relative Position: LorenzVec(x=17.828193784973568, y=0.0, z=7.046190778177966)
 }
16:06:30 `Sheep`17621384 missed {
 is already Found: false).
 Position: LorenzVec(x=24.5, y=99.875, z=39.5)
 DistanceC: 17.828193784973568
Relative Position: LorenzVec(x=17.828193784973568, y=-0.125, z=6.046190778177966)
 }
16:07:49 `Sheep`17624423 missed {
 is already Found: false).
 Position: LorenzVec(x=23.78125, y=100.0, z=40.59375)
 DistanceC: 15.125207087225164
Relative Position: LorenzVec(x=15.125207087225164, y=0.4641593749554431, z=13.961074002534307)
 }
16:07:51 `Sheep`17640161 missed {
 is already Found: false).
 Position: LorenzVec(x=24.5, y=100.0, z=38.5)
 DistanceC: 15.142429304813547
Relative Position: LorenzVec(x=15.142429304813547, y=37.0, z=11.826967398422187)
 }
16:07:51 `Sheep`17649591 missed {
 is already Found: false).
 Position: LorenzVec(x=24.5, y=100.0, z=38.5)
 DistanceC: 15.142429304813547
Relative Position: LorenzVec(x=15.142429304813547, y=37.0, z=11.826967398422187)
 }
16:07:51 `Sheep`17649598 missed {
 is already Found: false).
 Position: LorenzVec(x=24.5, y=100.0, z=38.5)
 DistanceC: 15.142429304813547
Relative Position: LorenzVec(x=15.142429304813547, y=37.0, z=11.826967398422187)
 }
16:07:51 `Sheep`17640136 missed {
 is already Found: false).
 Position: LorenzVec(x=24.5, y=99.875, z=39.5)
 DistanceC: 15.142429304813547
Relative Position: LorenzVec(x=15.142429304813547, y=36.875, z=12.826967398422187)
 }
16:07:51 `Sheep`17630508 missed {
 is already Found: false).
 Position: LorenzVec(x=24.5, y=100.0, z=40.5)
 DistanceC: 15.142429304813547
Relative Position: LorenzVec(x=15.142429304813547, y=37.0, z=13.826967398422187)
 }
16:07:51 `Sheep`17630530 missed {
 is already Found: false).
 Position: LorenzVec(x=24.5, y=100.0, z=40.5)
 DistanceC: 15.142429304813547
Relative Position: LorenzVec(x=15.142429304813547, y=37.0, z=13.826967398422187)
 }
16:07:51 `Sheep`17640087 missed {
 is already Found: false).
 Position: LorenzVec(x=24.5, y=100.0, z=40.5)
 DistanceC: 15.142429304813547
Relative Position: LorenzVec(x=15.142429304813547, y=37.0, z=13.826967398422187)
 }
16:07:51 `Sheep`17640137 missed {
 is already Found: false).
 Position: LorenzVec(x=24.5, y=100.0, z=40.5)
 DistanceC: 15.142429304813547
Relative Position: LorenzVec(x=15.142429304813547, y=37.0, z=13.826967398422187)
 }
16:08:17 `Sheep`17658944 missed {
 is already Found: false).
 Position: LorenzVec(x=22.5, y=100.0, z=38.5)
 DistanceC: 19.398795355222475
Relative Position: LorenzVec(x=16.96744657141046, y=37.0, z=19.398795355222475)
 }
16:08:17 `Sheep`17658953 missed {
 is already Found: false).
 Position: LorenzVec(x=23.5, y=100.0, z=39.5)
 DistanceC: 20.398795355222475
Relative Position: LorenzVec(x=17.96744657141046, y=37.0, z=20.398795355222475)
 }
16:08:17 `Sheep`17658964 missed {
 is already Found: false).
 Position: LorenzVec(x=22.5, y=99.875, z=39.5)
 DistanceC: 20.398795355222475
Relative Position: LorenzVec(x=16.96744657141046, y=36.875, z=20.398795355222475)
 }
16:08:17 `Sheep`17658965 missed {
 is already Found: false).
 Position: LorenzVec(x=22.5, y=99.875, z=39.5)
 DistanceC: 20.398795355222475
Relative Position: LorenzVec(x=16.96744657141046, y=36.875, z=20.398795355222475)
 }
16:08:17 `Sheep`17658966 missed {
 is already Found: false).
 Position: LorenzVec(x=23.5, y=100.0, z=39.5)
 DistanceC: 20.398795355222475
Relative Position: LorenzVec(x=17.96744657141046, y=37.0, z=20.398795355222475)
 }
16:08:17 `Sheep`17658952 missed {
 is already Found: false).
 Position: LorenzVec(x=24.5, y=100.0, z=40.5)
 DistanceC: 21.398795355222475
Relative Position: LorenzVec(x=18.96744657141046, y=37.0, z=21.398795355222475)
 }
16:08:17 `Sheep`17658954 missed {
 is already Found: false).
 Position: LorenzVec(x=23.90625, y=100.0, z=40.625)
 DistanceC: 21.523795355222475
Relative Position: LorenzVec(x=18.37369657141046, y=37.0, z=21.523795355222475)
 }
16:08:17 `Sheep`17658955 missed {
 is already Found: false).
 Position: LorenzVec(x=22.5, y=100.0, z=40.5)
 DistanceC: 21.398795355222475
Relative Position: LorenzVec(x=16.96744657141046, y=37.0, z=21.398795355222475)
 }
16:08:17 `Sheep`17658962 missed {
 is already Found: false).
 Position: LorenzVec(x=24.5, y=100.0, z=40.5)
 DistanceC: 21.398795355222475
Relative Position: LorenzVec(x=18.96744657141046, y=37.0, z=21.398795355222475)
 }
16:08:17 `Sheep`17658963 missed {
 is already Found: false).
 Position: LorenzVec(x=23.21875, y=100.0, z=40.59375)
 DistanceC: 21.492545355222475
Relative Position: LorenzVec(x=17.68619657141046, y=37.0, z=21.492545355222475)
 }
16:08:17 `Sheep`17658971 missed {
 is already Found: false).
 Position: LorenzVec(x=23.5, y=99.875, z=40.5)
 DistanceC: 21.398795355222475
Relative Position: LorenzVec(x=17.96744657141046, y=36.875, z=21.398795355222475)
 }
16:08:27 `Sheep`17662079 missed {
 is already Found: false).
 Position: LorenzVec(x=23.5, y=99.875, z=40.5)
 DistanceC: 21.398795355222475
Relative Position: LorenzVec(x=17.96744657141046, y=36.875, z=21.398795355222475)
 }
