15:50:40 HypixelApiJoinEvent(alpha=false)
15:50:40 Connected to Hypixel
15:50:44 HypixelApiServerChangeEvent(serverName=dynamiclobby15E, serverType=MAIN, lobbyName=lobby6, mode=null, map=null)
15:51:03 HypixelApiServerChangeEvent(serverName=mini22CJ, serverType=SKYBLOCK, lobbyName=null, mode=dynamic, map=Private Island)
15:51:03 Island detected: 'PRIVATE_ISLAND'
15:51:04 ERROR: HypixelData.skyBlock: false, inSkyblock: true, HypixelData.hypixelLive: true, inHypixel: true, HypixelData.skyBlockIsland: NONE, island: NONE, HypixelData.serverId: null, serverId: mini22CJ, serverType: SKYBLOCK, map: Private Island
15:51:04 ERROR: HypixelData.skyBlock: false, inSkyblock: true, HypixelData.hypixelLive: true, inHypixel: true, HypixelData.skyBlockIsland: NONE, island: NONE, HypixelData.serverId: null, serverId: mini22CJ, serverType: SKYBLOCK, map: Private Island
15:51:04 ERROR: HypixelData.skyBlock: false, inSkyblock: true, HypixelData.hypixelLive: true, inHypixel: true, HypixelData.skyBlockIsland: NONE, island: NONE, HypixelData.serverId: null, serverId: mini22CJ, serverType: SKYBLOCK, map: Private Island
15:51:04 ERROR: HypixelData.skyBlock: false, inSkyblock: true, HypixelData.hypixelLive: true, inHypixel: true, HypixelData.skyBlockIsland: NONE, island: NONE, HypixelData.serverId: null, serverId: mini22CJ, serverType: SKYBLOCK, map: Private Island
15:51:04 ERROR: HypixelData.skyBlock: false, inSkyblock: true, HypixelData.hypixelLive: true, inHypixel: true, HypixelData.skyBlockIsland: NONE, island: NONE, HypixelData.serverId: null, serverId: mini22CJ, serverType: SKYBLOCK, map: Private Island
15:51:04 ERROR: HypixelData.skyBlock: false, inSkyblock: true, HypixelData.hypixelLive: true, inHypixel: true, HypixelData.skyBlockIsland: NONE, island: NONE, HypixelData.serverId: null, serverId: mini22CJ, serverType: SKYBLOCK, map: Private Island
15:51:04 Island change: 'NONE' -> 'PRIVATE_ISLAND'
15:51:04 ERROR: HypixelData.skyBlock: false, inSkyblock: true, HypixelData.hypixelLive: true, inHypixel: true, HypixelData.skyBlockIsland: NONE, island: PRIVATE_ISLAND, HypixelData.serverId: null, serverId: mini22CJ, serverType: SKYBLOCK, map: Private Island
15:51:04 ERROR: HypixelData.skyBlock: false, inSkyblock: true, HypixelData.hypixelLive: true, inHypixel: true, HypixelData.skyBlockIsland: NONE, island: PRIVATE_ISLAND, HypixelData.serverId: null, serverId: mini22CJ, serverType: SKYBLOCK, map: Private Island
15:51:04 ERROR: HypixelData.skyBlock: true, inSkyblock: true, HypixelData.hypixelLive: true, inHypixel: true, HypixelData.skyBlockIsland: PRIVATE_ISLAND, island: PRIVATE_ISLAND, HypixelData.serverId: null, serverId: mini22CJ, serverType: SKYBLOCK, map: Private Island
15:51:05 ERROR: HypixelData.skyBlock: true, inSkyblock: true, HypixelData.hypixelLive: true, inHypixel: true, HypixelData.skyBlockIsland: PRIVATE_ISLAND, island: PRIVATE_ISLAND, HypixelData.serverId: null, serverId: mini22CJ, serverType: SKYBLOCK, map: Private Island
15:51:05 ERROR: HypixelData.skyBlock: true, inSkyblock: true, HypixelData.hypixelLive: true, inHypixel: true, HypixelData.skyBlockIsland: PRIVATE_ISLAND, island: PRIVATE_ISLAND, HypixelData.serverId: null, serverId: mini22CJ, serverType: SKYBLOCK, map: Private Island
15:51:05 ERROR: HypixelData.skyBlock: true, inSkyblock: true, HypixelData.hypixelLive: true, inHypixel: true, HypixelData.skyBlockIsland: PRIVATE_ISLAND, island: PRIVATE_ISLAND, HypixelData.serverId: null, serverId: mini22CJ, serverType: SKYBLOCK, map: Private Island
15:51:05 ERROR: HypixelData.skyBlock: true, inSkyblock: true, HypixelData.hypixelLive: true, inHypixel: true, HypixelData.skyBlockIsland: PRIVATE_ISLAND, island: PRIVATE_ISLAND, HypixelData.serverId: null, serverId: mini22CJ, serverType: SKYBLOCK, map: Private Island
15:51:05 ERROR: HypixelData.skyBlock: true, inSkyblock: true, HypixelData.hypixelLive: true, inHypixel: true, HypixelData.skyBlockIsland: PRIVATE_ISLAND, island: PRIVATE_ISLAND, HypixelData.serverId: null, serverId: mini22CJ, serverType: SKYBLOCK, map: Private Island
15:51:05 ERROR: HypixelData.skyBlock: true, inSkyblock: true, HypixelData.hypixelLive: true, inHypixel: true, HypixelData.skyBlockIsland: PRIVATE_ISLAND, island: PRIVATE_ISLAND, HypixelData.serverId: null, serverId: mini22CJ, serverType: SKYBLOCK, map: Private Island
15:51:05 ERROR: HypixelData.skyBlock: true, inSkyblock: true, HypixelData.hypixelLive: true, inHypixel: true, HypixelData.skyBlockIsland: PRIVATE_ISLAND, island: PRIVATE_ISLAND, HypixelData.serverId: null, serverId: mini22CJ, serverType: SKYBLOCK, map: Private Island
15:51:05 ERROR: HypixelData.skyBlock: true, inSkyblock: true, HypixelData.hypixelLive: true, inHypixel: true, HypixelData.skyBlockIsland: PRIVATE_ISLAND, island: PRIVATE_ISLAND, HypixelData.serverId: null, serverId: mini22CJ, serverType: SKYBLOCK, map: Private Island
15:51:05 ERROR: HypixelData.skyBlock: true, inSkyblock: true, HypixelData.hypixelLive: true, inHypixel: true, HypixelData.skyBlockIsland: PRIVATE_ISLAND, island: PRIVATE_ISLAND, HypixelData.serverId: null, serverId: mini22CJ, serverType: SKYBLOCK, map: Private Island
15:51:05 ERROR: HypixelData.skyBlock: true, inSkyblock: true, HypixelData.hypixelLive: true, inHypixel: true, HypixelData.skyBlockIsland: PRIVATE_ISLAND, island: PRIVATE_ISLAND, HypixelData.serverId: null, serverId: mini22CJ, serverType: SKYBLOCK, map: Private Island
15:51:05 ERROR: HypixelData.skyBlock: true, inSkyblock: true, HypixelData.hypixelLive: true, inHypixel: true, HypixelData.skyBlockIsland: PRIVATE_ISLAND, island: PRIVATE_ISLAND, HypixelData.serverId: null, serverId: mini22CJ, serverType: SKYBLOCK, map: Private Island
15:51:05 ERROR: HypixelData.skyBlock: true, inSkyblock: true, HypixelData.hypixelLive: true, inHypixel: true, HypixelData.skyBlockIsland: PRIVATE_ISLAND, island: PRIVATE_ISLAND, HypixelData.serverId: null, serverId: mini22CJ, serverType: SKYBLOCK, map: Private Island
15:51:05 ERROR: HypixelData.skyBlock: true, inSkyblock: true, HypixelData.hypixelLive: true, inHypixel: true, HypixelData.skyBlockIsland: PRIVATE_ISLAND, island: PRIVATE_ISLAND, HypixelData.serverId: null, serverId: mini22CJ, serverType: SKYBLOCK, map: Private Island
15:51:05 ERROR: HypixelData.skyBlock: true, inSkyblock: true, HypixelData.hypixelLive: true, inHypixel: true, HypixelData.skyBlockIsland: PRIVATE_ISLAND, island: PRIVATE_ISLAND, HypixelData.serverId: null, serverId: mini22CJ, serverType: SKYBLOCK, map: Private Island
15:51:05 ERROR: HypixelData.skyBlock: true, inSkyblock: true, HypixelData.hypixelLive: true, inHypixel: true, HypixelData.skyBlockIsland: PRIVATE_ISLAND, island: PRIVATE_ISLAND, HypixelData.serverId: null, serverId: mini22CJ, serverType: SKYBLOCK, map: Private Island
15:51:05 ERROR: HypixelData.skyBlock: true, inSkyblock: true, HypixelData.hypixelLive: true, inHypixel: true, HypixelData.skyBlockIsland: PRIVATE_ISLAND, island: PRIVATE_ISLAND, HypixelData.serverId: null, serverId: mini22CJ, serverType: SKYBLOCK, map: Private Island
15:51:05 ERROR: HypixelData.skyBlock: true, inSkyblock: true, HypixelData.hypixelLive: true, inHypixel: true, HypixelData.skyBlockIsland: PRIVATE_ISLAND, island: PRIVATE_ISLAND, HypixelData.serverId: null, serverId: mini22CJ, serverType: SKYBLOCK, map: Private Island
15:51:05 ERROR: HypixelData.skyBlock: true, inSkyblock: true, HypixelData.hypixelLive: true, inHypixel: true, HypixelData.skyBlockIsland: PRIVATE_ISLAND, island: PRIVATE_ISLAND, HypixelData.serverId: null, serverId: mini22CJ, serverType: SKYBLOCK, map: Private Island
15:55:10 HypixelApiServerChangeEvent(serverName=mini82AF, serverType=SKYBLOCK, lobbyName=null, mode=hub, map=Hub)
15:55:10 Island detected: 'HUB'
15:55:10 Island change: 'PRIVATE_ISLAND' -> 'HUB'
15:55:10 ERROR: HypixelData.skyBlock: false, inSkyblock: true, HypixelData.hypixelLive: true, inHypixel: true, HypixelData.skyBlockIsland: PRIVATE_ISLAND, island: HUB, HypixelData.serverId: null, serverId: mini82AF, serverType: SKYBLOCK, map: Hub
15:55:10 ERROR: HypixelData.skyBlock: false, inSkyblock: true, HypixelData.hypixelLive: true, inHypixel: true, HypixelData.skyBlockIsland: PRIVATE_ISLAND, island: HUB, HypixelData.serverId: null, serverId: mini82AF, serverType: SKYBLOCK, map: Hub
15:55:10 ERROR: HypixelData.skyBlock: false, inSkyblock: true, HypixelData.hypixelLive: true, inHypixel: true, HypixelData.skyBlockIsland: PRIVATE_ISLAND, island: HUB, HypixelData.serverId: null, serverId: mini82AF, serverType: SKYBLOCK, map: Hub
15:55:10 ERROR: HypixelData.skyBlock: false, inSkyblock: true, HypixelData.hypixelLive: true, inHypixel: true, HypixelData.skyBlockIsland: PRIVATE_ISLAND, island: HUB, HypixelData.serverId: null, serverId: mini82AF, serverType: SKYBLOCK, map: Hub
15:55:10 ERROR: HypixelData.skyBlock: false, inSkyblock: true, HypixelData.hypixelLive: true, inHypixel: true, HypixelData.skyBlockIsland: PRIVATE_ISLAND, island: HUB, HypixelData.serverId: null, serverId: mini82AF, serverType: SKYBLOCK, map: Hub
15:55:10 ERROR: HypixelData.skyBlock: false, inSkyblock: true, HypixelData.hypixelLive: true, inHypixel: true, HypixelData.skyBlockIsland: PRIVATE_ISLAND, island: HUB, HypixelData.serverId: null, serverId: mini82AF, serverType: SKYBLOCK, map: Hub
15:55:10 ERROR: HypixelData.skyBlock: false, inSkyblock: true, HypixelData.hypixelLive: true, inHypixel: true, HypixelData.skyBlockIsland: PRIVATE_ISLAND, island: HUB, HypixelData.serverId: null, serverId: mini82AF, serverType: SKYBLOCK, map: Hub
15:55:10 ERROR: HypixelData.skyBlock: false, inSkyblock: true, HypixelData.hypixelLive: true, inHypixel: true, HypixelData.skyBlockIsland: NONE, island: HUB, HypixelData.serverId: null, serverId: mini82AF, serverType: SKYBLOCK, map: Hub
15:55:10 ERROR: HypixelData.skyBlock: false, inSkyblock: true, HypixelData.hypixelLive: true, inHypixel: true, HypixelData.skyBlockIsland: NONE, island: HUB, HypixelData.serverId: null, serverId: mini82AF, serverType: SKYBLOCK, map: Hub
15:55:10 ERROR: HypixelData.skyBlock: false, inSkyblock: true, HypixelData.hypixelLive: true, inHypixel: true, HypixelData.skyBlockIsland: NONE, island: HUB, HypixelData.serverId: null, serverId: mini82AF, serverType: SKYBLOCK, map: Hub
15:55:10 ERROR: HypixelData.skyBlock: false, inSkyblock: true, HypixelData.hypixelLive: true, inHypixel: true, HypixelData.skyBlockIsland: NONE, island: HUB, HypixelData.serverId: null, serverId: mini82AF, serverType: SKYBLOCK, map: Hub
15:55:10 ERROR: HypixelData.skyBlock: false, inSkyblock: true, HypixelData.hypixelLive: true, inHypixel: true, HypixelData.skyBlockIsland: NONE, island: HUB, HypixelData.serverId: null, serverId: mini82AF, serverType: SKYBLOCK, map: Hub
15:55:10 ERROR: HypixelData.skyBlock: true, inSkyblock: true, HypixelData.hypixelLive: true, inHypixel: true, HypixelData.skyBlockIsland: NONE, island: HUB, HypixelData.serverId: null, serverId: mini82AF, serverType: SKYBLOCK, map: Hub
15:55:10 ERROR: HypixelData.skyBlock: true, inSkyblock: true, HypixelData.hypixelLive: true, inHypixel: true, HypixelData.skyBlockIsland: NONE, island: HUB, HypixelData.serverId: null, serverId: mini82AF, serverType: SKYBLOCK, map: Hub
15:55:10 ERROR: HypixelData.skyBlock: true, inSkyblock: true, HypixelData.hypixelLive: true, inHypixel: true, HypixelData.skyBlockIsland: NONE, island: HUB, HypixelData.serverId: null, serverId: mini82AF, serverType: SKYBLOCK, map: Hub
15:55:10 ERROR: HypixelData.skyBlock: true, inSkyblock: true, HypixelData.hypixelLive: true, inHypixel: true, HypixelData.skyBlockIsland: NONE, island: HUB, HypixelData.serverId: null, serverId: mini82AF, serverType: SKYBLOCK, map: Hub
15:55:10 ERROR: HypixelData.skyBlock: true, inSkyblock: true, HypixelData.hypixelLive: true, inHypixel: true, HypixelData.skyBlockIsland: NONE, island: HUB, HypixelData.serverId: null, serverId: mini82AF, serverType: SKYBLOCK, map: Hub
15:55:10 ERROR: HypixelData.skyBlock: true, inSkyblock: true, HypixelData.hypixelLive: true, inHypixel: true, HypixelData.skyBlockIsland: NONE, island: HUB, HypixelData.serverId: null, serverId: mini82AF, serverType: SKYBLOCK, map: Hub
15:55:10 ERROR: HypixelData.skyBlock: true, inSkyblock: true, HypixelData.hypixelLive: true, inHypixel: true, HypixelData.skyBlockIsland: NONE, island: HUB, HypixelData.serverId: null, serverId: mini82AF, serverType: SKYBLOCK, map: Hub
15:55:10 ERROR: HypixelData.skyBlock: true, inSkyblock: true, HypixelData.hypixelLive: true, inHypixel: true, HypixelData.skyBlockIsland: NONE, island: HUB, HypixelData.serverId: null, serverId: mini82AF, serverType: SKYBLOCK, map: Hub
15:55:11 ERROR: HypixelData.skyBlock: true, inSkyblock: true, HypixelData.hypixelLive: true, inHypixel: true, HypixelData.skyBlockIsland: NONE, island: HUB, HypixelData.serverId: null, serverId: mini82AF, serverType: SKYBLOCK, map: Hub
15:55:11 ERROR: HypixelData.skyBlock: true, inSkyblock: true, HypixelData.hypixelLive: true, inHypixel: true, HypixelData.skyBlockIsland: NONE, island: HUB, HypixelData.serverId: null, serverId: mini82AF, serverType: SKYBLOCK, map: Hub
15:55:11 ERROR: HypixelData.skyBlock: true, inSkyblock: true, HypixelData.hypixelLive: true, inHypixel: true, HypixelData.skyBlockIsland: NONE, island: HUB, HypixelData.serverId: null, serverId: mini82AF, serverType: SKYBLOCK, map: Hub
15:55:11 ERROR: HypixelData.skyBlock: true, inSkyblock: true, HypixelData.hypixelLive: true, inHypixel: true, HypixelData.skyBlockIsland: NONE, island: HUB, HypixelData.serverId: null, serverId: mini82AF, serverType: SKYBLOCK, map: Hub
15:55:11 ERROR: HypixelData.skyBlock: true, inSkyblock: true, HypixelData.hypixelLive: true, inHypixel: true, HypixelData.skyBlockIsland: NONE, island: HUB, HypixelData.serverId: null, serverId: mini82AF, serverType: SKYBLOCK, map: Hub
15:55:11 ERROR: HypixelData.skyBlock: true, inSkyblock: true, HypixelData.hypixelLive: true, inHypixel: true, HypixelData.skyBlockIsland: NONE, island: HUB, HypixelData.serverId: null, serverId: mini82AF, serverType: SKYBLOCK, map: Hub
15:55:11 ERROR: HypixelData.skyBlock: true, inSkyblock: true, HypixelData.hypixelLive: true, inHypixel: true, HypixelData.skyBlockIsland: NONE, island: HUB, HypixelData.serverId: null, serverId: mini82AF, serverType: SKYBLOCK, map: Hub
15:55:11 ERROR: HypixelData.skyBlock: true, inSkyblock: true, HypixelData.hypixelLive: true, inHypixel: true, HypixelData.skyBlockIsland: NONE, island: HUB, HypixelData.serverId: null, serverId: mini82AF, serverType: SKYBLOCK, map: Hub
15:55:11 ERROR: HypixelData.skyBlock: true, inSkyblock: true, HypixelData.hypixelLive: true, inHypixel: true, HypixelData.skyBlockIsland: NONE, island: HUB, HypixelData.serverId: null, serverId: mini82AF, serverType: SKYBLOCK, map: Hub
15:55:11 ERROR: HypixelData.skyBlock: true, inSkyblock: true, HypixelData.hypixelLive: true, inHypixel: true, HypixelData.skyBlockIsland: NONE, island: HUB, HypixelData.serverId: null, serverId: mini82AF, serverType: SKYBLOCK, map: Hub
15:55:11 ERROR: HypixelData.skyBlock: true, inSkyblock: true, HypixelData.hypixelLive: true, inHypixel: true, HypixelData.skyBlockIsland: NONE, island: HUB, HypixelData.serverId: null, serverId: mini82AF, serverType: SKYBLOCK, map: Hub
15:55:11 ERROR: HypixelData.skyBlock: true, inSkyblock: true, HypixelData.hypixelLive: true, inHypixel: true, HypixelData.skyBlockIsland: NONE, island: HUB, HypixelData.serverId: null, serverId: mini82AF, serverType: SKYBLOCK, map: Hub
15:55:11 ERROR: HypixelData.skyBlock: true, inSkyblock: true, HypixelData.hypixelLive: true, inHypixel: true, HypixelData.skyBlockIsland: NONE, island: HUB, HypixelData.serverId: null, serverId: mini82AF, serverType: SKYBLOCK, map: Hub
15:55:11 ERROR: HypixelData.skyBlock: true, inSkyblock: true, HypixelData.hypixelLive: true, inHypixel: true, HypixelData.skyBlockIsland: NONE, island: HUB, HypixelData.serverId: null, serverId: mini82AF, serverType: SKYBLOCK, map: Hub
15:55:11 ERROR: HypixelData.skyBlock: true, inSkyblock: true, HypixelData.hypixelLive: true, inHypixel: true, HypixelData.skyBlockIsland: NONE, island: HUB, HypixelData.serverId: null, serverId: mini82AF, serverType: SKYBLOCK, map: Hub
15:55:11 ERROR: HypixelData.skyBlock: true, inSkyblock: true, HypixelData.hypixelLive: true, inHypixel: true, HypixelData.skyBlockIsland: NONE, island: HUB, HypixelData.serverId: null, serverId: mini82AF, serverType: SKYBLOCK, map: Hub
15:55:11 ERROR: HypixelData.skyBlock: true, inSkyblock: true, HypixelData.hypixelLive: true, inHypixel: true, HypixelData.skyBlockIsland: NONE, island: HUB, HypixelData.serverId: null, serverId: mini82AF, serverType: SKYBLOCK, map: Hub
15:55:11 ERROR: HypixelData.skyBlock: true, inSkyblock: true, HypixelData.hypixelLive: true, inHypixel: true, HypixelData.skyBlockIsland: NONE, island: HUB, HypixelData.serverId: null, serverId: mini82AF, serverType: SKYBLOCK, map: Hub
15:55:11 ERROR: HypixelData.skyBlock: true, inSkyblock: true, HypixelData.hypixelLive: true, inHypixel: true, HypixelData.skyBlockIsland: NONE, island: HUB, HypixelData.serverId: null, serverId: mini82AF, serverType: SKYBLOCK, map: Hub
15:55:11 ERROR: HypixelData.skyBlock: true, inSkyblock: true, HypixelData.hypixelLive: true, inHypixel: true, HypixelData.skyBlockIsland: NONE, island: HUB, HypixelData.serverId: null, serverId: mini82AF, serverType: SKYBLOCK, map: Hub
15:55:11 ERROR: HypixelData.skyBlock: true, inSkyblock: true, HypixelData.hypixelLive: true, inHypixel: true, HypixelData.skyBlockIsland: NONE, island: HUB, HypixelData.serverId: null, serverId: mini82AF, serverType: SKYBLOCK, map: Hub
15:55:11 ERROR: HypixelData.skyBlock: true, inSkyblock: true, HypixelData.hypixelLive: true, inHypixel: true, HypixelData.skyBlockIsland: NONE, island: HUB, HypixelData.serverId: null, serverId: mini82AF, serverType: SKYBLOCK, map: Hub
15:55:11 ERROR: HypixelData.skyBlock: true, inSkyblock: true, HypixelData.hypixelLive: true, inHypixel: true, HypixelData.skyBlockIsland: NONE, island: HUB, HypixelData.serverId: null, serverId: mini82AF, serverType: SKYBLOCK, map: Hub
15:55:12 ERROR: HypixelData.skyBlock: true, inSkyblock: true, HypixelData.hypixelLive: true, inHypixel: true, HypixelData.skyBlockIsland: NONE, island: HUB, HypixelData.serverId: null, serverId: mini82AF, serverType: SKYBLOCK, map: Hub
15:55:12 ERROR: HypixelData.skyBlock: true, inSkyblock: true, HypixelData.hypixelLive: true, inHypixel: true, HypixelData.skyBlockIsland: NONE, island: HUB, HypixelData.serverId: null, serverId: mini82AF, serverType: SKYBLOCK, map: Hub
15:55:12 ERROR: HypixelData.skyBlock: true, inSkyblock: true, HypixelData.hypixelLive: true, inHypixel: true, HypixelData.skyBlockIsland: NONE, island: HUB, HypixelData.serverId: null, serverId: mini82AF, serverType: SKYBLOCK, map: Hub
15:55:12 ERROR: HypixelData.skyBlock: true, inSkyblock: true, HypixelData.hypixelLive: true, inHypixel: true, HypixelData.skyBlockIsland: NONE, island: HUB, HypixelData.serverId: null, serverId: mini82AF, serverType: SKYBLOCK, map: Hub
15:55:12 ERROR: HypixelData.skyBlock: true, inSkyblock: true, HypixelData.hypixelLive: true, inHypixel: true, HypixelData.skyBlockIsland: NONE, island: HUB, HypixelData.serverId: null, serverId: mini82AF, serverType: SKYBLOCK, map: Hub
15:55:12 ERROR: HypixelData.skyBlock: true, inSkyblock: true, HypixelData.hypixelLive: true, inHypixel: true, HypixelData.skyBlockIsland: NONE, island: HUB, HypixelData.serverId: null, serverId: mini82AF, serverType: SKYBLOCK, map: Hub
15:55:12 ERROR: HypixelData.skyBlock: true, inSkyblock: true, HypixelData.hypixelLive: true, inHypixel: true, HypixelData.skyBlockIsland: NONE, island: HUB, HypixelData.serverId: null, serverId: mini82AF, serverType: SKYBLOCK, map: Hub
15:55:12 ERROR: HypixelData.skyBlock: true, inSkyblock: true, HypixelData.hypixelLive: true, inHypixel: true, HypixelData.skyBlockIsland: NONE, island: HUB, HypixelData.serverId: null, serverId: mini82AF, serverType: SKYBLOCK, map: Hub
15:55:12 ERROR: HypixelData.skyBlock: true, inSkyblock: true, HypixelData.hypixelLive: true, inHypixel: true, HypixelData.skyBlockIsland: NONE, island: HUB, HypixelData.serverId: null, serverId: mini82AF, serverType: SKYBLOCK, map: Hub
15:55:12 ERROR: HypixelData.skyBlock: true, inSkyblock: true, HypixelData.hypixelLive: true, inHypixel: true, HypixelData.skyBlockIsland: NONE, island: HUB, HypixelData.serverId: null, serverId: mini82AF, serverType: SKYBLOCK, map: Hub
15:55:12 ERROR: HypixelData.skyBlock: true, inSkyblock: true, HypixelData.hypixelLive: true, inHypixel: true, HypixelData.skyBlockIsland: NONE, island: HUB, HypixelData.serverId: null, serverId: mini82AF, serverType: SKYBLOCK, map: Hub
15:55:12 ERROR: HypixelData.skyBlock: true, inSkyblock: true, HypixelData.hypixelLive: true, inHypixel: true, HypixelData.skyBlockIsland: NONE, island: HUB, HypixelData.serverId: null, serverId: mini82AF, serverType: SKYBLOCK, map: Hub
15:55:12 ERROR: HypixelData.skyBlock: true, inSkyblock: true, HypixelData.hypixelLive: true, inHypixel: true, HypixelData.skyBlockIsland: NONE, island: HUB, HypixelData.serverId: null, serverId: mini82AF, serverType: SKYBLOCK, map: Hub
15:55:12 ERROR: HypixelData.skyBlock: true, inSkyblock: true, HypixelData.hypixelLive: true, inHypixel: true, HypixelData.skyBlockIsland: NONE, island: HUB, HypixelData.serverId: null, serverId: mini82AF, serverType: SKYBLOCK, map: Hub
15:55:12 ERROR: HypixelData.skyBlock: true, inSkyblock: true, HypixelData.hypixelLive: true, inHypixel: true, HypixelData.skyBlockIsland: NONE, island: HUB, HypixelData.serverId: null, serverId: mini82AF, serverType: SKYBLOCK, map: Hub
15:55:12 ERROR: HypixelData.skyBlock: true, inSkyblock: true, HypixelData.hypixelLive: true, inHypixel: true, HypixelData.skyBlockIsland: NONE, island: HUB, HypixelData.serverId: null, serverId: mini82AF, serverType: SKYBLOCK, map: Hub
15:55:12 ERROR: HypixelData.skyBlock: true, inSkyblock: true, HypixelData.hypixelLive: true, inHypixel: true, HypixelData.skyBlockIsland: NONE, island: HUB, HypixelData.serverId: null, serverId: mini82AF, serverType: SKYBLOCK, map: Hub
15:55:12 ERROR: HypixelData.skyBlock: true, inSkyblock: true, HypixelData.hypixelLive: true, inHypixel: true, HypixelData.skyBlockIsland: NONE, island: HUB, HypixelData.serverId: null, serverId: mini82AF, serverType: SKYBLOCK, map: Hub
15:55:12 ERROR: HypixelData.skyBlock: true, inSkyblock: true, HypixelData.hypixelLive: true, inHypixel: true, HypixelData.skyBlockIsland: NONE, island: HUB, HypixelData.serverId: null, serverId: mini82AF, serverType: SKYBLOCK, map: Hub
15:55:12 ERROR: HypixelData.skyBlock: true, inSkyblock: true, HypixelData.hypixelLive: true, inHypixel: true, HypixelData.skyBlockIsland: NONE, island: HUB, HypixelData.serverId: null, serverId: mini82AF, serverType: SKYBLOCK, map: Hub
15:55:13 ERROR: HypixelData.skyBlock: true, inSkyblock: true, HypixelData.hypixelLive: true, inHypixel: true, HypixelData.skyBlockIsland: NONE, island: HUB, HypixelData.serverId: null, serverId: mini82AF, serverType: SKYBLOCK, map: Hub
15:55:13 ERROR: HypixelData.skyBlock: true, inSkyblock: true, HypixelData.hypixelLive: true, inHypixel: true, HypixelData.skyBlockIsland: NONE, island: HUB, HypixelData.serverId: null, serverId: mini82AF, serverType: SKYBLOCK, map: Hub
15:55:13 ERROR: HypixelData.skyBlock: true, inSkyblock: true, HypixelData.hypixelLive: true, inHypixel: true, HypixelData.skyBlockIsland: NONE, island: HUB, HypixelData.serverId: null, serverId: mini82AF, serverType: SKYBLOCK, map: Hub
15:55:13 ERROR: HypixelData.skyBlock: true, inSkyblock: true, HypixelData.hypixelLive: true, inHypixel: true, HypixelData.skyBlockIsland: NONE, island: HUB, HypixelData.serverId: null, serverId: mini82AF, serverType: SKYBLOCK, map: Hub
15:55:13 ERROR: HypixelData.skyBlock: true, inSkyblock: true, HypixelData.hypixelLive: true, inHypixel: true, HypixelData.skyBlockIsland: NONE, island: HUB, HypixelData.serverId: null, serverId: mini82AF, serverType: SKYBLOCK, map: Hub
15:55:13 ERROR: HypixelData.skyBlock: true, inSkyblock: true, HypixelData.hypixelLive: true, inHypixel: true, HypixelData.skyBlockIsland: NONE, island: HUB, HypixelData.serverId: null, serverId: mini82AF, serverType: SKYBLOCK, map: Hub
15:55:13 ERROR: HypixelData.skyBlock: true, inSkyblock: true, HypixelData.hypixelLive: true, inHypixel: true, HypixelData.skyBlockIsland: NONE, island: HUB, HypixelData.serverId: null, serverId: mini82AF, serverType: SKYBLOCK, map: Hub
15:55:13 ERROR: HypixelData.skyBlock: true, inSkyblock: true, HypixelData.hypixelLive: true, inHypixel: true, HypixelData.skyBlockIsland: NONE, island: HUB, HypixelData.serverId: null, serverId: mini82AF, serverType: SKYBLOCK, map: Hub
15:55:13 ERROR: HypixelData.skyBlock: true, inSkyblock: true, HypixelData.hypixelLive: true, inHypixel: true, HypixelData.skyBlockIsland: NONE, island: HUB, HypixelData.serverId: null, serverId: mini82AF, serverType: SKYBLOCK, map: Hub
15:55:13 ERROR: HypixelData.skyBlock: true, inSkyblock: true, HypixelData.hypixelLive: true, inHypixel: true, HypixelData.skyBlockIsland: NONE, island: HUB, HypixelData.serverId: null, serverId: mini82AF, serverType: SKYBLOCK, map: Hub
15:55:13 ERROR: HypixelData.skyBlock: true, inSkyblock: true, HypixelData.hypixelLive: true, inHypixel: true, HypixelData.skyBlockIsland: NONE, island: HUB, HypixelData.serverId: null, serverId: mini82AF, serverType: SKYBLOCK, map: Hub
15:55:13 ERROR: HypixelData.skyBlock: true, inSkyblock: true, HypixelData.hypixelLive: true, inHypixel: true, HypixelData.skyBlockIsland: NONE, island: HUB, HypixelData.serverId: null, serverId: mini82AF, serverType: SKYBLOCK, map: Hub
15:55:13 ERROR: HypixelData.skyBlock: true, inSkyblock: true, HypixelData.hypixelLive: true, inHypixel: true, HypixelData.skyBlockIsland: NONE, island: HUB, HypixelData.serverId: null, serverId: mini82AF, serverType: SKYBLOCK, map: Hub
15:55:13 ERROR: HypixelData.skyBlock: true, inSkyblock: true, HypixelData.hypixelLive: true, inHypixel: true, HypixelData.skyBlockIsland: NONE, island: HUB, HypixelData.serverId: null, serverId: mini82AF, serverType: SKYBLOCK, map: Hub
15:55:13 ERROR: HypixelData.skyBlock: true, inSkyblock: true, HypixelData.hypixelLive: true, inHypixel: true, HypixelData.skyBlockIsland: NONE, island: HUB, HypixelData.serverId: null, serverId: mini82AF, serverType: SKYBLOCK, map: Hub
15:55:13 ERROR: HypixelData.skyBlock: true, inSkyblock: true, HypixelData.hypixelLive: true, inHypixel: true, HypixelData.skyBlockIsland: NONE, island: HUB, HypixelData.serverId: null, serverId: mini82AF, serverType: SKYBLOCK, map: Hub
15:55:13 ERROR: HypixelData.skyBlock: true, inSkyblock: true, HypixelData.hypixelLive: true, inHypixel: true, HypixelData.skyBlockIsland: NONE, island: HUB, HypixelData.serverId: null, serverId: mini82AF, serverType: SKYBLOCK, map: Hub
15:55:13 ERROR: HypixelData.skyBlock: true, inSkyblock: true, HypixelData.hypixelLive: true, inHypixel: true, HypixelData.skyBlockIsland: NONE, island: HUB, HypixelData.serverId: null, serverId: mini82AF, serverType: SKYBLOCK, map: Hub
15:55:13 ERROR: HypixelData.skyBlock: true, inSkyblock: true, HypixelData.hypixelLive: true, inHypixel: true, HypixelData.skyBlockIsland: NONE, island: HUB, HypixelData.serverId: null, serverId: mini82AF, serverType: SKYBLOCK, map: Hub
15:55:13 ERROR: HypixelData.skyBlock: true, inSkyblock: true, HypixelData.hypixelLive: true, inHypixel: true, HypixelData.skyBlockIsland: NONE, island: HUB, HypixelData.serverId: null, serverId: mini82AF, serverType: SKYBLOCK, map: Hub
15:55:14 ERROR: HypixelData.skyBlock: true, inSkyblock: true, HypixelData.hypixelLive: true, inHypixel: true, HypixelData.skyBlockIsland: HUB, island: HUB, HypixelData.serverId: null, serverId: mini82AF, serverType: SKYBLOCK, map: Hub
15:55:14 ERROR: HypixelData.skyBlock: true, inSkyblock: true, HypixelData.hypixelLive: true, inHypixel: true, HypixelData.skyBlockIsland: HUB, island: HUB, HypixelData.serverId: null, serverId: mini82AF, serverType: SKYBLOCK, map: Hub
15:55:14 ERROR: HypixelData.skyBlock: true, inSkyblock: true, HypixelData.hypixelLive: true, inHypixel: true, HypixelData.skyBlockIsland: HUB, island: HUB, HypixelData.serverId: null, serverId: mini82AF, serverType: SKYBLOCK, map: Hub
15:55:14 ERROR: HypixelData.skyBlock: true, inSkyblock: true, HypixelData.hypixelLive: true, inHypixel: true, HypixelData.skyBlockIsland: HUB, island: HUB, HypixelData.serverId: null, serverId: mini82AF, serverType: SKYBLOCK, map: Hub
15:55:14 ERROR: HypixelData.skyBlock: true, inSkyblock: true, HypixelData.hypixelLive: true, inHypixel: true, HypixelData.skyBlockIsland: HUB, island: HUB, HypixelData.serverId: null, serverId: mini82AF, serverType: SKYBLOCK, map: Hub
15:55:14 ERROR: HypixelData.skyBlock: true, inSkyblock: true, HypixelData.hypixelLive: true, inHypixel: true, HypixelData.skyBlockIsland: HUB, island: HUB, HypixelData.serverId: null, serverId: mini82AF, serverType: SKYBLOCK, map: Hub
15:56:36 HypixelApiServerChangeEvent(serverName=mini146DW, serverType=SKYBLOCK, lobbyName=null, mode=dynamic, map=Private Island)
15:56:36 Island detected: 'PRIVATE_ISLAND'
15:56:37 ERROR: HypixelData.skyBlock: false, inSkyblock: true, HypixelData.hypixelLive: true, inHypixel: true, HypixelData.skyBlockIsland: HUB, island: HUB, HypixelData.serverId: null, serverId: mini146DW, serverType: SKYBLOCK, map: Private Island
15:56:37 ERROR: HypixelData.skyBlock: false, inSkyblock: true, HypixelData.hypixelLive: true, inHypixel: true, HypixelData.skyBlockIsland: HUB, island: HUB, HypixelData.serverId: null, serverId: mini146DW, serverType: SKYBLOCK, map: Private Island
15:56:37 ERROR: HypixelData.skyBlock: false, inSkyblock: true, HypixelData.hypixelLive: true, inHypixel: true, HypixelData.skyBlockIsland: HUB, island: HUB, HypixelData.serverId: null, serverId: mini146DW, serverType: SKYBLOCK, map: Private Island
15:56:37 ERROR: HypixelData.skyBlock: false, inSkyblock: true, HypixelData.hypixelLive: true, inHypixel: true, HypixelData.skyBlockIsland: HUB, island: HUB, HypixelData.serverId: null, serverId: mini146DW, serverType: SKYBLOCK, map: Private Island
15:56:37 ERROR: HypixelData.skyBlock: false, inSkyblock: true, HypixelData.hypixelLive: true, inHypixel: true, HypixelData.skyBlockIsland: HUB, island: HUB, HypixelData.serverId: null, serverId: mini146DW, serverType: SKYBLOCK, map: Private Island
15:56:37 ERROR: HypixelData.skyBlock: false, inSkyblock: true, HypixelData.hypixelLive: true, inHypixel: true, HypixelData.skyBlockIsland: HUB, island: HUB, HypixelData.serverId: null, serverId: mini146DW, serverType: SKYBLOCK, map: Private Island
15:56:37 ERROR: HypixelData.skyBlock: false, inSkyblock: true, HypixelData.hypixelLive: true, inHypixel: true, HypixelData.skyBlockIsland: HUB, island: HUB, HypixelData.serverId: null, serverId: mini146DW, serverType: SKYBLOCK, map: Private Island
15:56:37 ERROR: HypixelData.skyBlock: false, inSkyblock: true, HypixelData.hypixelLive: true, inHypixel: true, HypixelData.skyBlockIsland: HUB, island: HUB, HypixelData.serverId: null, serverId: mini146DW, serverType: SKYBLOCK, map: Private Island
15:56:37 ERROR: HypixelData.skyBlock: false, inSkyblock: true, HypixelData.hypixelLive: true, inHypixel: true, HypixelData.skyBlockIsland: HUB, island: HUB, HypixelData.serverId: null, serverId: mini146DW, serverType: SKYBLOCK, map: Private Island
15:56:37 ERROR: HypixelData.skyBlock: false, inSkyblock: true, HypixelData.hypixelLive: true, inHypixel: true, HypixelData.skyBlockIsland: HUB, island: HUB, HypixelData.serverId: null, serverId: mini146DW, serverType: SKYBLOCK, map: Private Island
15:56:37 ERROR: HypixelData.skyBlock: false, inSkyblock: true, HypixelData.hypixelLive: true, inHypixel: true, HypixelData.skyBlockIsland: HUB, island: HUB, HypixelData.serverId: null, serverId: mini146DW, serverType: SKYBLOCK, map: Private Island
15:56:37 ERROR: HypixelData.skyBlock: false, inSkyblock: true, HypixelData.hypixelLive: true, inHypixel: true, HypixelData.skyBlockIsland: HUB, island: HUB, HypixelData.serverId: null, serverId: mini146DW, serverType: SKYBLOCK, map: Private Island
15:56:37 ERROR: HypixelData.skyBlock: false, inSkyblock: true, HypixelData.hypixelLive: true, inHypixel: true, HypixelData.skyBlockIsland: HUB, island: HUB, HypixelData.serverId: null, serverId: mini146DW, serverType: SKYBLOCK, map: Private Island
15:56:37 ERROR: HypixelData.skyBlock: false, inSkyblock: true, HypixelData.hypixelLive: true, inHypixel: true, HypixelData.skyBlockIsland: HUB, island: HUB, HypixelData.serverId: null, serverId: mini146DW, serverType: SKYBLOCK, map: Private Island
15:56:37 ERROR: HypixelData.skyBlock: false, inSkyblock: true, HypixelData.hypixelLive: true, inHypixel: true, HypixelData.skyBlockIsland: NONE, island: HUB, HypixelData.serverId: null, serverId: mini146DW, serverType: SKYBLOCK, map: Private Island
15:56:37 Island change: 'HUB' -> 'PRIVATE_ISLAND'
15:56:37 ERROR: HypixelData.skyBlock: true, inSkyblock: true, HypixelData.hypixelLive: true, inHypixel: true, HypixelData.skyBlockIsland: NONE, island: PRIVATE_ISLAND, HypixelData.serverId: null, serverId: mini146DW, serverType: SKYBLOCK, map: Private Island
15:56:37 ERROR: HypixelData.skyBlock: true, inSkyblock: true, HypixelData.hypixelLive: true, inHypixel: true, HypixelData.skyBlockIsland: NONE, island: PRIVATE_ISLAND, HypixelData.serverId: null, serverId: mini146DW, serverType: SKYBLOCK, map: Private Island
15:56:37 ERROR: HypixelData.skyBlock: true, inSkyblock: true, HypixelData.hypixelLive: true, inHypixel: true, HypixelData.skyBlockIsland: PRIVATE_ISLAND, island: PRIVATE_ISLAND, HypixelData.serverId: null, serverId: mini146DW, serverType: SKYBLOCK, map: Private Island
15:56:37 ERROR: HypixelData.skyBlock: true, inSkyblock: true, HypixelData.hypixelLive: true, inHypixel: true, HypixelData.skyBlockIsland: PRIVATE_ISLAND, island: PRIVATE_ISLAND, HypixelData.serverId: null, serverId: mini146DW, serverType: SKYBLOCK, map: Private Island
15:56:37 ERROR: HypixelData.skyBlock: true, inSkyblock: true, HypixelData.hypixelLive: true, inHypixel: true, HypixelData.skyBlockIsland: PRIVATE_ISLAND, island: PRIVATE_ISLAND, HypixelData.serverId: null, serverId: mini146DW, serverType: SKYBLOCK, map: Private Island
15:56:37 ERROR: HypixelData.skyBlock: true, inSkyblock: true, HypixelData.hypixelLive: true, inHypixel: true, HypixelData.skyBlockIsland: PRIVATE_ISLAND, island: PRIVATE_ISLAND, HypixelData.serverId: null, serverId: mini146DW, serverType: SKYBLOCK, map: Private Island
15:56:38 ERROR: HypixelData.skyBlock: true, inSkyblock: true, HypixelData.hypixelLive: true, inHypixel: true, HypixelData.skyBlockIsland: PRIVATE_ISLAND, island: PRIVATE_ISLAND, HypixelData.serverId: null, serverId: mini146DW, serverType: SKYBLOCK, map: Private Island
15:56:38 ERROR: HypixelData.skyBlock: true, inSkyblock: true, HypixelData.hypixelLive: true, inHypixel: true, HypixelData.skyBlockIsland: PRIVATE_ISLAND, island: PRIVATE_ISLAND, HypixelData.serverId: null, serverId: mini146DW, serverType: SKYBLOCK, map: Private Island
15:56:38 ERROR: HypixelData.skyBlock: true, inSkyblock: true, HypixelData.hypixelLive: true, inHypixel: true, HypixelData.skyBlockIsland: PRIVATE_ISLAND, island: PRIVATE_ISLAND, HypixelData.serverId: null, serverId: mini146DW, serverType: SKYBLOCK, map: Private Island
15:56:38 ERROR: HypixelData.skyBlock: true, inSkyblock: true, HypixelData.hypixelLive: true, inHypixel: true, HypixelData.skyBlockIsland: PRIVATE_ISLAND, island: PRIVATE_ISLAND, HypixelData.serverId: null, serverId: mini146DW, serverType: SKYBLOCK, map: Private Island
15:56:38 ERROR: HypixelData.skyBlock: true, inSkyblock: true, HypixelData.hypixelLive: true, inHypixel: true, HypixelData.skyBlockIsland: PRIVATE_ISLAND, island: PRIVATE_ISLAND, HypixelData.serverId: null, serverId: mini146DW, serverType: SKYBLOCK, map: Private Island
15:56:38 ERROR: HypixelData.skyBlock: true, inSkyblock: true, HypixelData.hypixelLive: true, inHypixel: true, HypixelData.skyBlockIsland: PRIVATE_ISLAND, island: PRIVATE_ISLAND, HypixelData.serverId: null, serverId: mini146DW, serverType: SKYBLOCK, map: Private Island
15:56:38 ERROR: HypixelData.skyBlock: true, inSkyblock: true, HypixelData.hypixelLive: true, inHypixel: true, HypixelData.skyBlockIsland: PRIVATE_ISLAND, island: PRIVATE_ISLAND, HypixelData.serverId: null, serverId: mini146DW, serverType: SKYBLOCK, map: Private Island
15:56:38 ERROR: HypixelData.skyBlock: true, inSkyblock: true, HypixelData.hypixelLive: true, inHypixel: true, HypixelData.skyBlockIsland: PRIVATE_ISLAND, island: PRIVATE_ISLAND, HypixelData.serverId: null, serverId: mini146DW, serverType: SKYBLOCK, map: Private Island
15:56:38 ERROR: HypixelData.skyBlock: true, inSkyblock: true, HypixelData.hypixelLive: true, inHypixel: true, HypixelData.skyBlockIsland: PRIVATE_ISLAND, island: PRIVATE_ISLAND, HypixelData.serverId: null, serverId: mini146DW, serverType: SKYBLOCK, map: Private Island
15:56:38 ERROR: HypixelData.skyBlock: true, inSkyblock: true, HypixelData.hypixelLive: true, inHypixel: true, HypixelData.skyBlockIsland: PRIVATE_ISLAND, island: PRIVATE_ISLAND, HypixelData.serverId: null, serverId: mini146DW, serverType: SKYBLOCK, map: Private Island
15:56:38 ERROR: HypixelData.skyBlock: true, inSkyblock: true, HypixelData.hypixelLive: true, inHypixel: true, HypixelData.skyBlockIsland: PRIVATE_ISLAND, island: PRIVATE_ISLAND, HypixelData.serverId: null, serverId: mini146DW, serverType: SKYBLOCK, map: Private Island
15:56:38 ERROR: HypixelData.skyBlock: true, inSkyblock: true, HypixelData.hypixelLive: true, inHypixel: true, HypixelData.skyBlockIsland: PRIVATE_ISLAND, island: PRIVATE_ISLAND, HypixelData.serverId: null, serverId: mini146DW, serverType: SKYBLOCK, map: Private Island
15:56:38 ERROR: HypixelData.skyBlock: true, inSkyblock: true, HypixelData.hypixelLive: true, inHypixel: true, HypixelData.skyBlockIsland: PRIVATE_ISLAND, island: PRIVATE_ISLAND, HypixelData.serverId: null, serverId: mini146DW, serverType: SKYBLOCK, map: Private Island
15:56:38 ERROR: HypixelData.skyBlock: true, inSkyblock: true, HypixelData.hypixelLive: true, inHypixel: true, HypixelData.skyBlockIsland: PRIVATE_ISLAND, island: PRIVATE_ISLAND, HypixelData.serverId: null, serverId: mini146DW, serverType: SKYBLOCK, map: Private Island
15:56:38 ERROR: HypixelData.skyBlock: true, inSkyblock: true, HypixelData.hypixelLive: true, inHypixel: true, HypixelData.skyBlockIsland: PRIVATE_ISLAND, island: PRIVATE_ISLAND, HypixelData.serverId: null, serverId: mini146DW, serverType: SKYBLOCK, map: Private Island
15:56:38 ERROR: HypixelData.skyBlock: true, inSkyblock: true, HypixelData.hypixelLive: true, inHypixel: true, HypixelData.skyBlockIsland: PRIVATE_ISLAND, island: PRIVATE_ISLAND, HypixelData.serverId: null, serverId: mini146DW, serverType: SKYBLOCK, map: Private Island
15:56:38 ERROR: HypixelData.skyBlock: true, inSkyblock: true, HypixelData.hypixelLive: true, inHypixel: true, HypixelData.skyBlockIsland: PRIVATE_ISLAND, island: PRIVATE_ISLAND, HypixelData.serverId: null, serverId: mini146DW, serverType: SKYBLOCK, map: Private Island
15:56:38 ERROR: HypixelData.skyBlock: true, inSkyblock: true, HypixelData.hypixelLive: true, inHypixel: true, HypixelData.skyBlockIsland: PRIVATE_ISLAND, island: PRIVATE_ISLAND, HypixelData.serverId: null, serverId: mini146DW, serverType: SKYBLOCK, map: Private Island
15:56:38 ERROR: HypixelData.skyBlock: true, inSkyblock: true, HypixelData.hypixelLive: true, inHypixel: true, HypixelData.skyBlockIsland: PRIVATE_ISLAND, island: PRIVATE_ISLAND, HypixelData.serverId: null, serverId: mini146DW, serverType: SKYBLOCK, map: Private Island
16:00:19 ERROR: HypixelData.skyBlock: false, inSkyblock: true, HypixelData.hypixelLive: true, inHypixel: true, HypixelData.skyBlockIsland: PRIVATE_ISLAND, island: PRIVATE_ISLAND, HypixelData.serverId: null, serverId: mini146DW, serverType: SKYBLOCK, map: Private Island
16:00:19 ERROR: HypixelData.skyBlock: false, inSkyblock: true, HypixelData.hypixelLive: true, inHypixel: true, HypixelData.skyBlockIsland: PRIVATE_ISLAND, island: PRIVATE_ISLAND, HypixelData.serverId: null, serverId: mini146DW, serverType: SKYBLOCK, map: Private Island
16:00:19 ERROR: HypixelData.skyBlock: false, inSkyblock: true, HypixelData.hypixelLive: true, inHypixel: true, HypixelData.skyBlockIsland: PRIVATE_ISLAND, island: PRIVATE_ISLAND, HypixelData.serverId: null, serverId: mini146DW, serverType: SKYBLOCK, map: Private Island
16:00:19 ERROR: HypixelData.skyBlock: false, inSkyblock: true, HypixelData.hypixelLive: true, inHypixel: true, HypixelData.skyBlockIsland: PRIVATE_ISLAND, island: PRIVATE_ISLAND, HypixelData.serverId: null, serverId: mini146DW, serverType: SKYBLOCK, map: Private Island
16:00:19 ERROR: HypixelData.skyBlock: false, inSkyblock: true, HypixelData.hypixelLive: true, inHypixel: true, HypixelData.skyBlockIsland: PRIVATE_ISLAND, island: PRIVATE_ISLAND, HypixelData.serverId: null, serverId: mini146DW, serverType: SKYBLOCK, map: Private Island
16:00:19 ERROR: HypixelData.skyBlock: false, inSkyblock: true, HypixelData.hypixelLive: true, inHypixel: true, HypixelData.skyBlockIsland: PRIVATE_ISLAND, island: PRIVATE_ISLAND, HypixelData.serverId: null, serverId: mini146DW, serverType: SKYBLOCK, map: Private Island
16:00:19 ERROR: HypixelData.skyBlock: false, inSkyblock: true, HypixelData.hypixelLive: true, inHypixel: true, HypixelData.skyBlockIsland: PRIVATE_ISLAND, island: PRIVATE_ISLAND, HypixelData.serverId: null, serverId: mini146DW, serverType: SKYBLOCK, map: Private Island
16:00:19 ERROR: HypixelData.skyBlock: false, inSkyblock: true, HypixelData.hypixelLive: true, inHypixel: true, HypixelData.skyBlockIsland: PRIVATE_ISLAND, island: PRIVATE_ISLAND, HypixelData.serverId: null, serverId: mini146DW, serverType: SKYBLOCK, map: Private Island
16:00:19 ERROR: HypixelData.skyBlock: false, inSkyblock: true, HypixelData.hypixelLive: true, inHypixel: true, HypixelData.skyBlockIsland: PRIVATE_ISLAND, island: PRIVATE_ISLAND, HypixelData.serverId: null, serverId: mini146DW, serverType: SKYBLOCK, map: Private Island
16:00:19 HypixelApiServerChangeEvent(serverName=mini93BR, serverType=SKYBLOCK, lobbyName=null, mode=hub, map=Hub)
16:00:19 Island detected: 'HUB'
16:00:19 Island change: 'PRIVATE_ISLAND' -> 'HUB'
16:00:19 ERROR: HypixelData.skyBlock: true, inSkyblock: true, HypixelData.hypixelLive: true, inHypixel: true, HypixelData.skyBlockIsland: HUB, island: HUB, HypixelData.serverId: null, serverId: mini93BR, serverType: SKYBLOCK, map: Hub
16:00:19 ERROR: HypixelData.skyBlock: true, inSkyblock: true, HypixelData.hypixelLive: true, inHypixel: true, HypixelData.skyBlockIsland: HUB, island: HUB, HypixelData.serverId: null, serverId: mini93BR, serverType: SKYBLOCK, map: Hub
16:00:19 ERROR: HypixelData.skyBlock: true, inSkyblock: true, HypixelData.hypixelLive: true, inHypixel: true, HypixelData.skyBlockIsland: HUB, island: HUB, HypixelData.serverId: null, serverId: mini93BR, serverType: SKYBLOCK, map: Hub
16:00:19 ERROR: HypixelData.skyBlock: true, inSkyblock: true, HypixelData.hypixelLive: true, inHypixel: true, HypixelData.skyBlockIsland: HUB, island: HUB, HypixelData.serverId: null, serverId: mini93BR, serverType: SKYBLOCK, map: Hub
16:00:20 ERROR: HypixelData.skyBlock: true, inSkyblock: true, HypixelData.hypixelLive: true, inHypixel: true, HypixelData.skyBlockIsland: HUB, island: HUB, HypixelData.serverId: null, serverId: mini93BR, serverType: SKYBLOCK, map: Hub
16:00:20 ERROR: HypixelData.skyBlock: true, inSkyblock: true, HypixelData.hypixelLive: true, inHypixel: true, HypixelData.skyBlockIsland: HUB, island: HUB, HypixelData.serverId: null, serverId: mini93BR, serverType: SKYBLOCK, map: Hub
16:00:20 ERROR: HypixelData.skyBlock: true, inSkyblock: true, HypixelData.hypixelLive: true, inHypixel: true, HypixelData.skyBlockIsland: HUB, island: HUB, HypixelData.serverId: null, serverId: mini93BR, serverType: SKYBLOCK, map: Hub
16:00:20 ERROR: HypixelData.skyBlock: true, inSkyblock: true, HypixelData.hypixelLive: true, inHypixel: true, HypixelData.skyBlockIsland: HUB, island: HUB, HypixelData.serverId: null, serverId: mini93BR, serverType: SKYBLOCK, map: Hub
16:00:20 ERROR: HypixelData.skyBlock: true, inSkyblock: true, HypixelData.hypixelLive: true, inHypixel: true, HypixelData.skyBlockIsland: HUB, island: HUB, HypixelData.serverId: null, serverId: mini93BR, serverType: SKYBLOCK, map: Hub
16:00:20 ERROR: HypixelData.skyBlock: true, inSkyblock: true, HypixelData.hypixelLive: true, inHypixel: true, HypixelData.skyBlockIsland: HUB, island: HUB, HypixelData.serverId: null, serverId: mini93BR, serverType: SKYBLOCK, map: Hub
16:00:20 ERROR: HypixelData.skyBlock: true, inSkyblock: true, HypixelData.hypixelLive: true, inHypixel: true, HypixelData.skyBlockIsland: HUB, island: HUB, HypixelData.serverId: null, serverId: mini93BR, serverType: SKYBLOCK, map: Hub
16:00:20 ERROR: HypixelData.skyBlock: true, inSkyblock: true, HypixelData.hypixelLive: true, inHypixel: true, HypixelData.skyBlockIsland: HUB, island: HUB, HypixelData.serverId: null, serverId: mini93BR, serverType: SKYBLOCK, map: Hub
16:05:54 HypixelApiServerChangeEvent(serverName=mini211W, serverType=SKYBLOCK, lobbyName=null, mode=dynamic, map=Private Island)
16:05:54 Island detected: 'PRIVATE_ISLAND'
16:05:54 ERROR: HypixelData.skyBlock: false, inSkyblock: true, HypixelData.hypixelLive: true, inHypixel: true, HypixelData.skyBlockIsland: HUB, island: HUB, HypixelData.serverId: null, serverId: mini211W, serverType: SKYBLOCK, map: Private Island
16:05:54 ERROR: HypixelData.skyBlock: false, inSkyblock: true, HypixelData.hypixelLive: true, inHypixel: true, HypixelData.skyBlockIsland: HUB, island: HUB, HypixelData.serverId: null, serverId: mini211W, serverType: SKYBLOCK, map: Private Island
16:05:54 ERROR: HypixelData.skyBlock: false, inSkyblock: true, HypixelData.hypixelLive: true, inHypixel: true, HypixelData.skyBlockIsland: HUB, island: HUB, HypixelData.serverId: null, serverId: mini211W, serverType: SKYBLOCK, map: Private Island
16:05:54 ERROR: HypixelData.skyBlock: false, inSkyblock: true, HypixelData.hypixelLive: true, inHypixel: true, HypixelData.skyBlockIsland: HUB, island: HUB, HypixelData.serverId: null, serverId: mini211W, serverType: SKYBLOCK, map: Private Island
16:05:54 ERROR: HypixelData.skyBlock: false, inSkyblock: true, HypixelData.hypixelLive: true, inHypixel: true, HypixelData.skyBlockIsland: HUB, island: HUB, HypixelData.serverId: null, serverId: mini211W, serverType: SKYBLOCK, map: Private Island
16:05:54 ERROR: HypixelData.skyBlock: false, inSkyblock: true, HypixelData.hypixelLive: true, inHypixel: true, HypixelData.skyBlockIsland: HUB, island: HUB, HypixelData.serverId: null, serverId: mini211W, serverType: SKYBLOCK, map: Private Island
16:05:54 ERROR: HypixelData.skyBlock: false, inSkyblock: true, HypixelData.hypixelLive: true, inHypixel: true, HypixelData.skyBlockIsland: HUB, island: HUB, HypixelData.serverId: null, serverId: mini211W, serverType: SKYBLOCK, map: Private Island
16:05:54 ERROR: HypixelData.skyBlock: false, inSkyblock: true, HypixelData.hypixelLive: true, inHypixel: true, HypixelData.skyBlockIsland: HUB, island: HUB, HypixelData.serverId: null, serverId: mini211W, serverType: SKYBLOCK, map: Private Island
16:05:54 ERROR: HypixelData.skyBlock: false, inSkyblock: true, HypixelData.hypixelLive: true, inHypixel: true, HypixelData.skyBlockIsland: HUB, island: HUB, HypixelData.serverId: null, serverId: mini211W, serverType: SKYBLOCK, map: Private Island
16:05:54 ERROR: HypixelData.skyBlock: false, inSkyblock: true, HypixelData.hypixelLive: true, inHypixel: true, HypixelData.skyBlockIsland: HUB, island: HUB, HypixelData.serverId: null, serverId: mini211W, serverType: SKYBLOCK, map: Private Island
16:05:54 ERROR: HypixelData.skyBlock: false, inSkyblock: true, HypixelData.hypixelLive: true, inHypixel: true, HypixelData.skyBlockIsland: HUB, island: HUB, HypixelData.serverId: null, serverId: mini211W, serverType: SKYBLOCK, map: Private Island
16:05:54 ERROR: HypixelData.skyBlock: false, inSkyblock: true, HypixelData.hypixelLive: true, inHypixel: true, HypixelData.skyBlockIsland: HUB, island: HUB, HypixelData.serverId: null, serverId: mini211W, serverType: SKYBLOCK, map: Private Island
16:05:54 Island change: 'HUB' -> 'PRIVATE_ISLAND'
16:05:54 ERROR: HypixelData.skyBlock: true, inSkyblock: true, HypixelData.hypixelLive: true, inHypixel: true, HypixelData.skyBlockIsland: NONE, island: PRIVATE_ISLAND, HypixelData.serverId: null, serverId: mini211W, serverType: SKYBLOCK, map: Private Island
16:05:54 ERROR: HypixelData.skyBlock: true, inSkyblock: true, HypixelData.hypixelLive: true, inHypixel: true, HypixelData.skyBlockIsland: NONE, island: PRIVATE_ISLAND, HypixelData.serverId: null, serverId: mini211W, serverType: SKYBLOCK, map: Private Island
16:05:55 ERROR: HypixelData.skyBlock: true, inSkyblock: true, HypixelData.hypixelLive: true, inHypixel: true, HypixelData.skyBlockIsland: NONE, island: PRIVATE_ISLAND, HypixelData.serverId: null, serverId: mini211W, serverType: SKYBLOCK, map: Private Island
16:05:55 ERROR: HypixelData.skyBlock: true, inSkyblock: true, HypixelData.hypixelLive: true, inHypixel: true, HypixelData.skyBlockIsland: NONE, island: PRIVATE_ISLAND, HypixelData.serverId: null, serverId: mini211W, serverType: SKYBLOCK, map: Private Island
16:05:55 ERROR: HypixelData.skyBlock: true, inSkyblock: true, HypixelData.hypixelLive: true, inHypixel: true, HypixelData.skyBlockIsland: NONE, island: PRIVATE_ISLAND, HypixelData.serverId: null, serverId: mini211W, serverType: SKYBLOCK, map: Private Island
16:05:55 ERROR: HypixelData.skyBlock: true, inSkyblock: true, HypixelData.hypixelLive: true, inHypixel: true, HypixelData.skyBlockIsland: NONE, island: PRIVATE_ISLAND, HypixelData.serverId: null, serverId: mini211W, serverType: SKYBLOCK, map: Private Island
16:05:55 ERROR: HypixelData.skyBlock: true, inSkyblock: true, HypixelData.hypixelLive: true, inHypixel: true, HypixelData.skyBlockIsland: NONE, island: PRIVATE_ISLAND, HypixelData.serverId: null, serverId: mini211W, serverType: SKYBLOCK, map: Private Island
16:05:55 ERROR: HypixelData.skyBlock: true, inSkyblock: true, HypixelData.hypixelLive: true, inHypixel: true, HypixelData.skyBlockIsland: NONE, island: PRIVATE_ISLAND, HypixelData.serverId: null, serverId: mini211W, serverType: SKYBLOCK, map: Private Island
16:05:55 ERROR: HypixelData.skyBlock: true, inSkyblock: true, HypixelData.hypixelLive: true, inHypixel: true, HypixelData.skyBlockIsland: PRIVATE_ISLAND, island: PRIVATE_ISLAND, HypixelData.serverId: null, serverId: mini211W, serverType: SKYBLOCK, map: Private Island
16:05:55 ERROR: HypixelData.skyBlock: true, inSkyblock: true, HypixelData.hypixelLive: true, inHypixel: true, HypixelData.skyBlockIsland: PRIVATE_ISLAND, island: PRIVATE_ISLAND, HypixelData.serverId: null, serverId: mini211W, serverType: SKYBLOCK, map: Private Island
16:05:55 ERROR: HypixelData.skyBlock: true, inSkyblock: true, HypixelData.hypixelLive: true, inHypixel: true, HypixelData.skyBlockIsland: PRIVATE_ISLAND, island: PRIVATE_ISLAND, HypixelData.serverId: null, serverId: mini211W, serverType: SKYBLOCK, map: Private Island
16:05:55 ERROR: HypixelData.skyBlock: true, inSkyblock: true, HypixelData.hypixelLive: true, inHypixel: true, HypixelData.skyBlockIsland: PRIVATE_ISLAND, island: PRIVATE_ISLAND, HypixelData.serverId: null, serverId: mini211W, serverType: SKYBLOCK, map: Private Island
16:05:55 ERROR: HypixelData.skyBlock: true, inSkyblock: true, HypixelData.hypixelLive: true, inHypixel: true, HypixelData.skyBlockIsland: PRIVATE_ISLAND, island: PRIVATE_ISLAND, HypixelData.serverId: null, serverId: mini211W, serverType: SKYBLOCK, map: Private Island
16:05:55 ERROR: HypixelData.skyBlock: true, inSkyblock: true, HypixelData.hypixelLive: true, inHypixel: true, HypixelData.skyBlockIsland: PRIVATE_ISLAND, island: PRIVATE_ISLAND, HypixelData.serverId: null, serverId: mini211W, serverType: SKYBLOCK, map: Private Island
16:05:55 ERROR: HypixelData.skyBlock: true, inSkyblock: true, HypixelData.hypixelLive: true, inHypixel: true, HypixelData.skyBlockIsland: PRIVATE_ISLAND, island: PRIVATE_ISLAND, HypixelData.serverId: null, serverId: mini211W, serverType: SKYBLOCK, map: Private Island
16:05:55 ERROR: HypixelData.skyBlock: true, inSkyblock: true, HypixelData.hypixelLive: true, inHypixel: true, HypixelData.skyBlockIsland: PRIVATE_ISLAND, island: PRIVATE_ISLAND, HypixelData.serverId: null, serverId: mini211W, serverType: SKYBLOCK, map: Private Island
16:05:55 ERROR: HypixelData.skyBlock: true, inSkyblock: true, HypixelData.hypixelLive: true, inHypixel: true, HypixelData.skyBlockIsland: PRIVATE_ISLAND, island: PRIVATE_ISLAND, HypixelData.serverId: null, serverId: mini211W, serverType: SKYBLOCK, map: Private Island
16:05:55 ERROR: HypixelData.skyBlock: true, inSkyblock: true, HypixelData.hypixelLive: true, inHypixel: true, HypixelData.skyBlockIsland: PRIVATE_ISLAND, island: PRIVATE_ISLAND, HypixelData.serverId: null, serverId: mini211W, serverType: SKYBLOCK, map: Private Island
16:05:55 ERROR: HypixelData.skyBlock: true, inSkyblock: true, HypixelData.hypixelLive: true, inHypixel: true, HypixelData.skyBlockIsland: PRIVATE_ISLAND, island: PRIVATE_ISLAND, HypixelData.serverId: null, serverId: mini211W, serverType: SKYBLOCK, map: Private Island
16:05:55 ERROR: HypixelData.skyBlock: true, inSkyblock: true, HypixelData.hypixelLive: true, inHypixel: true, HypixelData.skyBlockIsland: PRIVATE_ISLAND, island: PRIVATE_ISLAND, HypixelData.serverId: null, serverId: mini211W, serverType: SKYBLOCK, map: Private Island
16:05:55 ERROR: HypixelData.skyBlock: true, inSkyblock: true, HypixelData.hypixelLive: true, inHypixel: true, HypixelData.skyBlockIsland: PRIVATE_ISLAND, island: PRIVATE_ISLAND, HypixelData.serverId: null, serverId: mini211W, serverType: SKYBLOCK, map: Private Island
16:05:55 ERROR: HypixelData.skyBlock: true, inSkyblock: true, HypixelData.hypixelLive: true, inHypixel: true, HypixelData.skyBlockIsland: PRIVATE_ISLAND, island: PRIVATE_ISLAND, HypixelData.serverId: null, serverId: mini211W, serverType: SKYBLOCK, map: Private Island
16:05:56 ERROR: HypixelData.skyBlock: true, inSkyblock: true, HypixelData.hypixelLive: true, inHypixel: true, HypixelData.skyBlockIsland: PRIVATE_ISLAND, island: PRIVATE_ISLAND, HypixelData.serverId: null, serverId: mini211W, serverType: SKYBLOCK, map: Private Island
16:05:56 ERROR: HypixelData.skyBlock: true, inSkyblock: true, HypixelData.hypixelLive: true, inHypixel: true, HypixelData.skyBlockIsland: PRIVATE_ISLAND, island: PRIVATE_ISLAND, HypixelData.serverId: null, serverId: mini211W, serverType: SKYBLOCK, map: Private Island
16:05:56 ERROR: HypixelData.skyBlock: true, inSkyblock: true, HypixelData.hypixelLive: true, inHypixel: true, HypixelData.skyBlockIsland: PRIVATE_ISLAND, island: PRIVATE_ISLAND, HypixelData.serverId: null, serverId: mini211W, serverType: SKYBLOCK, map: Private Island
16:10:00 Disconnected
