12:06:57 Trying to load config from config\skyhanni\config.json
12:06:57 load-config-now
12:06:57 Loaded config from file
12:06:57 Trying to load sacks from config\skyhanni\sacks.json
12:06:57 load-sacks-now
12:06:57 Loaded sacks from file
12:06:57 Trying to load friends from config\skyhanni\friends.json
12:06:57 load-friends-now
12:06:57 Loaded friends from file
12:06:57 Trying to load known_features from config\skyhanni\known_features.json
12:06:57 load-known_features-now
12:06:57 Loaded known_features from file
12:06:57 Trying to load jacob_contests from config\skyhanni\jacob_contests.json
12:06:57 load-jacob_contests-now
12:06:57 Loaded jacob_contests from file
12:06:57 Trying to load visual_words from config\skyhanni\visual_words.json
12:06:57 Setting visual_words to be blank as it did not exist. It will be saved once something is written to it
12:07:43 saveConfig: Updated known feature flags
12:07:43 Saving known_features file
12:07:43 Saved known_features file successfully
12:07:43 saveConfig: Updated known feature flags
12:07:43 Saving known_features file
12:07:43 Saved known_features file successfully
12:07:57 saveConfig: auto-save-60s
12:07:57 Saving config file
12:07:57 Saved config file successfully
12:07:57 saveConfig: auto-save-60s
12:07:57 Saving config file
12:07:57 Saved config file successfully
12:08:57 saveConfig: auto-save-60s
12:08:57 Saving config file
12:08:57 Saved config file successfully
12:08:57 saveConfig: auto-save-60s
12:08:57 Saving config file
12:08:57 Saved config file successfully
12:09:57 saveConfig: auto-save-60s
12:09:57 Saving config file
12:09:57 Saved config file successfully
12:09:57 saveConfig: auto-save-60s
12:09:57 Saving config file
12:09:57 Saved config file successfully
12:10:57 saveConfig: auto-save-60s
12:10:57 Saving config file
12:10:57 Saved config file successfully
12:10:57 saveConfig: auto-save-60s
12:10:57 Saving config file
12:10:57 Saved config file successfully
12:11:57 saveConfig: auto-save-60s
12:11:57 Saving config file
12:11:57 Saved config file successfully
12:11:57 saveConfig: auto-save-60s
12:11:57 Saving config file
12:11:57 Saved config file successfully
12:12:57 saveConfig: auto-save-60s
12:12:57 Saving config file
12:12:57 Saved config file successfully
12:12:57 saveConfig: auto-save-60s
12:12:57 Saving config file
12:12:57 Saved config file successfully
12:13:57 saveConfig: auto-save-60s
12:13:57 Saving config file
12:13:57 Saved config file successfully
12:13:57 saveConfig: auto-save-60s
12:13:57 Saving config file
12:13:57 Saved config file successfully
12:14:57 saveConfig: auto-save-60s
12:14:57 Saving config file
12:14:57 Saved config file successfully
12:14:57 saveConfig: auto-save-60s
12:14:57 Saving config file
12:14:57 Saved config file successfully
12:15:57 saveConfig: auto-save-60s
12:15:57 Saving config file
12:15:57 Saved config file successfully
12:15:57 saveConfig: auto-save-60s
12:15:57 Saving config file
12:15:57 Saved config file successfully
12:16:57 saveConfig: auto-save-60s
12:16:57 Saving config file
12:16:57 Saved config file successfully
12:16:57 saveConfig: auto-save-60s
12:16:57 Saving config file
12:16:57 Saved config file successfully
12:17:29 saveConfig: saving-data
12:17:29 Saving sacks file
12:17:29 Saved sacks file successfully
12:17:29 saveConfig: saving-data
12:17:29 Saving sacks file
12:17:29 Saved sacks file successfully
12:17:35 saveConfig: saving-data
12:17:35 Saving sacks file
12:17:35 Saved sacks file successfully
12:17:35 saveConfig: saving-data
12:17:35 Saving sacks file
12:17:35 Saved sacks file successfully
12:17:57 saveConfig: auto-save-60s
12:17:57 Saving config file
12:17:57 Saved config file successfully
12:17:57 saveConfig: auto-save-60s
12:17:57 Saving config file
12:17:57 Saved config file successfully
12:18:09 saveConfig: saving-data
12:18:09 Saving sacks file
12:18:09 Saved sacks file successfully
12:18:09 saveConfig: saving-data
12:18:09 Saving sacks file
12:18:09 Saved sacks file successfully
12:18:38 saveConfig: saving-data
12:18:38 Saving sacks file
12:18:38 Saved sacks file successfully
12:18:38 saveConfig: saving-data
12:18:38 Saving sacks file
12:18:38 Saved sacks file successfully
12:18:54 saveConfig: saving-data
12:18:54 Saving sacks file
12:18:54 Saved sacks file successfully
12:18:54 saveConfig: saving-data
12:18:54 Saving sacks file
12:18:54 Saved sacks file successfully
12:18:57 saveConfig: auto-save-60s
12:18:57 Saving config file
12:18:57 Saved config file successfully
12:18:57 saveConfig: auto-save-60s
12:18:57 Saving config file
12:18:57 Saved config file successfully
12:19:03 saveConfig: saving-data
12:19:03 Saving sacks file
12:19:03 Saved sacks file successfully
12:19:03 saveConfig: saving-data
12:19:03 Saving sacks file
12:19:03 Saved sacks file successfully
12:19:57 saveConfig: auto-save-60s
12:19:57 Saving config file
12:19:57 Saved config file successfully
12:19:57 saveConfig: auto-save-60s
12:19:57 Saving config file
12:19:57 Saved config file successfully
12:20:57 saveConfig: auto-save-60s
12:20:57 Saving config file
12:20:57 Saved config file successfully
12:20:57 saveConfig: auto-save-60s
12:20:57 Saving config file
12:20:57 Saved config file successfully
12:21:57 saveConfig: auto-save-60s
12:21:57 Saving config file
12:21:57 Saved config file successfully
12:21:57 saveConfig: auto-save-60s
12:21:57 Saving config file
12:21:57 Saved config file successfully
12:22:57 saveConfig: auto-save-60s
12:22:57 Saving config file
12:22:57 Saved config file successfully
12:22:57 saveConfig: auto-save-60s
12:22:57 Saving config file
12:22:57 Saved config file successfully
12:23:32 saveConfig: saving-data
12:23:32 Saving sacks file
12:23:32 Saved sacks file successfully
12:23:32 saveConfig: saving-data
12:23:32 Saving sacks file
12:23:32 Saved sacks file successfully
12:23:57 saveConfig: auto-save-60s
12:23:57 Saving config file
12:23:57 Saved config file successfully
12:23:57 saveConfig: auto-save-60s
12:23:57 Saving config file
12:23:57 Saved config file successfully
12:24:34 saveConfig: shutdown-hook
12:24:34 Saving config file
