15:50:40 [allowed] §f §r§r§r§f §r§r§r§1 §r§r§r§0 §r§r§r§2 §r§r§r§f §r§r§r§f §r§r§r§2 §r§r§r§0 §r§r§r§4 §r§r§r§3 §r§r§r§9 §r§r§r§2 §r§r§r§0 §r§r§r§0 §r§r§r§3 §r§r§r§9 §r§r§r§2 §r§r§r§0 §r§r§r§0 §r§r§r§3 §r§r§r§9 §r§r§r§2 §r§r§r§0 §r§r§r§0 
15:50:42 [allowed] §b[MVP§c+§b] GAMEME794§f §6joined the lobby!
15:50:58 [allowed] §9§m-----------------------------------------------------
15:50:58 [allowed] §cYou are not currently in a party.
15:50:58 [allowed] §9§m-----------------------------------------------------
15:51:03 [allowed] §7Sending to server mini22CJ...
15:51:03 [allowed] §8 §r§8 §r§1 §r§3 §r§3 §r§7 §r§8 
15:51:03 [allowed] §aSince you've been away you earned §r§6530,000 coins §r§aas interest in your personal bank account!
15:51:06 [allowed] 
15:51:06 [allowed] §eWelcome to §r§aHypixel SkyBlock§r§e!
15:51:06 [allowed] 
15:51:06 [allowed] §eLatest update: §bSkyBlock v0.22.1 §e§lCLICK
15:51:06 [allowed] §aYou are playing on profile: §eCucumber
15:51:06 [allowed] §8Profile ID: d3b760d9-e0d9-41d4-8f47-31e118afcace
15:51:07 [allowed]  
15:51:07 [STASH_COMPACT] §f                 §7You have §3802 §7materials stashed away!
15:51:07 [STASH_COMPACT] §f              §8(This totals 9 types of materials stashed!)
15:51:07 [STASH_COMPACT] §f                §3§l>>> §3§lCLICK HERE§b to pick them up! §3§l<<<
15:51:07 [STASH_COMPACT]   
15:51:07 [allowed] §6§lALLOWANCE! §r§eYou earned §r§620,000 coins§r§e!
15:51:08 [allowed]  
15:51:08 [STASH_COMPACT] §f                 §7You have §3802 §7materials stashed away!
15:51:08 [STASH_COMPACT] §f              §8(This totals 9 types of materials stashed!)
15:51:08 [STASH_COMPACT] §f                §3§l>>> §3§lCLICK HERE§b to pick them up! §3§l<<<
15:51:08 [STASH_COMPACT]   
15:51:51 [allowed] §b[SkyBlock] §r§a[VIP] _TanmaY_§r§f §r§eis visiting §r§aYour Island§r§e!
15:52:02 [allowed] §9§m-----------------------------------------------------§r§9
§r§a[VIP] _TanmaY_ §r§ehas invited you to join their party!
§r§eYou have §r§c60 §r§eseconds to accept. §r§6Click here to join!§r§9
§r§9§m-----------------------------------------------------
15:52:08 [allowed]  
15:52:08 [STASH_COMPACT] §f                 §7You have §3802 §7materials stashed away!
15:52:08 [STASH_COMPACT] §f              §8(This totals 9 types of materials stashed!)
15:52:08 [STASH_COMPACT] §f                §3§l>>> §3§lCLICK HERE§b to pick them up! §3§l<<<
15:52:08 [STASH_COMPACT]   
15:52:13 [allowed] §8[§r§a139§r§8] §r§b[MVP§r§c+§r§b] GAMEME794§r§f: gonna do what?
15:52:26 [allowed] §8[§r§2171§r§8] §r§6▒ §r§a[✌] §a[VIP] _TanmaY_§f§r§f: party
15:52:45 [allowed] §9§m-----------------------------------------------------§r§9
§r§eFriend request from §r§a[VIP] _TanmaY_§r§9
§r§a§l[ACCEPT]§r§8 - §r§c§l[DENY]§r§8 - §r§7§l[BLOCK]§r§9
§r§9§m-----------------------------------------------------
15:52:52 [allowed] §8[§r§2171§r§8] §r§6▒ §r§a[✌] §a[VIP] _TanmaY_§f§r§f: partyyy
15:52:54 [allowed] §8[§r§2171§r§8] §r§6▒ §r§a[✌] §a[VIP] _TanmaY_§f§r§f: join
15:52:56 [allowed] §9§m-----------------------------------------------------
15:52:56 [allowed] §aYou are now friends with §r§a[VIP] _TanmaY_
15:52:56 [allowed] §9§m-----------------------------------------------------
15:53:03 [allowed] §9§m-----------------------------------------------------
15:53:03 [allowed] §eThe party invite from §r§a[VIP] _TanmaY_ §r§ehas expired.
15:53:03 [allowed] §9§m-----------------------------------------------------
15:53:08 [allowed]  
15:53:08 [STASH_COMPACT] §f                 §7You have §3802 §7materials stashed away!
15:53:08 [STASH_COMPACT] §f              §8(This totals 9 types of materials stashed!)
15:53:08 [STASH_COMPACT] §f                §3§l>>> §3§lCLICK HERE§b to pick them up! §3§l<<<
15:53:08 [STASH_COMPACT]   
15:53:11 [allowed] §8[§r§a139§r§8] §r§b[MVP§r§c+§r§b] GAMEME794§r§f: i dont wanna dungeon
15:53:15 [allowed] §8[§r§2171§r§8] §r§6▒ §r§a[✌] §a[VIP] _TanmaY_§f§r§f: um
15:53:20 [allowed] §8[§r§2171§r§8] §r§6▒ §r§a[✌] §a[VIP] _TanmaY_§f§r§f: I said to do?
15:53:31 [allowed] §9§m-----------------------------------------------------
15:53:31 [allowed] §cYou cannot invite that player since they're not online.
15:53:31 [allowed] §9§m-----------------------------------------------------
15:53:36 [allowed] §8[§r§a139§r§8] §r§b[MVP§r§c+§r§b] GAMEME794§r§f: party
15:54:08 [allowed]  
15:54:08 [STASH_COMPACT] §f                 §7You have §3802 §7materials stashed away!
15:54:08 [STASH_COMPACT] §f              §8(This totals 9 types of materials stashed!)
15:54:08 [STASH_COMPACT] §f                §3§l>>> §3§lCLICK HERE§b to pick them up! §3§l<<<
15:54:08 [STASH_COMPACT]   
15:54:13 [allowed] §8[§r§2171§r§8] §r§6▒ §r§a[✌] §a[VIP] _TanmaY_§f§r§f: ?
15:54:21 [allowed] §9§m-----------------------------------------------------§r§9
§r§a[VIP] _TanmaY_ §r§ehas invited you to join their party!
§r§eYou have §r§c60 §r§eseconds to accept. §r§6Click here to join!§r§9
§r§9§m-----------------------------------------------------
15:54:23 [allowed] §9§m-----------------------------------------------------
15:54:23 [allowed] §eYou have joined §r§a[VIP] _TanmaY_'s §r§eparty!
15:54:23 [allowed] §9§m-----------------------------------------------------
15:54:26 [allowed]  §9§l» §a_TanmaY_ §eis traveling to §aPrivate Island §e§lFOLLOW
15:54:29 [allowed] §7Warping using transfer token...
15:54:29 [allowed] §cCouldn't warp you!
15:54:30 [allowed] §c§r§cCannot join this private island!
15:54:34 [allowed] §e⚠ §aYour drops can't be seen by other players in §bSkyBlock§a!
§aOnly you can pickup your dropped items!
§eClick here to disable this alert forever!
15:54:34 [allowed] §9Party §8> §a[VIP] _TanmaY_§f: §rwant any help
15:54:34 [allowed] §e⚠ §aYour drops can't be seen by other players in §bSkyBlock§a!
§aOnly you can pickup your dropped items!
§eClick here to disable this alert forever!
15:54:39 [allowed] §9Party §8> §a[VIP] _TanmaY_§f: §rwith anything
15:54:45 [allowed] §9Party §8> §b[MVP§c+§b] GAMEME794§f: §rna
15:54:45 [allowed]  §9§l» §a_TanmaY_ §eis traveling to §aHub §e§lFOLLOW
15:54:50 [allowed] §aYou are now in the §r§6PARTY§r§a channel
15:54:51 [allowed] §9Party §8> §a[VIP] _TanmaY_§f: §rt4 eman?
15:54:59 [allowed] §9Party §8> §b[MVP§c+§b] GAMEME794§f: §rwe almost same networth
15:55:04 [allowed] §9Party §8> §a[VIP] _TanmaY_§f: §roh lol
15:55:08 [allowed]  
15:55:08 [STASH_COMPACT] §f                 §7You have §3802 §7materials stashed away!
15:55:08 [STASH_COMPACT] §f              §8(This totals 9 types of materials stashed!)
15:55:08 [STASH_COMPACT] §f                §3§l>>> §3§lCLICK HERE§b to pick them up! §3§l<<<
15:55:08 [STASH_COMPACT]   
15:55:09 [allowed] §7Warping...
15:55:09 [allowed] §7Sending to server mini82AF...
15:55:10 [allowed] §8 §r§8 §r§1 §r§3 §r§3 §r§7 §r§8 
15:55:13 [allowed] §9Party §8> §a[VIP] _TanmaY_§f: §rbut that isn't correct
15:55:14 [allowed] §cYou are sending commands too fast! Please slow down.
15:55:14 [allowed] §aYou are playing on profile: §eCucumber
15:55:14 [allowed] §8Profile ID: d3b760d9-e0d9-41d4-8f47-31e118afcace
15:55:15 [allowed]  
15:55:15 [STASH_COMPACT] §f                 §7You have §3802 §7materials stashed away!
15:55:15 [STASH_COMPACT] §f              §8(This totals 9 types of materials stashed!)
15:55:15 [STASH_COMPACT] §f                §3§l>>> §3§lCLICK HERE§b to pick them up! §3§l<<<
15:55:15 [STASH_COMPACT]   
15:55:21 [allowed] §9Party §8> §a[VIP] _TanmaY_§f: §rI donated more than 5b to people
15:55:40 [allowed] §9Party §8> §b[MVP§c+§b] GAMEME794§f: §rit doesnt count
15:55:46 [allowed] §9Party §8> §a[VIP] _TanmaY_§f: §rik
15:55:47 [allowed] §7Claiming upgrade...
15:55:47 [allowed] §eYou claimed the §r§aAccessory Bag IV §r§eupgrade!
15:56:04 [allowed]  
15:56:04 [STASH_COMPACT] §f                 §7You have §3802 §7materials stashed away!
15:56:04 [STASH_COMPACT] §f              §8(This totals 9 types of materials stashed!)
15:56:04 [STASH_COMPACT] §f                §3§l>>> §3§lCLICK HERE§b to pick them up! §3§l<<<
15:56:04 [STASH_COMPACT]   
15:56:06 [allowed] §7Starting account upgrade...
15:56:06 [allowed] §eYou started the §r§aAccessory Bag V §r§eupgrade!
15:56:25 [allowed] §9Party §8> §b[MVP§c+§b] GAMEME794§f: §ri got bored with sb and left
15:56:35 [allowed] §7Warping you to your SkyBlock island...
15:56:36 [allowed] §7Sending to server mini146DW...
15:56:37 [allowed] §8 §r§8 §r§1 §r§3 §r§3 §r§7 §r§8 
15:56:37 [allowed] §9Party §8> §a[VIP] _TanmaY_§f: §rsame
15:56:39 [allowed] §aYou are playing on profile: §eCucumber
15:56:39 [allowed] §8Profile ID: d3b760d9-e0d9-41d4-8f47-31e118afcace
15:56:40 [allowed]  
15:56:40 [STASH_COMPACT] §f                 §7You have §3802 §7materials stashed away!
15:56:40 [STASH_COMPACT] §f              §8(This totals 9 types of materials stashed!)
15:56:40 [STASH_COMPACT] §f                §3§l>>> §3§lCLICK HERE§b to pick them up! §3§l<<<
15:56:40 [STASH_COMPACT]   
15:56:41 [allowed]  
15:56:41 [STASH_COMPACT] §f                 §7You have §3802 §7materials stashed away!
15:56:41 [STASH_COMPACT] §f              §8(This totals 9 types of materials stashed!)
15:56:41 [STASH_COMPACT] §f                §3§l>>> §3§lCLICK HERE§b to pick them up! §3§l<<<
15:56:41 [STASH_COMPACT]   
15:56:56 [allowed] §aYou received §r§6843,228.9 coins§r§a!
15:56:56 [allowed] §9Party §8> §a[VIP] _TanmaY_§f: §ru eman 5?
15:57:04 [allowed] §9Party §8> §b[MVP§c+§b] GAMEME794§f: §rwhat eman 5?
15:57:09 [allowed] §aYou received §r§6843,277.5 coins§r§a!
15:57:11 [allowed] §e⚠ §aYour drops can't be seen by other players in §bSkyBlock§a!
§aOnly you can pickup your dropped items!
§eClick here to disable this alert forever!
15:57:13 [allowed] §e⚠ §aYour drops can't be seen by other players in §bSkyBlock§a!
§aOnly you can pickup your dropped items!
§eClick here to disable this alert forever!
15:57:17 [allowed] §aYou received §r§6843,295.5 coins§r§a!
15:57:27 [allowed] §aYou received §r§6843,351.3 coins§r§a!
15:57:29 [allowed] §9Party §8> §a[VIP] _TanmaY_§f: §rcan u use juju
15:57:41 [allowed]  
15:57:41 [STASH_COMPACT] §f                 §7You have §3802 §7materials stashed away!
15:57:41 [STASH_COMPACT] §f              §8(This totals 9 types of materials stashed!)
15:57:41 [STASH_COMPACT] §f                §3§l>>> §3§lCLICK HERE§b to pick them up! §3§l<<<
15:57:41 [STASH_COMPACT]   
15:57:41 [allowed] §9Party §8> §b[MVP§c+§b] GAMEME794§f: §rya lol
15:57:44 [allowed] §aYou received §r§6843,263.1 coins§r§a!
15:57:48 [allowed] §e⚠ §aYour drops can't be seen by other players in §bSkyBlock§a!
§aOnly you can pickup your dropped items!
§eClick here to disable this alert forever!
15:57:53 [allowed] §aYou received §r§6843,307.2 coins§r§a!
15:57:55 [allowed] §e⚠ §aYour drops can't be seen by other players in §bSkyBlock§a!
§aOnly you can pickup your dropped items!
§eClick here to disable this alert forever!
15:57:56 [allowed] §e⚠ §aYour drops can't be seen by other players in §bSkyBlock§a!
§aOnly you can pickup your dropped items!
§eClick here to disable this alert forever!
15:58:14 [allowed] §9Party §8> §a[VIP] _TanmaY_§f: §rterm?
15:58:15 [allowed] §6[Sacks] §r§a+149§r§e items§r§e.§r§8 (Last 12s.)
15:58:20 [allowed] §9Party §8> §b[MVP§c+§b] GAMEME794§f: §rna ig
15:58:22 [allowed] §6[Sacks] §r§a+115§r§e items§r§e.§r§8 (Last 6s.)
15:58:27 [allowed] §aYou received §r§6843,355.8 coins§r§a!
15:58:33 [allowed] §aYou received §r§6843,404.4 coins§r§a!
15:58:34 [allowed] §9Party §8> §a[VIP] _TanmaY_§f: §rgot eman set?
15:58:40 [allowed] §9Party §8> §a[VIP] _TanmaY_§f: §rtp kill t4?
15:58:41 [allowed]  
15:58:41 [STASH_COMPACT] §f                 §7You have §3802 §7materials stashed away!
15:58:41 [STASH_COMPACT] §f              §8(This totals 9 types of materials stashed!)
15:58:41 [STASH_COMPACT] §f                §3§l>>> §3§lCLICK HERE§b to pick them up! §3§l<<<
15:58:41 [STASH_COMPACT]   
15:58:44 [allowed] §9Party §8> §a[VIP] _TanmaY_§f: §rto*
15:58:57 [allowed] §9Party §8> §b[MVP§c+§b] GAMEME794§f: §ri didnt kill eman 3 itself lol
15:59:08 [allowed] §9Party §8> §a[VIP] _TanmaY_§f: §rlol
15:59:12 [allowed] §9Party §8> §a[VIP] _TanmaY_§f: §rI solo t4
15:59:15 [allowed] §6[Sacks] §r§a+100§r§e items§r§e.§r§8 (Last 8s.)
15:59:16 [allowed] §9Party §8> §a[VIP] _TanmaY_§f: §rwanna do f7?
15:59:25 [allowed] §9Party §8> §b[MVP§c+§b] GAMEME794§f: §rna i suck at f7
15:59:31 [allowed] §9Party §8> §a[VIP] _TanmaY_§f: §rf6?
15:59:41 [allowed]  
15:59:41 [STASH_COMPACT] §f                 §7You have §3802 §7materials stashed away!
15:59:41 [STASH_COMPACT] §f              §8(This totals 9 types of materials stashed!)
15:59:41 [STASH_COMPACT] §f                §3§l>>> §3§lCLICK HERE§b to pick them up! §3§l<<<
15:59:41 [STASH_COMPACT]   
15:59:42 [allowed] §9Party §8> §b[MVP§c+§b] GAMEME794§f: §rnot intrested now
15:59:45 [allowed] §9Party §8> §b[MVP§c+§b] GAMEME794§f: §rlater maybe
15:59:49 [allowed] §9Party §8> §a[VIP] _TanmaY_§f: §rso what to do
15:59:56 [allowed] §9Party §8> §b[MVP§c+§b] GAMEME794§f: §rno idea
16:00:13 [allowed] §9Party §8> §a[VIP] _TanmaY_§f: §rI can help u at anything
16:00:17 [allowed] §9Party §8> §a[VIP] _TanmaY_§f: §rif u want
16:00:19 [allowed] §7Warping...
16:00:19 [allowed] §7Sending to server mini93BR...
16:00:19 [allowed] §8 §r§8 §r§1 §r§3 §r§3 §r§7 §r§8 
16:00:22 [allowed] §9Party §8> §a[VIP] _TanmaY_§f: §rslayer floor etc
16:00:22 [allowed] §aYou are playing on profile: §eCucumber
16:00:22 [allowed] §8Profile ID: d3b760d9-e0d9-41d4-8f47-31e118afcace
16:00:23 [allowed]  
16:00:23 [STASH_COMPACT] §f                 §7You have §3802 §7materials stashed away!
16:00:23 [STASH_COMPACT] §f              §8(This totals 9 types of materials stashed!)
16:00:23 [STASH_COMPACT] §f                §3§l>>> §3§lCLICK HERE§b to pick them up! §3§l<<<
16:00:23 [STASH_COMPACT]   
16:00:23 [allowed]  §9§l» §a_TanmaY_ §eis traveling to §aHub §e§lFOLLOW
16:00:26 [allowed] §9Party §8> §b[MVP§c+§b] GAMEME794§f: §ridk what to do here lol
16:00:27 [allowed]  
16:00:27 [STASH_COMPACT] §f                 §7You have §3802 §7materials stashed away!
16:00:27 [STASH_COMPACT] §f              §8(This totals 9 types of materials stashed!)
16:00:27 [STASH_COMPACT] §f                §3§l>>> §3§lCLICK HERE§b to pick them up! §3§l<<<
16:00:27 [STASH_COMPACT]   
16:00:30 [allowed] §9Party §8> §a[VIP] _TanmaY_§f: §r..
16:00:34 [allowed] §c ☠ §r§7§r§7ItsMega_bit§r§7 fell into the void§r§7.
16:00:38 [allowed] §8[§r§737§r§8] §r§7▒ §r§7FlareBlitzz§7§r§7: anyone have t1 inferno minion
16:00:47 [allowed] §8[§r§737§r§8] §r§7▒ §r§7FlareBlitzz§7§r§7: illl give 500k
16:01:11 [allowed] §dWarped to §r§bElection Room§r§d!
16:01:27 [allowed] §a-----------------------------------------------------
16:01:27 [allowed] §eYou voted for §r§aFoxy §r§ein the §r§bYear 415 Elections§r§e!
16:01:27 [allowed] §eAs an §bAttaché§e, your vote counts for §a25§e.
16:01:27 [allowed] §a-----------------------------------------------------
16:01:28 [allowed]  
16:01:28 [STASH_COMPACT] §f                 §7You have §3802 §7materials stashed away!
16:01:28 [STASH_COMPACT] §f              §8(This totals 9 types of materials stashed!)
16:01:28 [STASH_COMPACT] §f                §3§l>>> §3§lCLICK HERE§b to pick them up! §3§l<<<
16:01:28 [STASH_COMPACT]   
16:01:37 [allowed]  §9§l» §a_TanmaY_ §eis traveling to §aThe End §e§lFOLLOW
16:01:38 [allowed] §dWarped to §r§bCommunity Center§r§d!
16:01:53 [allowed] §9Party §8> §b[MVP§c+§b] GAMEME794§f: §rwhat modpack you use for skyblocks
16:02:01 [allowed] §9Party §8> §a[VIP] _TanmaY_§f: §rnothin
16:02:07 [allowed] §9Party §8> §a[VIP] _TanmaY_§f: §rclean game
16:02:12 [allowed]  §9§l» §a_TanmaY_ §eis traveling to §aHub §e§lFOLLOW
16:02:19 [allowed] §9Party §8> §b[MVP§c+§b] GAMEME794§f: §roh
16:02:25 [allowed] §9Party §8> §b[MVP§c+§b] GAMEME794§f: §rwhy
16:02:25 [allowed]  §9§l» §a_TanmaY_ §eis traveling to §aDungeon Hub §e§lFOLLOW
16:02:29 [allowed]  
16:02:29 [STASH_COMPACT] §f                 §7You have §3802 §7materials stashed away!
16:02:29 [STASH_COMPACT] §f              §8(This totals 9 types of materials stashed!)
16:02:29 [STASH_COMPACT] §f                §3§l>>> §3§lCLICK HERE§b to pick them up! §3§l<<<
16:02:29 [STASH_COMPACT]   
16:02:32 [allowed]  §9§l» §a_TanmaY_ §eis traveling to §aThe End §e§lFOLLOW
16:02:36 [allowed] §c ☠ §r§7§r§7ItsMega_bit§r§7 fell into the void§r§7.
16:02:39 [allowed] §9Party §8> §a[VIP] _TanmaY_§f: §ru girl?
16:02:46 [allowed] §9Party §8> §b[MVP§c+§b] GAMEME794§f: §rna
16:02:55 [allowed] §9Party §8> §a[VIP] _TanmaY_§f: §rohk
16:03:07 [allowed]  §9§l» §a_TanmaY_ §eis traveling to §aHub §e§lFOLLOW
16:03:24 [allowed] §aYou earned §r§2111 GEXP §r§a+ §r§b333 Event EXP §r§afrom playing SkyBlock!
16:03:25 [allowed] §9Party §8> §a[VIP] _TanmaY_§f: §rI think u girl
16:03:29 [allowed]  
16:03:29 [STASH_COMPACT] §f                 §7You have §3802 §7materials stashed away!
16:03:29 [STASH_COMPACT] §f              §8(This totals 9 types of materials stashed!)
16:03:29 [STASH_COMPACT] §f                §3§l>>> §3§lCLICK HERE§b to pick them up! §3§l<<<
16:03:29 [STASH_COMPACT]   
16:03:30 [allowed]  §9§l» §a_TanmaY_ §eis traveling to §aThe End §e§lFOLLOW
16:03:32 [allowed] §9Party §8> §b[MVP§c+§b] GAMEME794§f: §rnope
16:03:35 [allowed] §9Party §8> §a[VIP] _TanmaY_§f: §rk
16:03:53 [allowed] §9§m-----------------------------------------------------
16:03:53 [allowed] §a[VIP] _TanmaY_ §r§einvited §r§b[MVP§r§4+§r§b] YREF104 §r§eto the party! They have §r§c60 §r§eseconds to accept.
16:03:53 [allowed] §9§m-----------------------------------------------------
16:03:56 [allowed] §9Party §8> §b[MVP§c+§b] GAMEME794§f: §rwanna try my modpack?
16:04:02 [allowed] §9Party §8> §a[VIP] _TanmaY_§f: §rwhich?
16:04:12 [allowed] §9Party §8> §b[MVP§c+§b] GAMEME794§f: §rits in modrinth
16:04:21 [allowed] §9Party §8> §a[VIP] _TanmaY_§f: §rI am mobile player
16:04:30 [allowed]  
16:04:30 [STASH_COMPACT] §f                 §7You have §3802 §7materials stashed away!
16:04:30 [STASH_COMPACT] §f              §8(This totals 9 types of materials stashed!)
16:04:30 [STASH_COMPACT] §f                §3§l>>> §3§lCLICK HERE§b to pick them up! §3§l<<<
16:04:30 [STASH_COMPACT]   
16:04:40 [allowed] §9Party §8> §b[MVP§c+§b] GAMEME794§f: §rit still can work if you use forge mod loader
16:04:54 [allowed] §8Depositing coins...
16:04:54 [allowed] §aYou have deposited §r§66.8M coins§r§a! You now have §r§631.6M coins §r§ain your account!
16:04:57 [allowed] §9Party §8> §a[VIP] _TanmaY_§f: §rI get 20 fps with forge
16:05:05 [allowed] §9Party §8> §a[VIP] _TanmaY_§f: §rtried neu and sba
16:05:30 [allowed]  
16:05:30 [STASH_COMPACT] §f                 §7You have §3802 §7materials stashed away!
16:05:30 [STASH_COMPACT] §f              §8(This totals 9 types of materials stashed!)
16:05:30 [STASH_COMPACT] §f                §3§l>>> §3§lCLICK HERE§b to pick them up! §3§l<<<
16:05:30 [STASH_COMPACT]   
16:05:32 [allowed] §9Party §8> §b[MVP§c+§b] GAMEME794§f: §rhow much you get in normal
16:05:43 [allowed] §9Party §8> §a[VIP] _TanmaY_§f: §raround 60
16:05:53 [allowed] §7Switching to profile Kiwi...
16:05:54 [allowed] §7Sending to server mini211W...
16:05:54 [allowed] §8 §r§8 §r§1 §r§3 §r§3 §r§7 §r§8 
16:05:54 [allowed] §aYou gained §r§b38,400 Combat §r§aexperience from minions!
16:05:54 [allowed] §aYou gained §r§b133,376 Mining §r§aexperience from minions!
16:05:54 [allowed] §aYou gained §r§b107,675.1 Farming §r§aexperience from minions!
16:05:54 [allowed] §b-----------------------------------------------------
16:05:54 [allowed] §aYou have just received §r§699,025 coins §r§aas interest in your co-op bank account!
16:05:54 [allowed] §b-----------------------------------------------------
16:05:56 [allowed] §e§l▬▬▬▬▬▬▬▬▬▬▬▬▬▬▬▬▬▬▬▬▬▬▬▬▬▬▬▬▬▬▬▬▬▬▬▬▬▬▬▬▬▬▬▬▬▬▬▬▬▬▬▬▬▬▬▬▬▬▬▬▬▬▬▬
16:05:56 [allowed]   §r§6§lCOLLECTION LEVEL UP §eHemovibe §eVI
16:05:56 [allowed]    §r§b§lCO-OP » §r§7Unlocked while you were offline
16:05:56 [allowed] 
16:05:56 [allowed]   §r§a§lREWARDS
16:05:56 [allowed]     §r§7§aBlood Donor Ring §7Recipe
16:05:56 [allowed]     §r§7§8+§b4 SkyBlock XP
16:05:56 [allowed] §e§l▬▬▬▬▬▬▬▬▬▬▬▬▬▬▬▬▬▬▬▬▬▬▬▬▬▬▬▬▬▬▬▬▬▬▬▬▬▬▬▬▬▬▬▬▬▬▬▬▬▬▬▬▬▬▬▬▬▬▬▬▬▬▬▬
16:05:58 [allowed] §aYour profile was changed to: §eKiwi§b (Co-op)
16:05:58 [allowed] §8Profile ID: aefd10e6-e99a-4d2f-98bb-21b4da68f102
16:05:59 [allowed] §6§lALLOWANCE! §r§eYou earned §r§630,000 coins§r§e!
16:06:09 [allowed] §9Party §8> §a[VIP] _TanmaY_§f: §rwait 3 min spawned t4 eman
16:06:14 [allowed] §9Party §8> §b[MVP§c+§b] GAMEME794§f: §rthen its your optimisation issue
16:08:35 [allowed]  §9§l» §a_TanmaY_ §eis traveling to §aSpider's Den §e§lFOLLOW
16:08:38 [allowed] §9Party §8> §a[VIP] _TanmaY_§f: §rback
16:08:54 [allowed] §9Party §8> §a[VIP] _TanmaY_§f: §rwhat to do for optimisation
16:09:52 [allowed] §9Party §8> §b[MVP§c+§b] GAMEME794§f: §rtry my modpack maybe its heavy btw
16:09:55 [allowed] §9Party §8> §b[MVP§c+§b] GAMEME794§f: §rcome hrn
