12:07:59 `Pig`1472 missed {
 is already Found: false).
 Position: LorenzVec(x=-7.96875, y=70.0, z=-54.09375)
 DistanceC: 20.565734117734294
Relative Position: LorenzVec(x=-7.353852802837462, y=0.0, z=20.565734117734294)
 }
12:07:59 `Pig`1663 missed {
 is already Found: false).
 Position: LorenzVec(x=-5.847222222222222, y=70.0, z=-77.93402777777777)
 DistanceC: 5.2323250250596836
Relative Position: LorenzVec(x=-5.2323250250596836, y=0.0, z=-3.274543660043477)
 }
12:07:59 `Pig`2866 missed {
 is already Found: false).
 Position: LorenzVec(x=0.5625, y=70.0, z=-90.9375)
 DistanceC: 16.278015882265706
Relative Position: LorenzVec(x=1.1773971971625383, y=0.0, z=-16.278015882265706)
 }
12:08:02 `ukpe778qi6`528 missed {
 is already Found: false).
 Position: LorenzVec(x=-6.5, y=55.0, z=-95.5)
 DistanceC: 20.840515882265706
Relative Position: LorenzVec(x=-5.885102802837462, y=-15.0, z=-20.840515882265706)
 }
12:08:02 `7o97a883q8`496 missed {
 is already Found: false).
 Position: LorenzVec(x=23.0, y=77.0, z=-69.5)
 DistanceC: 23.614897197162538
Relative Position: LorenzVec(x=23.614897197162538, y=7.0, z=5.159484117734294)
 }
12:08:10 `Pig`553 missed {
 is already Found: false).
 Position: LorenzVec(x=-17.5, y=68.0, z=-106.5)
 DistanceC: 0.9778806293389977
Relative Position: LorenzVec(x=-0.9778806293389977, y=0.0, z=-0.2092459996345042)
 }
12:08:10 `Pig`1438 missed {
 is already Found: false).
 Position: LorenzVec(x=-21.90625, y=68.0, z=-114.32291666666666)
 DistanceC: 5.5659137086896635
Relative Position: LorenzVec(x=-4.0734808163548095, y=-2.1661092609382138, z=-5.5659137086896635)
 }
12:08:12 `6h8019721m`338 missed {
 is already Found: false).
 Position: LorenzVec(x=-37.5, y=68.0, z=-125.5)
 DistanceC: 20.19999998807907
Relative Position: LorenzVec(x=-20.19999998807907, y=-0.7139158647049584, z=-14.800000011920929)
 }
12:08:13 `Pig`3220 missed {
 is already Found: false).
 Position: LorenzVec(x=-12.0, y=70.0, z=-93.0)
 DistanceC: 17.69999998807907
Relative Position: LorenzVec(x=5.300000011920929, y=4.0, z=17.69999998807907)
 }
12:08:15 `Pig`2687 missed {
 is already Found: false).
 Position: LorenzVec(x=-21.09375, y=70.0, z=-129.125)
 DistanceC: 18.42500001192093
Relative Position: LorenzVec(x=-3.793749988079071, y=4.0, z=-18.42500001192093)
 }
12:08:17 `10gnh37h60`498 missed {
 is already Found: false).
 Position: LorenzVec(x=5.5, y=61.0, z=-134.0)
 DistanceC: 23.7520050699964
Relative Position: LorenzVec(x=22.569037595204087, y=-5.0, z=-23.7520050699964)
 }
12:08:27 `Pig`3141 missed {
 is already Found: false).
 Position: LorenzVec(x=14.875, y=70.0, z=-66.6875)
 DistanceC: 10.672406069785483
Relative Position: LorenzVec(x=10.672406069785483, y=-1.0013359791121417, z=9.53391448603287)
 }
12:08:30 `Pig`2745 missed {
 is already Found: false).
 Position: LorenzVec(x=12.25, y=70.0, z=-48.59375)
 DistanceC: 16.344379642921837
Relative Position: LorenzVec(x=5.1254945757857175, y=0.0, z=16.344379642921837)
 }
12:08:30 `Pig`3391 missed {
 is already Found: false).
 Position: LorenzVec(x=9.78125, y=70.0, z=-79.19791666666666)
 DistanceC: 14.25978702374482
Relative Position: LorenzVec(x=2.6567445757857175, y=0.0, z=-14.25978702374482)
 }
12:08:33 `jogieho18q`228 missed {
 is already Found: false).
 Position: LorenzVec(x=22.0, y=71.0, z=-45.5)
 DistanceC: 19.438129642921837
Relative Position: LorenzVec(x=14.875494575785718, y=1.0, z=19.438129642921837)
 }
12:08:34 `drb9e86w6s`229 missed {
 is already Found: false).
 Position: LorenzVec(x=25.0, y=65.0, z=-41.0)
 DistanceC: 23.938129642921837
Relative Position: LorenzVec(x=17.875494575785716, y=-5.0, z=23.938129642921837)
 }
12:08:36 `Pig`2396 missed {
 is already Found: false).
 Position: LorenzVec(x=25.03125, y=71.0, z=-85.5)
 DistanceC: 20.561870357078163
Relative Position: LorenzVec(x=17.906744575785716, y=1.0, z=-20.561870357078163)
 }
12:09:26 `0508a48hr7`245 missed {
 is already Found: false).
 Position: LorenzVec(x=-51.0, y=72.0, z=-60.5)
 DistanceC: 20.30000001192093
Relative Position: LorenzVec(x=-20.30000001192093, y=2.0, z=15.894782294792208)
 }
12:11:33 `r569607jz6`341 missed {
 is already Found: false).
 Position: LorenzVec(x=-41.5, y=70.0, z=-64.5)
 DistanceC: 11.73617695736884
Relative Position: LorenzVec(x=-8.825637676978786, y=-1.0, z=11.73617695736884)
 }
12:11:35 `93r4aywd60`246 missed {
 is already Found: false).
 Position: LorenzVec(x=-55.5, y=72.0, z=-56.5)
 DistanceC: 22.825637676978786
Relative Position: LorenzVec(x=-22.825637676978786, y=1.0, z=19.73617695736884)
 }
12:12:33 `hyqgaevstd`246 missed {
 is already Found: false).
 Position: LorenzVec(x=-55.5, y=72.0, z=-56.5)
 DistanceC: 23.859616507070225
Relative Position: LorenzVec(x=-23.859616507070225, y=1.0, z=19.238728582080185)
 }
12:13:02 `0508a48hr7`245 missed {
 is already Found: false).
 Position: LorenzVec(x=-51.0, y=72.0, z=-60.5)
 DistanceC: 19.024942264838124
Relative Position: LorenzVec(x=-19.024942264838124, y=1.0, z=16.08932129840791)
 }
12:13:02 `m1w2x373k7`246 missed {
 is already Found: false).
 Position: LorenzVec(x=-55.5, y=72.0, z=-56.5)
 DistanceC: 23.524942264838124
Relative Position: LorenzVec(x=-23.524942264838124, y=1.0, z=20.08932129840791)
 }
12:13:31 `8krg4w1t0x`246 missed {
 is already Found: false).
 Position: LorenzVec(x=-55.5, y=72.0, z=-56.5)
 DistanceC: 23.752481569355062
Relative Position: LorenzVec(x=-23.752481569355062, y=1.0, z=19.752332809181553)
 }
12:13:58 `Pig`209643 missed {
 is already Found: false).
 Position: LorenzVec(x=-10.739583333333332, y=70.0, z=-92.14583333333334)
 DistanceC: 21.587637081425594
Relative Position: LorenzVec(x=21.587637081425594, y=-1.0, z=-15.6568480724695)
 }
12:13:59 `Pig`197690 missed {
 is already Found: false).
 Position: LorenzVec(x=-33.53125, y=70.0, z=-60.65625)
 DistanceC: 15.832735260863842
Relative Position: LorenzVec(x=-1.2040295852410736, y=-1.0, z=15.832735260863842)
 }
12:13:59 `Pig`195838 missed {
 is already Found: false).
 Position: LorenzVec(x=-34.53125, y=70.0, z=-59.28125)
 DistanceC: 17.207735260863842
Relative Position: LorenzVec(x=-2.2040295852410736, y=-1.0, z=17.207735260863842)
 }
12:14:03 `554a4577e8`528 missed {
 is already Found: false).
 Position: LorenzVec(x=-6.5, y=55.0, z=-95.5)
 DistanceC: 22.225254780450456
Relative Position: LorenzVec(x=15.146360981258702, y=-16.249187078744683, z=-22.225254780450456)
 }
12:14:03 `Pig`194382 missed {
 is already Found: false).
 Position: LorenzVec(x=-8.53125, y=70.0, z=-93.90625)
 DistanceC: 20.814181093884514
Relative Position: LorenzVec(x=12.831403267883317, y=-1.2491870787446828, z=-20.814181093884514)
 }
12:14:41 `Pig`214356 missed {
 is already Found: false).
 Position: LorenzVec(x=-7.4375, y=70.0, z=-91.84375)
 DistanceC: 20.30218926546246
Relative Position: LorenzVec(x=11.959210856379553, y=-1.2491870787446828, z=-20.30218926546246)
 }
12:14:44 `xrg3i6vw5a`246 missed {
 is already Found: false).
 Position: LorenzVec(x=-55.5, y=72.0, z=-56.5)
 DistanceC: 23.471803348042016
Relative Position: LorenzVec(x=-23.471803348042016, y=1.0, z=18.76315974533054)
 }
12:16:39 `§bSam `1848953 missed {
 is already Found: false).
 Position: LorenzVec(x=7.5, y=98.0, z=40.5)
 DistanceC: 21.49447497847755
Relative Position: LorenzVec(x=21.382059810031024, y=0.0, z=21.49447497847755)
 }
12:16:56 `Sheep`1850768 missed {
 is already Found: false).
 Position: LorenzVec(x=-39.84375, y=98.0, z=49.875)
 DistanceC: 19.380641896434106
Relative Position: LorenzVec(x=19.380641896434106, y=-5.157525004739057, z=10.160061142768235)
 }
12:16:56 `Sheep`1860924 missed {
 is already Found: false).
 Position: LorenzVec(x=-40.5, y=98.0, z=50.5)
 DistanceC: 18.772647136981334
Relative Position: LorenzVec(x=18.772647136981334, y=-4.741574587805147, z=10.701474444831035)
 }
12:16:57 `Sheep`1850742 missed {
 is already Found: false).
 Position: LorenzVec(x=-45.5625, y=98.0, z=55.75)
 DistanceC: 15.586257212070066
Relative Position: LorenzVec(x=13.920989841069442, y=-1.0, z=15.586257212070066)
 }
12:16:57 `Sheep`1849865 missed {
 is already Found: false).
 Position: LorenzVec(x=-41.5, y=98.875, z=53.5)
 DistanceC: 18.008426273394605
Relative Position: LorenzVec(x=18.008426273394605, y=-0.125, z=13.293062856125353)
 }
12:16:57 `Sheep`1859910 missed {
 is already Found: false).
 Position: LorenzVec(x=-40.25, y=98.0, z=53.625)
 DistanceC: 19.258426273394605
Relative Position: LorenzVec(x=19.258426273394605, y=-1.0, z=13.418062856125353)
 }
12:16:57 `Sheep`1848127 missed {
 is already Found: false).
 Position: LorenzVec(x=-42.71875, y=98.0, z=52.5)
 DistanceC: 16.81072551821159
Relative Position: LorenzVec(x=16.81072551821159, y=-1.0, z=12.249570997957271)
 }
12:16:57 `Sheep`1848115 missed {
 is already Found: false).
 Position: LorenzVec(x=-47.5, y=98.0, z=55.5)
 DistanceC: 15.249570997957271
Relative Position: LorenzVec(x=12.02947551821159, y=-1.0, z=15.249570997957271)
 }
12:16:57 `Sheep`1848114 missed {
 is already Found: false).
 Position: LorenzVec(x=-46.125, y=98.0, z=56.21875)
 DistanceC: 15.968320997957271
Relative Position: LorenzVec(x=13.40447551821159, y=-1.0, z=15.968320997957271)
 }
12:16:57 `Sheep`1848126 missed {
 is already Found: false).
 Position: LorenzVec(x=-41.5, y=98.0, z=56.5)
 DistanceC: 18.02947551821159
Relative Position: LorenzVec(x=18.02947551821159, y=-1.0, z=16.24957099795727)
 }
12:16:57 `Sheep`1860898 missed {
 is already Found: false).
 Position: LorenzVec(x=-47.5, y=98.0, z=56.5)
 DistanceC: 16.24957099795727
Relative Position: LorenzVec(x=12.02947551821159, y=-1.0, z=16.24957099795727)
 }
12:17:04 `Sheep`1869476 missed {
 is already Found: false).
 Position: LorenzVec(x=-43.03125, y=98.0, z=52.9375)
 DistanceC: 19.351193266687254
Relative Position: LorenzVec(x=19.351193266687254, y=-1.0, z=2.412882189963483)
 }
12:17:04 `Sheep`1869884 missed {
 is already Found: false).
 Position: LorenzVec(x=-45.5, y=98.0, z=44.5)
 DistanceC: 19.13623890299101
Relative Position: LorenzVec(x=19.13623890299101, y=-1.0, z=-5.9807939746298615)
 }
12:17:05 `Sheep`1870345 missed {
 is already Found: false).
 Position: LorenzVec(x=-45.5, y=98.0, z=56.5)
 DistanceC: 19.13623890299101
Relative Position: LorenzVec(x=19.13623890299101, y=-1.0, z=6.03456733835705)
 }
12:17:05 `Sheep`1870360 missed {
 is already Found: false).
 Position: LorenzVec(x=-45.5, y=98.0, z=48.5)
 DistanceC: 19.13623890299101
Relative Position: LorenzVec(x=19.13623890299101, y=-1.0, z=-1.96543266164295)
 }
12:17:11 `Sheep`1873411 missed {
 is already Found: false).
 Position: LorenzVec(x=-49.5, y=98.0, z=35.5)
 DistanceC: 15.13623890299101
Relative Position: LorenzVec(x=15.13623890299101, y=-1.0, z=-14.96543266164295)
 }
12:17:16 `Sheep`1870358 missed {
 is already Found: false).
 Position: LorenzVec(x=-41.5, y=98.0, z=48.5)
 DistanceC: 21.29180763644893
Relative Position: LorenzVec(x=21.29180763644893, y=-1.0, z=-1.9136787348534199)
 }
12:17:17 `Sheep`1870899 missed {
 is already Found: false).
 Position: LorenzVec(x=-42.5, y=98.0, z=37.5)
 DistanceC: 20.29180763644893
Relative Position: LorenzVec(x=20.29180763644893, y=-1.0, z=-12.91367873485342)
 }
12:17:22 `Sheep`1879363 missed {
 is already Found: false).
 Position: LorenzVec(x=-42.5, y=98.0, z=48.5)
 DistanceC: 20.29180763644893
Relative Position: LorenzVec(x=20.29180763644893, y=-1.0, z=-1.9136787348534199)
 }
12:17:23 `Sheep`1879828 missed {
 is already Found: false).
 Position: LorenzVec(x=-43.5, y=98.0, z=44.5)
 DistanceC: 19.29180763644893
Relative Position: LorenzVec(x=19.29180763644893, y=-1.0, z=-5.91367873485342)
 }
12:17:23 `Sheep`1879915 missed {
 is already Found: false).
 Position: LorenzVec(x=-41.5, y=98.0, z=35.5)
 DistanceC: 21.29180763644893
Relative Position: LorenzVec(x=21.29180763644893, y=-1.0, z=-14.91367873485342)
 }
12:17:29 `Sheep`1870801 missed {
 is already Found: false).
 Position: LorenzVec(x=-39.84375, y=98.0, z=43.8125)
 DistanceC: 19.727890895389983
Relative Position: LorenzVec(x=19.727890895389983, y=-1.0, z=-6.218876670461647)
 }
12:17:31 `Sheep`1878480 missed {
 is already Found: false).
 Position: LorenzVec(x=-39.5, y=98.0, z=52.5)
 DistanceC: 20.071640895389983
Relative Position: LorenzVec(x=20.071640895389983, y=-1.0, z=2.468623329538353)
 }
12:17:55 `Sheep`1897097 missed {
 is already Found: false).
 Position: LorenzVec(x=-40.5, y=98.0, z=54.5)
 DistanceC: 15.051530296884508
Relative Position: LorenzVec(x=15.051530296884508, y=-1.0, z=5.014201418710762)
 }
12:17:57 `Sheep`1898219 missed {
 is already Found: false).
 Position: LorenzVec(x=-40.5, y=98.0, z=35.5)
 DistanceC: 15.051530296884508
Relative Position: LorenzVec(x=15.051530296884508, y=-1.0, z=-13.985798581289238)
 }
12:18:12 `Sheep`1905505 missed {
 is already Found: false).
 Position: LorenzVec(x=-39.5, y=98.0, z=53.5)
 DistanceC: 19.588671381730165
Relative Position: LorenzVec(x=19.588671381730165, y=-1.0, z=10.847130069526976)
 }
12:18:14 `Sheep`1906549 missed {
 is already Found: false).
 Position: LorenzVec(x=-41.5, y=98.0, z=47.5)
 DistanceC: 17.588671381730165
Relative Position: LorenzVec(x=17.588671381730165, y=-1.0, z=4.847130069526976)
 }
12:18:15 `Sheep`1906939 missed {
 is already Found: false).
 Position: LorenzVec(x=-41.5, y=98.0, z=40.5)
 DistanceC: 17.588671381730165
Relative Position: LorenzVec(x=17.588671381730165, y=-1.0, z=-2.152869930473024)
 }
12:18:15 `Sheep`1906990 missed {
 is already Found: false).
 Position: LorenzVec(x=-42.40625, y=98.0, z=37.875)
 DistanceC: 16.682421381730165
Relative Position: LorenzVec(x=16.682421381730165, y=-1.0, z=-4.777869930473024)
 }
12:18:31 `Sheep`1911669 missed {
 is already Found: false).
 Position: LorenzVec(x=-40.5, y=98.0, z=50.5)
 DistanceC: 17.006177487719683
Relative Position: LorenzVec(x=17.006177487719683, y=-1.0, z=8.16997193994063)
 }
12:18:32 `Sheep`1911970 missed {
 is already Found: false).
 Position: LorenzVec(x=-39.5, y=98.0, z=40.5)
 DistanceC: 18.006177487719683
Relative Position: LorenzVec(x=18.006177487719683, y=-1.0, z=-1.8300280600593695)
 }
12:18:32 `Sheep`1912020 missed {
 is already Found: false).
 Position: LorenzVec(x=-39.6875, y=98.0, z=35.28125)
 DistanceC: 17.818677487719683
Relative Position: LorenzVec(x=17.818677487719683, y=-1.0, z=-7.0487780600593695)
 }
12:18:49 `Sheep`1920034 missed {
 is already Found: false).
 Position: LorenzVec(x=-39.5, y=98.0, z=36.5)
 DistanceC: 15.642847048919528
Relative Position: LorenzVec(x=15.642847048919528, y=-1.0, z=-2.8134581602367064)
 }
12:19:28 `Pig`135359 missed {
 is already Found: false).
 Position: LorenzVec(x=-17.5, y=71.0, z=-82.59375)
 DistanceC: 13.199999988079071
Relative Position: LorenzVec(x=13.199999988079071, y=1.0, z=-7.1659431837587135)
 }
12:19:31 `Pig`99291 missed {
 is already Found: false).
 Position: LorenzVec(x=-44.90625, y=72.0, z=-55.25)
 DistanceC: 20.177806816241286
Relative Position: LorenzVec(x=-14.206250011920929, y=2.0, z=20.177806816241286)
 }
12:19:31 `8rbgc0410j`245 missed {
 is already Found: false).
 Position: LorenzVec(x=-51.0, y=72.0, z=-60.5)
 DistanceC: 20.30000001192093
Relative Position: LorenzVec(x=-20.30000001192093, y=2.0, z=14.927806816241286)
 }
12:19:46 `Pig`135094 missed {
 is already Found: false).
 Position: LorenzVec(x=-34.46875, y=69.0, z=-53.96875)
 DistanceC: 21.459056816241286
Relative Position: LorenzVec(x=-3.768750011920929, y=-1.0, z=21.459056816241286)
 }
12:20:28 `Sheep`14056787 missed {
 is already Found: false).
 Position: LorenzVec(x=-49.5, y=98.0, z=54.5)
 DistanceC: 18.293906041543366
Relative Position: LorenzVec(x=-8.695640361398858, y=0.0, z=18.293906041543366)
 }
12:20:28 `Sheep`14056788 missed {
 is already Found: false).
 Position: LorenzVec(x=-49.5, y=98.0, z=54.5)
 DistanceC: 18.293906041543366
Relative Position: LorenzVec(x=-8.695640361398858, y=0.0, z=18.293906041543366)
 }
12:20:28 `Sheep`14056789 missed {
 is already Found: false).
 Position: LorenzVec(x=-49.5, y=98.0, z=54.5)
 DistanceC: 18.293906041543366
Relative Position: LorenzVec(x=-8.695640361398858, y=0.0, z=18.293906041543366)
 }
12:20:28 `Sheep`14056790 missed {
 is already Found: false).
 Position: LorenzVec(x=-49.5, y=98.0, z=54.5)
 DistanceC: 18.293906041543366
Relative Position: LorenzVec(x=-8.695640361398858, y=0.0, z=18.293906041543366)
 }
12:20:29 `Sheep`14056802 missed {
 is already Found: false).
 Position: LorenzVec(x=-43.5, y=98.0, z=56.5)
 DistanceC: 20.293906041543366
Relative Position: LorenzVec(x=-2.6956403613988584, y=0.0, z=20.293906041543366)
 }
12:20:29 `Sheep`14056803 missed {
 is already Found: false).
 Position: LorenzVec(x=-43.5, y=98.0, z=56.5)
 DistanceC: 20.293906041543366
Relative Position: LorenzVec(x=-2.6956403613988584, y=0.0, z=20.293906041543366)
 }
12:20:29 `Sheep`14056804 missed {
 is already Found: false).
 Position: LorenzVec(x=-43.5, y=98.0, z=56.5)
 DistanceC: 20.293906041543366
Relative Position: LorenzVec(x=-2.6956403613988584, y=0.0, z=20.293906041543366)
 }
12:20:29 `Sheep`14056805 missed {
 is already Found: false).
 Position: LorenzVec(x=-43.5, y=98.0, z=56.5)
 DistanceC: 20.293906041543366
Relative Position: LorenzVec(x=-2.6956403613988584, y=0.0, z=20.293906041543366)
 }
12:20:38 `Sheep`14064802 missed {
 is already Found: false).
 Position: LorenzVec(x=-43.5, y=98.0, z=52.5)
 DistanceC: 15.387691764657355
Relative Position: LorenzVec(x=1.1896453745966795, y=-2.0, z=15.387691764657355)
 }
12:20:40 `Sheep`14065705 missed {
 is already Found: false).
 Position: LorenzVec(x=-47.5, y=98.0, z=55.5)
 DistanceC: 18.859919968218378
Relative Position: LorenzVec(x=-0.5905489342794965, y=0.0, z=18.859919968218378)
 }
12:21:43 `Pig`19162 missed {
 is already Found: false).
 Position: LorenzVec(x=15.739583333333334, y=70.0, z=-86.1875)
 DistanceC: 16.929792714693882
Relative Position: LorenzVec(x=16.929792714693882, y=-2.0, z=15.279169912678)
 }
12:21:44 `Pig`18157 missed {
 is already Found: false).
 Position: LorenzVec(x=-15.03125, y=70.0, z=-89.46875)
 DistanceC: 13.331250011920929
Relative Position: LorenzVec(x=-13.331250011920929, y=-2.0625, z=11.449878820916908)
 }
12:21:45 `Pig`19260 missed {
 is already Found: false).
 Position: LorenzVec(x=4.71875, y=71.0, z=-94.625)
 DistanceC: 6.418749988079071
Relative Position: LorenzVec(x=6.418749988079071, y=-1.0625, z=6.293628820916908)
 }
12:21:46 `Pig`19643 missed {
 is already Found: false).
 Position: LorenzVec(x=18.53125, y=71.0, z=-106.21875)
 DistanceC: 20.23124998807907
Relative Position: LorenzVec(x=20.23124998807907, y=-1.0625, z=-5.300121179083092)
 }
12:21:46 `Pig`4982 missed {
 is already Found: false).
 Position: LorenzVec(x=12.375, y=69.0, z=-117.46875)
 DistanceC: 16.550121179083092
Relative Position: LorenzVec(x=14.074999988079071, y=-3.0625, z=-16.550121179083092)
 }
12:21:46 `Pig`17942 missed {
 is already Found: false).
 Position: LorenzVec(x=-9.46875, y=68.0, z=-118.46875)
 DistanceC: 17.550121179083092
Relative Position: LorenzVec(x=-7.768750011920929, y=-4.0625, z=-17.550121179083092)
 }
12:21:47 `Pig`553 missed {
 is already Found: false).
 Position: LorenzVec(x=-17.5, y=68.0, z=-106.5)
 DistanceC: 15.800000011920929
Relative Position: LorenzVec(x=-15.800000011920929, y=-4.0625, z=-5.581371179083092)
 }
12:21:47 `Villager`359 missed {
 is already Found: false).
 Position: LorenzVec(x=-21.5, y=68.0, z=-124.5)
 DistanceC: 23.581371179083092
Relative Position: LorenzVec(x=-19.80000001192093, y=-4.0625, z=-23.581371179083092)
 }
12:21:54 `Pig`18753 missed {
 is already Found: false).
 Position: LorenzVec(x=-21.875, y=68.0, z=-107.9375)
 DistanceC: 20.17500001192093
Relative Position: LorenzVec(x=-20.17500001192093, y=-4.0625, z=-7.018871179083092)
 }
12:22:05 `Pig`1351 missed {
 is already Found: false).
 Position: LorenzVec(x=15.96875, y=68.0, z=-122.90625)
 DistanceC: 21.987621179083092
Relative Position: LorenzVec(x=17.66874998807907, y=-4.0625, z=-21.987621179083092)
 }
12:22:24 `Pig`4293 missed {
 is already Found: false).
 Position: LorenzVec(x=-34.5, y=69.5, z=-57.90625)
 DistanceC: 17.937837904816973
Relative Position: LorenzVec(x=-3.800000011920929, y=-0.5, z=17.937837904816973)
 }
12:22:25 `d89342t9uw`245 missed {
 is already Found: false).
 Position: LorenzVec(x=-51.0, y=72.0, z=-60.5)
 DistanceC: 20.30000001192093
Relative Position: LorenzVec(x=-20.30000001192093, y=2.0, z=15.344087904816973)
 }
12:22:31 `Pig`20839 missed {
 is already Found: false).
 Position: LorenzVec(x=-4.465277777777779, y=71.88194444444446, z=-61.986111111111114)
 DistanceC: 20.511292865754278
Relative Position: LorenzVec(x=20.511292865754278, y=0.8819444444444571, z=-1.6861110991901853)
 }
12:22:32 `Pig`5795 missed {
 is already Found: false).
 Position: LorenzVec(x=-33.375, y=68.0, z=-48.03125)
 DistanceC: 12.268750011920929
Relative Position: LorenzVec(x=-8.398429356467943, y=-3.0, z=12.268750011920929)
 }
12:22:43 `Pig`19305 missed {
 is already Found: false).
 Position: LorenzVec(x=-14.65625, y=70.0, z=-61.375)
 DistanceC: 10.320320643532057
Relative Position: LorenzVec(x=10.320320643532057, y=-1.0, z=-1.074999988079071)
 }
12:22:46 `Pig`19720 missed {
 is already Found: false).
 Position: LorenzVec(x=10.670138888888888, y=70.0, z=-58.666666666666664)
 DistanceC: 17.979897301470338
Relative Position: LorenzVec(x=17.979897301470338, y=0.0, z=15.102375459677056)
 }
12:22:46 `Pig`17492 missed {
 is already Found: false).
 Position: LorenzVec(x=7.75, y=70.0, z=-54.375)
 DistanceC: 21.126685314453837
Relative Position: LorenzVec(x=7.985556921567333, y=-5.132993659646488, z=21.126685314453837)
 }
12:22:47 `Pig`17810 missed {
 is already Found: false).
 Position: LorenzVec(x=23.625, y=70.0, z=-87.53125)
 DistanceC: 19.215672561320055
Relative Position: LorenzVec(x=19.215672561320055, y=-4.741574587805147, z=-11.323504758935883)
 }
12:23:03 `Pig`21732 missed {
 is already Found: false).
 Position: LorenzVec(x=-14.0, y=70.0, z=-41.0)
 DistanceC: 19.30000001192093
Relative Position: LorenzVec(x=9.435854375770614, y=-1.0, z=19.30000001192093)
 }
12:23:56 `Villager`365 missed {
 is already Found: false).
 Position: LorenzVec(x=17.5, y=70.0, z=-99.0)
 DistanceC: 20.12496334470984
Relative Position: LorenzVec(x=15.506558034100664, y=0.0, z=-20.12496334470984)
 }
12:24:05 `Pig`22661 missed {
 is already Found: false).
 Position: LorenzVec(x=0.84375, y=70.0, z=-47.96875)
 DistanceC: 13.112337743395424
Relative Position: LorenzVec(x=13.112337743395424, y=0.0, z=11.834646284310352)
 }
12:24:11 `Pig`553 missed {
 is already Found: false).
 Position: LorenzVec(x=-17.5, y=68.0, z=-106.5)
 DistanceC: 4.301445584219266
Relative Position: LorenzVec(x=-1.5861761468102316, y=0.0, z=-4.301445584219266)
 }
12:24:14 `70cpzcw7qb`338 missed {
 is already Found: false).
 Position: LorenzVec(x=-37.5, y=68.0, z=-125.5)
 DistanceC: 21.275294275800192
Relative Position: LorenzVec(x=-19.67000453107474, y=0.0, z=-21.275294275800192)
 }
12:24:14 `Pig`22269 missed {
 is already Found: false).
 Position: LorenzVec(x=-16.53125, y=68.0, z=-124.71875)
 DistanceC: 20.494044275800192
Relative Position: LorenzVec(x=1.2987454689252615, y=0.0, z=-20.494044275800192)
 }
12:24:14 `kr06n9e8q7`422 missed {
 is already Found: false).
 Position: LorenzVec(x=-36.0, y=73.0, z=-85.5)
 DistanceC: 17.479789554522256
Relative Position: LorenzVec(x=-11.035732466939901, y=4.578400001525878, z=17.479789554522256)
 }
12:24:18 `Pig`1355 missed {
 is already Found: false).
 Position: LorenzVec(x=-16.1875, y=68.0, z=-127.28125)
 DistanceC: 15.346066543926014
Relative Position: LorenzVec(x=13.281591088948804, y=-1.0, z=-15.346066543926014)
 }
12:24:19 `5t2ey5bys0`420 missed {
 is already Found: false).
 Position: LorenzVec(x=-46.5, y=73.0, z=-90.5)
 DistanceC: 22.087449826148017
Relative Position: LorenzVec(x=-21.664950902454393, y=5.0, z=22.087449826148017)
 }
12:24:19 `Pig`2729 missed {
 is already Found: false).
 Position: LorenzVec(x=-44.75, y=70.0, z=-110.71875)
 DistanceC: 19.914950902454393
Relative Position: LorenzVec(x=-19.914950902454393, y=2.0, z=1.868699826148017)
 }
12:24:19 `Pig`18477 missed {
 is already Found: false).
 Position: LorenzVec(x=-24.46875, y=69.0, z=-130.84375)
 DistanceC: 18.256300173851983
Relative Position: LorenzVec(x=0.36629909754560686, y=1.0, z=-18.256300173851983)
 }
