12:07:42 [allowed] §f §r§r§r§f §r§r§r§1 §r§r§r§0 §r§r§r§2 §r§r§r§f §r§r§r§f §r§r§r§2 §r§r§r§0 §r§r§r§4 §r§r§r§3 §r§r§r§9 §r§r§r§2 §r§r§r§0 §r§r§r§0 §r§r§r§3 §r§r§r§9 §r§r§r§2 §r§r§r§0 §r§r§r§0 §r§r§r§3 §r§r§r§9 §r§r§r§2 §r§r§r§0 §r§r§r§0 
12:07:42 [allowed] §b[MVP§c+§b] GAMEME7§f §6joined the lobby!
12:07:43 [allowed] §aYou have §b4 §aunclaimed leveling rewards!
12:07:43 [allowed] §eClick here to view them!
12:07:43 [allowed] §aYou have §62 §aunclaimed achievement rewards!
12:07:43 [allowed] §eClick here to view them!
12:07:45 [allowed] §9§m-----------------------------------------------------
12:07:45 [allowed] §cYou are not currently in a party.
12:07:45 [allowed] §9§m-----------------------------------------------------
12:07:45 [allowed] §7   
§r§6§lHey there!
§r§eDue to some changes with SkyWars kits and perks in a recent update, we have refunded you §r§e!
§r§7   
12:07:52 [allowed] §7Sending to server mini14AM...
12:07:52 [allowed] §8 §r§8 §r§1 §r§3 §r§3 §r§7 §r§8 
12:07:52 [allowed] §b-----------------------------------------------------
12:07:52 [allowed] §aYou have just received §r§6500,000 coins §r§aas interest in your co-op bank account!
12:07:52 [allowed] §b-----------------------------------------------------
12:07:55 [allowed] 
12:07:55 [allowed] §eWelcome to §r§aHypixel SkyBlock§r§e!
12:07:55 [allowed] 
12:07:55 [allowed] §eLatest update: §bSkyBlock v0.22.1 §e§lCLICK
12:07:55 [allowed] §aYou are playing on profile: §ePear§b (Co-op)
12:07:56 [allowed] §8Profile ID: 2797ee8a-6337-44f9-a30a-41314379be0d
12:07:56 [allowed] §6§lALLOWANCE! §r§eYou earned §r§650,000 coins§r§e!
12:08:08 [allowed] §e[NPC] §dPiggy§f: §r§fOink oink! Pig time! §dYear of the Pig§f! It's here, oink oink!
12:08:10 [allowed] §e[NPC] §dPiggy§f: §r§fYou take §6Shiny Orb§f, plop it on pig - §ooink!
12:08:12 [allowed] §e[NPC] §dPiggy§f: §r§fThen you chase piggy, chase piggy!
12:08:14 [allowed] §e[NPC] §dPiggy§f: §r§fGuide piggy back to orb, and §opoof§f!
12:08:14 [allowed] §d§lSOUL! §fYou found a §r§dFairy Soul§r§f!
12:08:14 [allowed] §fTalk to §r§dTia the Fairy§r§f in §r§2Wilderness§r§f to learn about how souls work!
12:08:16 [allowed] §e[NPC] §dPiggy§f: §r§fPiggy leave shiny treasure for you.
12:08:18 [allowed] §e[NPC] §dPiggy§f: §r§fGet shiny stuff, keep shiny stuff! Easy, oink!
12:08:18 [allowed] §e[NPC] §dPiggy§f: §r§fNow go, go! Piggy no wait forever!
12:08:46 [allowed] §7Sending to server mini37AF...
12:08:47 [allowed] §8 §r§8 §r§1 §r§3 §r§3 §r§7 §r§8 
12:08:47 [allowed] §eYour §a16 Minions §ehave been updated to a new system with the same functionality. Click §a§l§nHERE§e to report any issues.
12:08:50 [allowed] §aYou are playing on profile: §ePear§b (Co-op)
12:08:50 [allowed] §8Profile ID: 2797ee8a-6337-44f9-a30a-41314379be0d
12:09:03 [allowed] §cYour inventory does not have enough free space to add all items!
12:09:03 [allowed] §cInventory full? Don't forget to check out your Storage inside the SkyBlock Menu!
12:09:14 [allowed] §7Warping...
12:09:14 [allowed] §7Sending to server mini142BN...
12:09:14 [allowed] §8 §r§8 §r§1 §r§3 §r§3 §r§7 §r§8 
12:09:15 [allowed] §cInventory full? Don't forget to check out your Storage inside the SkyBlock Menu!
12:09:17 [allowed] §aYou are playing on profile: §ePear§b (Co-op)
12:09:17 [allowed] §8Profile ID: 2797ee8a-6337-44f9-a30a-41314379be0d
12:09:35 [allowed] §6[Bazaar] §r§7Putting goods in escrow...
12:09:35 [allowed] §6[Bazaar] §r§7Submitting sell offer...
12:09:35 [allowed] §6[Bazaar] §r§7§r§eSell Offer Setup! §r§a832§r§7x §r§aEnchanted Snow Block §r§7for §r§6484,005 coins§r§7.
12:09:43 [allowed] §6[Bazaar] §r§7Putting goods in escrow...
12:09:43 [allowed] §6[Bazaar] §r§7Submitting sell offer...
12:09:43 [allowed] §6[Bazaar] §r§7§r§eSell Offer Setup! §r§a225§r§7x §r§fDiamond §r§7for §r§62,155.2 coins§r§7.
12:09:55 [allowed] §6[Bazaar] §r§7Putting goods in escrow...
12:09:55 [allowed] §6[Bazaar] §r§7Submitting sell offer...
12:09:55 [allowed] §6[Bazaar] §r§7§r§eSell Offer Setup! §r§a84§r§7x §r§aEnchanted Diamond §r§7for §r§6109,486 coins§r§7.
12:09:58 [allowed] §7Warping you to your SkyBlock island...
12:09:59 [allowed] §7Sending to server mini158F...
12:09:59 [allowed] §8 §r§8 §r§1 §r§3 §r§3 §r§7 §r§8 
12:10:02 [allowed] §aYou are playing on profile: §ePear§b (Co-op)
12:10:02 [allowed] §8Profile ID: 2797ee8a-6337-44f9-a30a-41314379be0d
12:10:11 [allowed] §aYou have upgraded your Minion to Tier X
12:10:55 [allowed] §6[Bazaar] §eYour §6Sell Offer §efor §a832§7x §aEnchanted Snow Block §ewas filled!
12:11:03 [allowed] §cInventory full? Don't forget to check out your Storage inside the SkyBlock Menu!
12:11:14 [allowed] §aWarped from the §r§cMain Teleport Pad§r§a to the §r§eStorage Teleport Pad§r§a!
12:11:25 [allowed] §7Warping...
12:11:25 [allowed] §7Sending to server mini14AM...
12:11:25 [allowed] §8 §r§8 §r§1 §r§3 §r§3 §r§7 §r§8 
12:11:25 [allowed] §cInventory full? Don't forget to check out your Storage inside the SkyBlock Menu!
12:11:28 [allowed] §aYou are playing on profile: §ePear§b (Co-op)
12:11:28 [allowed] §8Profile ID: 2797ee8a-6337-44f9-a30a-41314379be0d
12:11:34 [allowed] §6[Bazaar] §r§7Executing instant sell...
12:11:34 [allowed] §6[Bazaar] §r§7Sold §r§a384§r§7x §r§9Enchanted Mithril §r§7for §r§6476,544 coins§r§7!
12:11:34 [allowed] §6[Bazaar] §r§7Sold §r§a108§r§7x §r§fIce §r§7for §r§6270.0 coins§r§7!
12:11:34 [allowed] §6[Bazaar] §r§7Sold §r§a4§r§7x §r§fRedstone §r§7for §r§615.2 coins§r§7!
12:11:34 [allowed] §6[Bazaar] §r§7Sold §r§a11§r§7x §r§9Enchanted Emerald Block §r§7for §r§61,117,189 coins§r§7!
12:11:34 [allowed] §6[Bazaar] §r§7Sold §r§a127§r§7x §r§aEnchanted Coal §r§7for §r§6171,539 coins§r§7!
12:11:34 [allowed] §6[Bazaar] §r§7Sold §r§a704§r§7x §r§aEnchanted Cobblestone §r§7for §r§6114,371 coins§r§7!
12:11:34 [allowed] §6[Bazaar] §r§7Sold §r§a44§r§7x §r§aEnchanted Diamond §r§7for §r§656,192 coins§r§7!
12:11:34 [allowed] §6[Bazaar] §r§7Sold §r§a186§r§7x §r§fSnow Block §r§7for §r§6446.4 coins§r§7!
12:11:34 [allowed] §6[Bazaar] §r§7Sold §r§a13§r§7x §r§9Enchanted Coal Block §r§7for §r§6657,680 coins§r§7!
12:11:34 [allowed] §6[Bazaar] §r§7Sold §r§a24§r§7x §r§9Enchanted Diamond Block §r§7for §r§64,859,825 coins§r§7!
12:11:34 [allowed] §6[Bazaar] §r§7Sold §r§a31§r§7x §r§aEnchanted Ice §r§7for §r§613,373 coins§r§7!
12:11:34 [allowed] §6[Bazaar] §r§7Sold §r§a64§r§7x §r§fCobblestone §r§7for §r§625.6 coins§r§7!
12:11:34 [allowed] §6[Bazaar] §r§7Sold §r§a223§r§7x §r§aEnchanted Emerald §r§7for §r§6147,894 coins§r§7!
12:11:40 [allowed] §7Warping you to your SkyBlock island...
12:11:40 [allowed] §7Sending to server mini99BK...
12:11:41 [allowed] §8 §r§8 §r§1 §r§3 §r§3 §r§7 §r§8 
12:11:44 [allowed] §aYou are playing on profile: §ePear§b (Co-op)
12:11:44 [allowed] §8Profile ID: 2797ee8a-6337-44f9-a30a-41314379be0d
12:11:51 [allowed] §3§l▬▬▬▬▬▬▬▬▬▬▬▬▬▬▬▬▬▬▬▬▬▬▬▬▬▬▬▬▬▬▬▬▬▬▬▬▬▬▬▬▬▬▬▬▬▬▬▬▬▬▬▬▬▬▬▬▬▬▬▬▬▬▬▬
12:11:51 [allowed]   §r§b§lSKILL LEVEL UP §3Mining §8XXVI➜§3XXVII
12:11:51 [allowed] 
12:11:51 [allowed]   §r§a§lREWARDS
12:11:51 [allowed]    §r§eSpelunker XXVII
12:11:51 [allowed]    §r  §7§fGrants §a+§8104➜§a108§f §6☘ Mining Fortune§f, which increases your
12:11:51 [allowed]    §r  §fchance for multiple ore drops.
12:11:51 [allowed]    §r§7§8+§a2 §a❈ Defense
12:11:51 [allowed]    §r§7§9Blazen Sphere §7Reforge
12:11:51 [allowed]    §r§7§8+§6275,000 §7Coins
12:11:51 [allowed]    §r§7§8+§b20 SkyBlock XP
12:11:51 [allowed] §3§l▬▬▬▬▬▬▬▬▬▬▬▬▬▬▬▬▬▬▬▬▬▬▬▬▬▬▬▬▬▬▬▬▬▬▬▬▬▬▬▬▬▬▬▬▬▬▬▬▬▬▬▬▬▬▬▬▬▬▬▬▬▬▬▬
12:11:53 [allowed]  
12:11:53 [allowed] §f                          §r§3§lSKYBLOCK LEVEL UP
12:11:53 [allowed] §f                              §r§7Level §r§821 ➡ §r§8[§r§722§r§8]
12:11:53 [allowed]  
12:11:53 [allowed] §f                                  §r§6§lREWARDS
12:11:53 [allowed] §f                                 §r§8+§r§a5 §r§c❤ Health
12:11:53 [allowed]  
12:12:23 [allowed] §7Warping...
12:12:23 [allowed] §7Sending to server mini3BK...
12:12:23 [allowed] §8 §r§8 §r§1 §r§3 §r§3 §r§7 §r§8 
12:12:26 [allowed] §aYou are playing on profile: §ePear§b (Co-op)
12:12:26 [allowed] §8Profile ID: 2797ee8a-6337-44f9-a30a-41314379be0d
12:12:32 [allowed] §6[Bazaar] §r§7Executing instant sell...
12:12:32 [allowed] §6[Bazaar] §r§7Sold §r§a167§r§7x §r§fSnow Block §r§7for §r§6400.8 coins§r§7!
12:12:32 [allowed] §6[Bazaar] §r§7Sold §r§a46§r§7x §r§aEnchanted Diamond §r§7for §r§658,747 coins§r§7!
12:12:32 [allowed] §6[Bazaar] §r§7Sold §r§a13§r§7x §r§fDiamond §r§7for §r§691.0 coins§r§7!
12:12:32 [allowed] §6[Bazaar] §r§7Sold §r§a12§r§7x §r§9Enchanted Diamond Block §r§7for §r§62,429,914 coins§r§7!
12:12:32 [allowed] §6[Bazaar] §r§7Sold §r§a30§r§7x §r§9Enchanted Packed Ice §r§7for §r§61,603,197 coins§r§7!
12:12:32 [allowed] §6[Bazaar] §r§7Sold §r§a1,600§r§7x §r§aEnchanted Snow Block §r§7for §r§6904,810 coins§r§7!
12:12:35 [allowed] §7Warping you to your SkyBlock island...
12:12:35 [allowed] §7Sending to server mini255V...
12:12:36 [allowed] §8 §r§8 §r§1 §r§3 §r§3 §r§7 §r§8 
12:12:39 [allowed] §aYou are playing on profile: §ePear§b (Co-op)
12:12:39 [allowed] §8Profile ID: 2797ee8a-6337-44f9-a30a-41314379be0d
12:12:52 [allowed] §7Warping...
12:12:52 [allowed] §7Sending to server mini142BN...
12:12:52 [allowed] §8 §r§8 §r§1 §r§3 §r§3 §r§7 §r§8 
12:12:55 [allowed] §aYou are playing on profile: §ePear§b (Co-op)
12:12:55 [allowed] §8Profile ID: 2797ee8a-6337-44f9-a30a-41314379be0d
12:13:00 [allowed] §6[Bazaar] §r§7Executing instant sell...
12:13:00 [allowed] §6[Bazaar] §r§7Sold §r§a24§r§7x §r§9Enchanted Diamond Block §r§7for §r§64,859,827 coins§r§7!
12:13:00 [allowed] §6[Bazaar] §r§7Sold §r§a106§r§7x §r§aEnchanted Diamond §r§7for §r§6135,362 coins§r§7!
12:13:00 [allowed] §6[Bazaar] §r§7Sold §r§a208§r§7x §r§fDiamond §r§7for §r§61,456 coins§r§7!
12:13:00 [allowed] §6[Bazaar] §r§7Sold §r§a196§r§7x §r§fSnow Block §r§7for §r§6470.4 coins§r§7!
12:13:00 [allowed] §6[Bazaar] §r§7Sold §r§a1,152§r§7x §r§aEnchanted Snow Block §r§7for §r§6651,571 coins§r§7!
12:13:06 [allowed] §7Warping you to your SkyBlock island...
12:13:06 [allowed] §7Sending to server mini215R...
12:13:07 [allowed] §8 §r§8 §r§1 §r§3 §r§3 §r§7 §r§8 
12:13:08 [allowed] §cYou are sending commands too fast! Please slow down.
12:13:09 [allowed] §aYou are playing on profile: §ePear§b (Co-op)
12:13:09 [allowed] §8Profile ID: 2797ee8a-6337-44f9-a30a-41314379be0d
12:13:14 [allowed] §3§l▬▬▬▬▬▬▬▬▬▬▬▬▬▬▬▬▬▬▬▬▬▬▬▬▬▬▬▬▬▬▬▬▬▬▬▬▬▬▬▬▬▬▬▬▬▬▬▬▬▬▬▬▬▬▬▬▬▬▬▬▬▬▬▬
12:13:14 [allowed]   §r§b§lSKILL LEVEL UP §3Mining §8XXVII➜§3XXVIII
12:13:14 [allowed] 
12:13:14 [allowed]   §r§a§lREWARDS
12:13:14 [allowed]    §r§eSpelunker XXVIII
12:13:14 [allowed]    §r  §7§fGrants §a+§8108➜§a112§f §6☘ Mining Fortune§f, which increases your
12:13:14 [allowed]    §r  §fchance for multiple ore drops.
12:13:14 [allowed]    §r§7§8+§a2 §a❈ Defense
12:13:14 [allowed]    §r§7§8+§6300,000 §7Coins
12:13:14 [allowed]    §r§7§8+§b20 SkyBlock XP
12:13:14 [allowed] §3§l▬▬▬▬▬▬▬▬▬▬▬▬▬▬▬▬▬▬▬▬▬▬▬▬▬▬▬▬▬▬▬▬▬▬▬▬▬▬▬▬▬▬▬▬▬▬▬▬▬▬▬▬▬▬▬▬▬▬▬▬▬▬▬▬
12:13:21 [allowed] §7Warping...
12:13:21 [allowed] §7Sending to server mini100AD...
12:13:21 [allowed] §8 §r§8 §r§1 §r§3 §r§3 §r§7 §r§8 
12:13:25 [allowed] §aYou are playing on profile: §ePear§b (Co-op)
12:13:25 [allowed] §8Profile ID: 2797ee8a-6337-44f9-a30a-41314379be0d
12:13:28 [allowed] §6[Bazaar] §r§7Executing instant sell...
12:13:28 [allowed] §6[Bazaar] §r§7Sold §r§a196§r§7x §r§fSnow Block §r§7for §r§6470.4 coins§r§7!
12:13:28 [allowed] §6[Bazaar] §r§7Sold §r§a105§r§7x §r§aEnchanted Diamond §r§7for §r§6134,085 coins§r§7!
12:13:28 [allowed] §6[Bazaar] §r§7Sold §r§a24§r§7x §r§9Enchanted Diamond Block §r§7for §r§64,859,827 coins§r§7!
12:13:28 [allowed] §6[Bazaar] §r§7Sold §r§a1,024§r§7x §r§aEnchanted Snow Block §r§7for §r§6579,174 coins§r§7!
12:13:28 [allowed] §6[Bazaar] §r§7Sold §r§a294§r§7x §r§fDiamond §r§7for §r§62,058 coins§r§7!
12:13:32 [allowed] §7Warping you to your SkyBlock island...
12:13:32 [allowed] §7Sending to server mini210F...
12:13:33 [allowed] §8 §r§8 §r§1 §r§3 §r§3 §r§7 §r§8 
12:13:36 [allowed] §aYou are playing on profile: §ePear§b (Co-op)
12:13:36 [allowed] §8Profile ID: 2797ee8a-6337-44f9-a30a-41314379be0d
12:13:49 [allowed] §7Warping...
12:13:50 [allowed] §7Sending to server mini14BE...
12:13:50 [allowed] §8 §r§8 §r§1 §r§3 §r§3 §r§7 §r§8 
12:13:53 [allowed] §aYou are playing on profile: §ePear§b (Co-op)
12:13:53 [allowed] §8Profile ID: 2797ee8a-6337-44f9-a30a-41314379be0d
12:14:00 [allowed] §6[Bazaar] §r§7Executing instant sell...
12:14:00 [allowed] §6[Bazaar] §r§7Sold §r§a200§r§7x §r§aEnchanted Diamond §r§7for §r§6255,420 coins§r§7!
12:14:00 [allowed] §6[Bazaar] §r§7Sold §r§a139§r§7x §r§fDiamond §r§7for §r§6973.0 coins§r§7!
12:14:00 [allowed] §6[Bazaar] §r§7Sold §r§a1,152§r§7x §r§aEnchanted Snow Block §r§7for §r§6651,571 coins§r§7!
12:14:00 [allowed] §6[Bazaar] §r§7Sold §r§a150§r§7x §r§fSnow Block §r§7for §r§6360.0 coins§r§7!
12:14:00 [allowed] §6[Bazaar] §r§7Sold §r§a24§r§7x §r§9Enchanted Diamond Block §r§7for §r§64,859,828 coins§r§7!
12:14:10 [allowed] §8Depositing coins...
12:14:10 [allowed] §aDeposited §r§629.3M coins§r§a! There's now §r§650M coins §r§ain the account!
12:14:17 [allowed] §8Depositing coins...
12:14:17 [allowed] §aYou have deposited §r§6662.1k coins§r§a! You now have §r§6662.1k coins §r§ain your account!
12:14:23 [allowed] §6[Bazaar] §eYour §6Sell Offer §efor §a225§7x §fDiamond §ewas filled!
12:14:33 [allowed] §8Withdrawing coins...
12:14:33 [allowed] §aWithdrew §r§65M coins§r§a! There's now §r§645M coins §r§aleft in the account!
12:14:38 [allowed] §8Depositing coins...
12:14:38 [allowed] §aYou have deposited §r§65M coins§r§a! You now have §r§65.7M coins §r§ain your account!
12:14:48 [allowed] §6[Bazaar] §r§7Claiming orders...
12:14:48 [allowed] §6[Bazaar] §r§7§r§7Claimed §r§61,113,177 coins §r§7from selling §r§a10§r§7x §r§9Enchanted Iron Block §r§7at §r§6112,727 §r§7each!
12:14:48 [allowed] §6[Bazaar] §r§7§r§7Claimed §r§627,371 coins §r§7from selling §r§a21§r§7x §r§aEnchanted Diamond §r§7at §r§61,319.9 §r§7each!
12:14:48 [allowed] §6[Bazaar] §r§7§r§7Claimed §r§6333,898 coins §r§7from selling §r§a832§r§7x §r§aEnchanted Cobblestone §r§7at §r§6406.4 §r§7each!
12:14:48 [allowed] §6[Bazaar] §r§7§r§7Claimed §r§62,155.2 coins §r§7from selling §r§a225§r§7x §r§fDiamond §r§7at §r§69.7 §r§7each!
12:14:48 [allowed] §6[Bazaar] §r§7§r§7Claimed §r§6484,005 coins §r§7from selling §r§a832§r§7x §r§aEnchanted Snow Block §r§7at §r§6589.1 §r§7each!
12:14:48 [allowed] §6[Bazaar] §r§7§r§7Claimed §r§6578,209 coins §r§7from selling §r§a465§r§7x §r§9Enchanted Mithril §r§7at §r§61,259.2 §r§7each!
12:14:48 [allowed] §6[Bazaar] §r§7§r§7Claimed §r§61,679,932 coins §r§7from selling §r§a15§r§7x §r§9Enchanted Coal Block §r§7at §r§6113,413 §r§7each!
12:15:50 [allowed] §f §r§r§r§f §r§r§r§1 §r§r§r§0 §r§r§r§2 §r§r§r§f §r§r§r§f §r§r§r§2 §r§r§r§0 §r§r§r§4 §r§r§r§3 §r§r§r§9 §r§r§r§2 §r§r§r§0 §r§r§r§0 §r§r§r§3 §r§r§r§9 §r§r§r§2 §r§r§r§0 §r§r§r§0 §r§r§r§3 §r§r§r§9 §r§r§r§2 §r§r§r§0 §r§r§r§0 
12:15:50 [allowed] §b[MVP§c+§b] GAMEME794§f §6joined the lobby!
12:15:52 [allowed] §b[MVP§3+§b] Hunter_of_Matrix§f §6joined the lobby!
12:15:52 [allowed] §b[MVP§3+§b] YAGEL09§f §6joined the lobby!
12:15:52 [allowed] §9§m-----------------------------------------------------
12:15:52 [allowed] §cYou are not currently in a party.
12:15:52 [allowed] §9§m-----------------------------------------------------
12:15:55 [allowed] §7Sending to server mini152DA...
12:15:56 [allowed] §8 §r§8 §r§1 §r§3 §r§3 §r§7 §r§8 
12:15:56 [allowed] §3§l▬▬▬▬▬▬▬▬▬▬▬▬▬▬▬▬▬▬▬▬▬▬▬▬▬▬▬▬▬▬▬▬▬▬▬▬▬▬▬▬▬▬▬▬▬▬▬▬▬▬▬▬▬▬▬▬▬▬▬▬▬▬▬▬
12:15:56 [allowed]   §r§b§lSKILL LEVEL UP §3Mining §8XX➜§3XXI
12:15:56 [allowed] 
12:15:56 [allowed]   §r§a§lREWARDS
12:15:56 [allowed]    §r§eSpelunker XXI
12:15:56 [allowed]    §r  §7§fGrants §a+§880➜§a84§f §6☘ Mining Fortune§f, which increases your
12:15:56 [allowed]    §r  §fchance for multiple ore drops.
12:15:56 [allowed]    §r§7§8+§a2 §a❈ Defense
12:15:56 [allowed]    §r§7§9Red Scarf §7Reforge
12:15:56 [allowed]    §r§7§9Squeaky Toy §7Reforge
12:15:56 [allowed]    §r§7§9Dwarven Geode §7Reforge
12:15:56 [allowed]    §r§7§8+§6125,000 §7Coins
12:15:56 [allowed]    §r§7§8+§b10 SkyBlock XP
12:15:56 [allowed] §3§l▬▬▬▬▬▬▬▬▬▬▬▬▬▬▬▬▬▬▬▬▬▬▬▬▬▬▬▬▬▬▬▬▬▬▬▬▬▬▬▬▬▬▬▬▬▬▬▬▬▬▬▬▬▬▬▬▬▬▬▬▬▬▬▬
12:15:56 [allowed] §aYou gained §r§b215,138.4 Mining §r§aexperience from minions!
12:15:56 [allowed] §3§l▬▬▬▬▬▬▬▬▬▬▬▬▬▬▬▬▬▬▬▬▬▬▬▬▬▬▬▬▬▬▬▬▬▬▬▬▬▬▬▬▬▬▬▬▬▬▬▬▬▬▬▬▬▬▬▬▬▬▬▬▬▬▬▬
12:15:56 [allowed]   §r§b§lSKILL LEVEL UP §3Combat §8XVIII➜§3XIX
12:15:56 [allowed] 
12:15:56 [allowed]   §r§a§lREWARDS
12:15:56 [allowed]    §r§eWarrior XIX
12:15:56 [allowed]    §r  §7§fDeal §872➜§a76%§f more damage to mobs.
12:15:56 [allowed]    §r§7§8+§a0.5% §9☣ Crit Chance
12:15:56 [allowed]    §r§7§8+§680,000 §7Coins
12:15:56 [allowed]    §r§7§8+§b10 SkyBlock XP
12:15:56 [allowed] §3§l▬▬▬▬▬▬▬▬▬▬▬▬▬▬▬▬▬▬▬▬▬▬▬▬▬▬▬▬▬▬▬▬▬▬▬▬▬▬▬▬▬▬▬▬▬▬▬▬▬▬▬▬▬▬▬▬▬▬▬▬▬▬▬▬
12:15:56 [allowed] §aYou gained §r§b55,280 Combat §r§aexperience from minions!
12:15:56 [allowed] §3§l▬▬▬▬▬▬▬▬▬▬▬▬▬▬▬▬▬▬▬▬▬▬▬▬▬▬▬▬▬▬▬▬▬▬▬▬▬▬▬▬▬▬▬▬▬▬▬▬▬▬▬▬▬▬▬▬▬▬▬▬▬▬▬▬
12:15:56 [allowed]   §r§b§lSKILL LEVEL UP §3Fishing §8XIX➜§3XX
12:15:56 [allowed] 
12:15:56 [allowed]   §r§a§lREWARDS
12:15:56 [allowed]    §r§7§6Alligator§3 Sea Creature
12:15:56 [allowed]    §r§7§5Lava Blaze§3 Sea Creature
12:15:56 [allowed]    §r§7§6The Sea Emperor§3 Sea Creature
12:15:56 [allowed]    §r§eTreasure Hunter XX
12:15:56 [allowed]    §r  §7§fGrants §a+§81.9➜§a2§f §6⛃ Treasure Chance§f.
12:15:56 [allowed]    §r§7§8+§a4 §c❤ Health
12:15:56 [allowed]    §r§7§8+§6100,000 §7Coins
12:15:56 [allowed]    §r§7§8+§b10 SkyBlock XP
12:15:56 [allowed] §3§l▬▬▬▬▬▬▬▬▬▬▬▬▬▬▬▬▬▬▬▬▬▬▬▬▬▬▬▬▬▬▬▬▬▬▬▬▬▬▬▬▬▬▬▬▬▬▬▬▬▬▬▬▬▬▬▬▬▬▬▬▬▬▬▬
12:15:56 [allowed] §3§l▬▬▬▬▬▬▬▬▬▬▬▬▬▬▬▬▬▬▬▬▬▬▬▬▬▬▬▬▬▬▬▬▬▬▬▬▬▬▬▬▬▬▬▬▬▬▬▬▬▬▬▬▬▬▬▬▬▬▬▬▬▬▬▬
12:15:56 [allowed]   §r§b§lSKILL LEVEL UP §3Fishing §8XX➜§3XXI
12:15:56 [allowed] 
12:15:56 [allowed]   §r§a§lREWARDS
12:15:56 [allowed]    §r§7§6Phantom Fisher§3 Sea Creature
12:15:56 [allowed]    §r§eTreasure Hunter XXI
12:15:56 [allowed]    §r  §7§fGrants §a+§82➜§a2.1§f §6⛃ Treasure Chance§f.
12:15:56 [allowed]    §r§7§8+§a4 §c❤ Health
12:15:56 [allowed]    §r§7§8+§6125,000 §7Coins
12:15:56 [allowed]    §r§7§8+§b10 SkyBlock XP
12:15:56 [allowed] §3§l▬▬▬▬▬▬▬▬▬▬▬▬▬▬▬▬▬▬▬▬▬▬▬▬▬▬▬▬▬▬▬▬▬▬▬▬▬▬▬▬▬▬▬▬▬▬▬▬▬▬▬▬▬▬▬▬▬▬▬▬▬▬▬▬
12:15:56 [allowed] §3§l▬▬▬▬▬▬▬▬▬▬▬▬▬▬▬▬▬▬▬▬▬▬▬▬▬▬▬▬▬▬▬▬▬▬▬▬▬▬▬▬▬▬▬▬▬▬▬▬▬▬▬▬▬▬▬▬▬▬▬▬▬▬▬▬
12:15:56 [allowed]   §r§b§lSKILL LEVEL UP §3Fishing §8XXI➜§3XXII
12:15:56 [allowed] 
12:15:56 [allowed]   §r§a§lREWARDS
12:15:56 [allowed]    §r§7§5Lava Pigman§3 Sea Creature
12:15:56 [allowed]    §r§eTreasure Hunter XXII
12:15:56 [allowed]    §r  §7§fGrants §a+§82.1➜§a2.2§f §6⛃ Treasure Chance§f.
12:15:56 [allowed]    §r§7§8+§a4 §c❤ Health
12:15:56 [allowed]    §r§7§8+§6150,000 §7Coins
12:15:56 [allowed]    §r§7§8+§b10 SkyBlock XP
12:15:56 [allowed] §3§l▬▬▬▬▬▬▬▬▬▬▬▬▬▬▬▬▬▬▬▬▬▬▬▬▬▬▬▬▬▬▬▬▬▬▬▬▬▬▬▬▬▬▬▬▬▬▬▬▬▬▬▬▬▬▬▬▬▬▬▬▬▬▬▬
12:15:56 [allowed] §aYou gained §r§b926,225.1 Fishing §r§aexperience from minions!
12:15:56 [allowed] §3§l▬▬▬▬▬▬▬▬▬▬▬▬▬▬▬▬▬▬▬▬▬▬▬▬▬▬▬▬▬▬▬▬▬▬▬▬▬▬▬▬▬▬▬▬▬▬▬▬▬▬▬▬▬▬▬▬▬▬▬▬▬▬▬▬
12:15:56 [allowed]   §r§b§lSKILL LEVEL UP §3Farming §8XX➜§3XXI
12:15:56 [allowed] 
12:15:56 [allowed]   §r§a§lREWARDS
12:15:56 [allowed]    §r§eFarmhand XXI
12:15:56 [allowed]    §r  §7§fGrants §a+§880➜§a84§f §6☘ Farming Fortune§f, which increases your
12:15:56 [allowed]    §r  §fchance for multiple crops.
12:15:56 [allowed]    §r§7§8+§a4 §c❤ Health
12:15:56 [allowed]    §r§7§8+§6125,000 §7Coins
12:15:56 [allowed]    §r§7§8+§b10 SkyBlock XP
12:15:56 [allowed] §3§l▬▬▬▬▬▬▬▬▬▬▬▬▬▬▬▬▬▬▬▬▬▬▬▬▬▬▬▬▬▬▬▬▬▬▬▬▬▬▬▬▬▬▬▬▬▬▬▬▬▬▬▬▬▬▬▬▬▬▬▬▬▬▬▬
12:15:56 [allowed] §aYou gained §r§b177,654.5 Farming §r§aexperience from minions!
12:15:56 [allowed] §b-----------------------------------------------------
12:15:56 [allowed] §aYou have just received §r§63 coins §r§aas interest in your co-op bank account!
12:15:56 [allowed] §b-----------------------------------------------------
12:15:57 [allowed] §e§l▬▬▬▬▬▬▬▬▬▬▬▬▬▬▬▬▬▬▬▬▬▬▬▬▬▬▬▬▬▬▬▬▬▬▬▬▬▬▬▬▬▬▬▬▬▬▬▬▬▬▬▬▬▬▬▬▬▬▬▬▬▬▬▬
12:15:57 [allowed]   §r§6§lCOLLECTION LEVEL UP §eInk Sac §eVII
12:15:57 [allowed]    §r§b§lCO-OP » §r§7Unlocked while you were offline
12:15:57 [allowed] 
12:15:57 [allowed]   §r§a§lREWARDS
12:15:57 [allowed]     §r§7§9Angler §7Exp Discount §a(-25%)
12:15:57 [allowed]     §r§7§8+§b4 SkyBlock XP
12:15:57 [allowed] §e§l▬▬▬▬▬▬▬▬▬▬▬▬▬▬▬▬▬▬▬▬▬▬▬▬▬▬▬▬▬▬▬▬▬▬▬▬▬▬▬▬▬▬▬▬▬▬▬▬▬▬▬▬▬▬▬▬▬▬▬▬▬▬▬▬
12:15:58 [allowed] 
12:15:58 [allowed] §eWelcome to §r§aHypixel SkyBlock§r§e!
12:15:58 [allowed] 
12:15:58 [allowed] §eLatest update: §bSkyBlock v0.22.1 §e§lCLICK
12:15:58 [allowed] §b-----------------------------------------------------
§r§b[MVP§r§c+§r§b] Cloud191 §r§eclaimed the §r§aCoins Allowance IV §r§eupgrade in the community shop!
§r§b-----------------------------------------------------
12:16:01 [allowed] §aYou are playing on profile: §eKiwi§b (Co-op)
12:16:01 [allowed] §8Profile ID: aefd10e6-e99a-4d2f-98bb-21b4da68f102
12:16:02 [allowed] §6§lALLOWANCE! §r§eYou earned §r§640,000 coins§r§e!
12:16:22 [allowed] §7Switching to profile Cucumber...
12:16:22 [allowed] §7Sending to server mini16V...
12:16:23 [allowed] §8 §r§8 §r§1 §r§3 §r§3 §r§7 §r§8 
12:16:23 [allowed] §aSince you've been away you earned §r§6530,000 coins §r§aas interest in your personal bank account!
12:16:26 [allowed] §aYour profile was changed to: §eCucumber
12:16:26 [allowed] §8Profile ID: d3b760d9-e0d9-41d4-8f47-31e118afcace
12:16:26 [allowed]  
12:16:26 [STASH_COMPACT] §f                 §7You have §3802 §7materials stashed away!
12:16:26 [STASH_COMPACT] §f              §8(This totals 9 types of materials stashed!)
12:16:26 [STASH_COMPACT] §f                §3§l>>> §3§lCLICK HERE§b to pick them up! §3§l<<<
12:16:26 [STASH_COMPACT]   
12:16:27 [allowed] §6§lALLOWANCE! §r§eYou earned §r§620,000 coins§r§e!
12:16:27 [allowed]  
12:16:27 [STASH_COMPACT] §f                 §7You have §3802 §7materials stashed away!
12:16:27 [STASH_COMPACT] §f              §8(This totals 9 types of materials stashed!)
12:16:27 [STASH_COMPACT] §f                §3§l>>> §3§lCLICK HERE§b to pick them up! §3§l<<<
12:16:27 [STASH_COMPACT]   
12:16:39 [allowed] §eFrom stash: §r§fSeeds
12:16:39 [allowed] §eFrom stash: §r§9Winter Disc
12:16:39 [allowed] §eFrom stash: §r§fCarrot
12:16:39 [allowed] §eFrom stash: §r§fCarrot
12:16:39 [allowed] §eFrom stash: §r§fCarrot
12:16:39 [allowed] §eFrom stash: §r§fCarrot
12:16:39 [allowed] §eFrom stash: §r§fHard Stone
12:16:39 [allowed] §eFrom stash: §r§fHard Stone
12:16:39 [allowed] §eFrom stash: §r§fHard Stone
12:16:39 [allowed] §eFrom stash: §r§fHard Stone
12:16:39 [allowed] §eFrom stash: §r§fHard Stone
12:16:39 [allowed] §eFrom stash: §r§fHard Stone
12:16:39 [allowed] §eFrom stash: §r§fHard Stone
12:16:39 [allowed] §eFrom stash: §r§fHard Stone
12:16:39 [allowed] §eFrom stash: §r§fHard Stone
12:16:39 [allowed] §eFrom stash: §r§fGrinch Minion Skin
12:16:39 [allowed] §eFrom stash: §r§fTall Holiday Tree
12:16:39 [allowed] §eFrom stash: §r§fGingerbread Man Minion Skin
12:16:39 [allowed] §eFrom stash: §r§fRed Mushroom
12:16:39 [allowed] §eFrom stash: §r§fWheat
12:16:39 [allowed] §eYou picked up §r§aall §r§eitems from your material stash!
12:17:29 [allowed] §6[Sacks] §r§a+960§r§e items§r§e.§r§8 (Last 22s.)
12:17:30 [allowed] §3§l▬▬▬▬▬▬▬▬▬▬▬▬▬▬▬▬▬▬▬▬▬▬▬▬▬▬▬▬▬▬▬▬▬▬▬▬▬▬▬▬▬▬▬▬▬▬▬▬▬▬▬▬▬▬▬▬▬▬▬▬▬▬▬▬
12:17:30 [allowed]   §r§b§lSKILL LEVEL UP §3Taming §8XXXIV➜§3XXXV
12:17:30 [allowed] 
12:17:30 [allowed]   §r§a§lREWARDS
12:17:30 [allowed]    §r§eZoologist XXXV
12:17:30 [allowed]    §r  §7§fGain §834➜§a35%§f extra pet exp.
12:17:30 [allowed]    §r§7§8+§fGain §86.8➜§a7% §fExp Share rate.
12:17:30 [allowed]    §r§7§8+§a1 §d♣ Pet Luck
12:17:30 [allowed]    §r§7§8+§6475,000 §7Coins
12:17:30 [allowed]    §r§7§8+§b20 SkyBlock XP
12:17:30 [allowed] §3§l▬▬▬▬▬▬▬▬▬▬▬▬▬▬▬▬▬▬▬▬▬▬▬▬▬▬▬▬▬▬▬▬▬▬▬▬▬▬▬▬▬▬▬▬▬▬▬▬▬▬▬▬▬▬▬▬▬▬▬▬▬▬▬▬
12:17:35 [allowed] §6[Sacks] §r§a+17§r§e items§r§e.§r§8 (Last 5s.)
12:18:09 [allowed] §6[Sacks] §r§a+1,024§r§e items§r§e.§r§8 (Last 23s.)
12:18:38 [allowed] §6[Sacks] §r§a+1,156§r§e items§r§e.§r§8 (Last 28s.)
12:18:46 [allowed] §e§l▬▬▬▬▬▬▬▬▬▬▬▬▬▬▬▬▬▬▬▬▬▬▬▬▬▬▬▬▬▬▬▬▬▬▬▬▬▬▬▬▬▬▬▬▬▬▬▬▬▬▬▬▬▬▬▬▬▬▬▬▬▬▬▬
12:18:46 [allowed]   §r§6§lCOLLECTION LEVEL UP §eIron Ingot §8XI➜§eXII
12:18:46 [allowed] 
12:18:46 [allowed]   §r§a§lREWARDS
12:18:46 [allowed]     §r§7§6Personal Deletor 7000 §7Recipe
12:18:46 [allowed]     §r§7§8+§b4 SkyBlock XP
12:18:46 [allowed] §e§l▬▬▬▬▬▬▬▬▬▬▬▬▬▬▬▬▬▬▬▬▬▬▬▬▬▬▬▬▬▬▬▬▬▬▬▬▬▬▬▬▬▬▬▬▬▬▬▬▬▬▬▬▬▬▬▬▬▬▬▬▬▬▬▬
12:18:54 [allowed] §6[Sacks] §r§a+96§r§e items§r§e.§r§8 (Last 13s.)
12:19:03 [allowed] §6[Sacks] §r§a+55§r§e items§r§e.§r§8 (Last 6s.)
12:19:20 [allowed] §7Warping...
12:19:23 [allowed] §7Warping...
12:19:23 [allowed] §7Sending to server mini1027S...
12:19:23 [allowed] §8 §r§8 §r§1 §r§3 §r§3 §r§7 §r§8 
12:19:26 [allowed] §aYou are playing on profile: §eCucumber
12:19:26 [allowed] §8Profile ID: d3b760d9-e0d9-41d4-8f47-31e118afcace
12:19:38 [allowed] §6[Bazaar] §r§7Executing instant sell...
12:19:38 [allowed] §6[Bazaar] §r§7Sold §r§a1§r§7x §r§aEnchanted Carrot §r§7for §r§6563.6 coins§r§7!
12:19:38 [allowed] §6[Bazaar] §r§7Sold §r§a516§r§7x §r§fHard Stone §r§7for §r§651.6 coins§r§7!
12:19:38 [allowed] §6[Bazaar] §r§7Sold §r§a85§r§7x §r§fCarrot §r§7for §r§6178.5 coins§r§7!
12:19:38 [allowed] §6[Bazaar] §r§7Sold §r§a1§r§7x §r§aEnchanted Bone §r§7for §r§61,604.2 coins§r§7!
12:19:38 [allowed] §6[Bazaar] §r§7Sold §r§a6§r§7x §r§fSeeds §r§7for §r§612.6 coins§r§7!
12:19:38 [allowed] §6[Bazaar] §r§7Sold §r§a4§r§7x §r§fWheat §r§7for §r§612.8 coins§r§7!
12:19:38 [allowed] §6[Bazaar] §r§7Sold §r§a1§r§7x §r§9Dark Orb §r§7for §r§6230,004 coins§r§7!
12:19:38 [allowed] §6[Bazaar] §r§7Sold §r§a50§r§7x §r§9Superboom TNT §r§7for §r§61,005 coins§r§7!
12:19:38 [allowed] §6[Bazaar] §r§7Sold §r§a26§r§7x §r§fRed Mushroom §r§7for §r§6210.6 coins§r§7!
12:20:02 [allowed] §8[§r§b228§r§8] §r§b[MVP§d+§b] LestorLP§f§r§f: 7ah
12:20:18 [allowed] §7Warping you to your SkyBlock island...
12:20:18 [allowed] §7Sending to server mini152CK...
12:20:19 [allowed] §8 §r§8 §r§1 §r§3 §r§3 §r§7 §r§8 
12:20:22 [allowed] §aYou are playing on profile: §eCucumber
12:20:22 [allowed] §8Profile ID: d3b760d9-e0d9-41d4-8f47-31e118afcace
12:20:27 [allowed] §aYou received §r§62,165,127.3 coins§r§a!
12:20:41 [allowed] §aYou received §r§62,165,030.1 coins§r§a!
12:20:52 [allowed] §aYou received §r§62,165,143.5 coins§r§a!
12:21:05 [allowed] §aYou received §r§62,165,078.7 coins§r§a!
12:21:14 [allowed] §aYou received §r§62,165,127.3 coins§r§a!
12:21:18 [allowed] §aYou received §r§62,165,159.7 coins§r§a!
12:21:21 [allowed] §aYou received §r§62,165,155.2 coins§r§a!
12:21:28 [allowed] §aYou received §r§62,165,143.5 coins§r§a!
12:21:37 [allowed] §7Warping...
12:21:37 [allowed] §7Sending to server mini8S...
12:21:38 [allowed] §8 §r§8 §r§1 §r§3 §r§3 §r§7 §r§8 
12:21:41 [allowed] §aYou are playing on profile: §eCucumber
12:21:41 [allowed] §8Profile ID: d3b760d9-e0d9-41d4-8f47-31e118afcace
12:21:47 [allowed] §8[§r§3240§r§8] §r§b§lᛝ §r§b[MVP§a+§b] pigdoinajig§f§r§f: wdym leaf thingy
12:21:50 [allowed] §7Claiming upgrade...
12:21:50 [allowed] §eYou claimed the §r§aAccessory Bag V §r§eupgrade!
12:21:55 [allowed] §8[§r§71§r§8] §r§7_Ri0t_§7§r§7: leaf cutter
12:21:56 [allowed] §7Claiming upgrade...
12:21:56 [allowed] §eYou claimed the §r§aCoins Allowance III §r§eupgrade!
12:22:02 [allowed] §7Starting profile upgrade...
12:22:02 [allowed] §eYou started the §r§aCoins Allowance IV §r§eupgrade!
12:22:05 [allowed] §8[§r§3240§r§8] §r§b§lᛝ §r§b[MVP§a+§b] pigdoinajig§f§r§f: why do u want that?
12:22:15 [allowed] §7Starting account upgrade...
12:22:15 [allowed] §eYou started the §r§aAccessory Bag VI §r§eupgrade!
12:22:16 [allowed] §8[§r§71§r§8] §r§7_Ri0t_§7§r§7: so i can get armour
12:22:25 [allowed] §6[Bazaar] §r§7Executing instant sell...
12:22:25 [allowed] §6[Bazaar] §r§7Sold §r§a4§r§7x §r§fMutton §r§7for §r§640.0 coins§r§7!
12:22:25 [allowed] §6[Bazaar] §r§7Sold §r§a3§r§7x §r§fWhite Wool §r§7for §r§60.6 coins§r§7!
12:22:26 [allowed] §8[§r§3240§r§8] §r§b§lᛝ §r§b[MVP§a+§b] pigdoinajig§f§r§f: u want leaf armour
12:22:31 [allowed] §8[§r§71§r§8] §r§7_Ri0t_§7§r§7: yeah
12:22:37 [allowed] §8Depositing coins...
12:22:37 [allowed] §aYou have deposited §r§617.9M coins§r§a! You now have §r§650M coins §r§ain your account!
12:22:38 [allowed] §8[§r§3240§r§8] §r§b§lᛝ §r§b[MVP§a+§b] pigdoinajig§f§r§f: get level 7
12:22:46 [allowed] §8[§r§3240§r§8] §r§b§lᛝ §r§b[MVP§a+§b] pigdoinajig§f§r§f: use bazzar 2 get rich
12:22:51 [allowed] §8[§r§3240§r§8] §r§b§lᛝ §r§b[MVP§a+§b] pigdoinajig§f§r§f: buy glacite
12:22:58 [allowed] §8[§r§3240§r§8] §r§b§lᛝ §r§b[MVP§a+§b] pigdoinajig§f§r§f: or beg in hub 1 for glacite
12:23:12 [allowed] §8[§r§3240§r§8] §r§b§lᛝ §r§b[MVP§a+§b] pigdoinajig§f§r§f: both work
12:23:19 [allowed] §8[§r§71§r§8] §r§7_Ri0t_§7§r§7: but i need some protection to not get killed in mine
12:23:19 [allowed] §8Withdrawing coins...
12:23:19 [allowed] §aYou have withdrawn §r§65M coins§r§a! You now have §r§645M coins §r§ain your account!
12:23:27 [allowed] §7Upgrading your bank account...
12:23:27 [allowed] §eYour bank account was upgraded to §r§6Gold§r§e!
12:23:32 [allowed] §6[Sacks] §r§c-1§r§e item§r§e.§r§8 (Last 5s.)
12:23:33 [allowed] §8Depositing coins...
12:23:33 [allowed] §aYou have deposited §r§6177.8k coins§r§a! You now have §r§645.2M coins §r§ain your account!
12:23:39 [allowed] §8[§r§3240§r§8] §r§b§lᛝ §r§b[MVP§a+§b] pigdoinajig§f§r§f: u wont die in glacite
12:23:56 [allowed] §8[§r§3240§r§8] §r§b§lᛝ §r§b[MVP§a+§b] pigdoinajig§f§r§f: and just ask for prot 5 its cheap af
12:24:06 [allowed] §8[§r§3240§r§8] §r§b§lᛝ §r§b[MVP§a+§b] pigdoinajig§f§r§f: yk what /visit me
12:24:12 [allowed] §8[§r§3240§r§8] §r§b§lᛝ §r§b[MVP§a+§b] pigdoinajig§f§r§f: ill help u in like 10min
12:24:16 [allowed] §8[§r§736§r§8] §r§b[MVP§c+§b] oyhw§f§r§f: i got 30 farming for dummies
12:24:18 [allowed] §dOink! §r§eUse a §r§6Shiny Orb §r§efrom the §r§dPig Shop §r§eto capture the shiny from this piggy!
12:24:18 [allowed] §8[§r§3240§r§8] §r§b§lᛝ §r§b[MVP§a+§b] pigdoinajig§f§r§f: lol
12:24:20 [allowed] §8[§r§736§r§8] §r§b[MVP§c+§b] oyhw§f§r§f: lol
