12:07:09 §e[SkyHanni] Reloaded 7430 items in the NEU repo§r
12:07:43 §e[SkyHanni] Looks like you updated SkyHanni. Click here to configure the newly introduced options, or run /shdefaultoptions 2.0.0 3.0.0.§r
12:07:53 §e[SkyHanni] Discord Rich Presence was unable to start! This usually happens when you join SkyBlock when Discord is not started. Please run /shrpcstart to retry once you have launched Discord.§r
12:07:54 §d§l▬▬▬▬▬▬▬▬▬▬▬▬▬▬▬▬▬▬▬▬▬▬▬▬▬▬▬▬▬▬▬▬▬▬▬▬▬▬▬▬▬▬▬▬▬▬▬▬▬▬▬▬▬▬▬▬▬▬▬▬▬▬▬▬
                          §d§lHoppity's Hunt #74 Stats


    §c§lNothing to show!
    §c§oFind some eggs in the future!
§d§l▬▬▬▬▬▬▬▬▬▬▬▬▬▬▬▬▬▬▬▬▬▬▬▬▬▬▬▬▬▬▬▬▬▬▬▬▬▬▬▬▬▬▬▬▬▬▬▬▬▬▬▬▬▬▬▬▬▬▬▬▬▬▬▬§r
12:15:58 §d§l▬▬▬▬▬▬▬▬▬▬▬▬▬▬▬▬▬▬▬▬▬▬▬▬▬▬▬▬▬▬▬▬▬▬▬▬▬▬▬▬▬▬▬▬▬▬▬▬▬▬▬▬▬▬▬▬▬▬▬▬▬▬▬▬
                          §d§lHoppity's Hunt #74 Stats


    §c§lNothing to show!
    §c§oFind some eggs in the future!
§d§l▬▬▬▬▬▬▬▬▬▬▬▬▬▬▬▬▬▬▬▬▬▬▬▬▬▬▬▬▬▬▬▬▬▬▬▬▬▬▬▬▬▬▬▬▬▬▬▬▬▬▬▬▬▬▬▬▬▬▬▬▬▬▬▬§r
12:16:23 §e[SkyHanni] You have gained §b19,044 §eBits.§r
12:16:24 §d§l▬▬▬▬▬▬▬▬▬▬▬▬▬▬▬▬▬▬▬▬▬▬▬▬▬▬▬▬▬▬▬▬▬▬▬▬▬▬▬▬▬▬▬▬▬▬▬▬▬▬▬▬▬▬▬▬▬▬▬▬▬▬▬▬
                          §d§lHoppity's Hunt #74 Stats


    §c§lNothing to show!
    §c§oFind some eggs in the future!
§d§l▬▬▬▬▬▬▬▬▬▬▬▬▬▬▬▬▬▬▬▬▬▬▬▬▬▬▬▬▬▬▬▬▬▬▬▬▬▬▬▬▬▬▬▬▬▬▬▬▬▬▬▬▬▬▬▬▬▬▬▬▬▬▬▬§r
12:16:26 §e[SkyHanni] §bYou have §3802 §bmaterials in stash, §btotalling §39 types§b. §bClick to §3pickup §byour stash!§r
12:18:47 §e[SkyHanni] §b+4 SkyBlock XP §7(Collections§7)§b (45/100)§r
12:21:44 §e[SkyHanni] §eRemoved invalid Account Upgrade information.§r
12:21:56 §e[SkyHanni] §b+10 SkyBlock XP §7(Coins Allowance Upgrade§7)§b (55/100)§r
12:22:03 §e[SkyHanni] §eRemoved invalid Profile Upgrade information.§r
12:23:27 §e[SkyHanni] §b+20 SkyBlock XP §7(Bank Upgrade§7)§b (75/100)§r
